Archive member included to satisfy reference by file (symbol)

app/libapp.a(main.cpp.obj)    (--whole-archive)
app/libapp.a(VolumeTracker.cpp.obj)
                              (--whole-archive)
app/libapp.a(OcclusionMonitor.cpp.obj)
                              (--whole-archive)
app/libapp.a(InfusionMode.cpp.obj)
                              (--whole-archive)
app/libapp.a(ConstantRateMode.cpp.obj)
                              (--whole-archive)
app/libapp.a(LinearRampMode.cpp.obj)
                              (--whole-archive)
zephyr/libzephyr.a(cpp_dtors.c.obj)
                              (--whole-archive)
zephyr/libzephyr.a(heap.c.obj)
                              (--whole-archive)
zephyr/libzephyr.a(cbprintf_packaged.c.obj)
                              (--whole-archive)
zephyr/libzephyr.a(printk.c.obj)
                              (--whole-archive)
zephyr/libzephyr.a(sem.c.obj)
                              (--whole-archive)
zephyr/libzephyr.a(thread_entry.c.obj)
                              (--whole-archive)
zephyr/libzephyr.a(cbprintf_complete.c.obj)
                              (--whole-archive)
zephyr/libzephyr.a(assert.c.obj)
                              (--whole-archive)
zephyr/libzephyr.a(reboot.c.obj)
                              (--whole-archive)
zephyr/libzephyr.a(dec.c.obj)
                              (--whole-archive)
zephyr/libzephyr.a(hex.c.obj)
                              (--whole-archive)
zephyr/libzephyr.a(rb.c.obj)  (--whole-archive)
zephyr/libzephyr.a(timeutil.c.obj)
                              (--whole-archive)
zephyr/libzephyr.a(bitarray.c.obj)
                              (--whole-archive)
zephyr/libzephyr.a(configs.c.obj)
                              (--whole-archive)
zephyr/libzephyr.a(stm32cube_hal.c.obj)
                              (--whole-archive)
zephyr/libzephyr.a(soc_config.c.obj)
                              (--whole-archive)
zephyr/libzephyr.a(soc.c.obj)
                              (--whole-archive)
zephyr/libzephyr.a(mem_attr.c.obj)
                              (--whole-archive)
zephyr/libzephyr.a(tracing_none.c.obj)
                              (--whole-archive)
zephyr/arch/common/libarch__common.a(sw_isr_common.c.obj)
                              (--whole-archive)
zephyr/arch/arch/arm/core/libarch__arm__core.a(fatal.c.obj)
                              (--whole-archive)
zephyr/arch/arch/arm/core/libarch__arm__core.a(nmi.c.obj)
                              (--whole-archive)
zephyr/arch/arch/arm/core/libarch__arm__core.a(nmi_on_reset.S.obj)
                              (--whole-archive)
zephyr/arch/arch/arm/core/libarch__arm__core.a(__aeabi_atexit.c.obj)
                              (--whole-archive)
zephyr/arch/arch/arm/core/libarch__arm__core.a(tls.c.obj)
                              (--whole-archive)
zephyr/arch/arch/arm/core/cortex_m/libarch__arm__core__cortex_m.a(exc_exit.c.obj)
                              (--whole-archive)
zephyr/arch/arch/arm/core/cortex_m/libarch__arm__core__cortex_m.a(fault.c.obj)
                              (--whole-archive)
zephyr/arch/arch/arm/core/cortex_m/libarch__arm__core__cortex_m.a(fault_s.S.obj)
                              (--whole-archive)
zephyr/arch/arch/arm/core/cortex_m/libarch__arm__core__cortex_m.a(fpu.c.obj)
                              (--whole-archive)
zephyr/arch/arch/arm/core/cortex_m/libarch__arm__core__cortex_m.a(reset.S.obj)
                              (--whole-archive)
zephyr/arch/arch/arm/core/cortex_m/libarch__arm__core__cortex_m.a(scb.c.obj)
                              (--whole-archive)
zephyr/arch/arch/arm/core/cortex_m/libarch__arm__core__cortex_m.a(thread_abort.c.obj)
                              (--whole-archive)
zephyr/arch/arch/arm/core/cortex_m/libarch__arm__core__cortex_m.a(vector_table.S.obj)
                              (--whole-archive)
zephyr/arch/arch/arm/core/cortex_m/libarch__arm__core__cortex_m.a(swap.c.obj)
                              (--whole-archive)
zephyr/arch/arch/arm/core/cortex_m/libarch__arm__core__cortex_m.a(swap_helper.S.obj)
                              (--whole-archive)
zephyr/arch/arch/arm/core/cortex_m/libarch__arm__core__cortex_m.a(irq_manage.c.obj)
                              (--whole-archive)
zephyr/arch/arch/arm/core/cortex_m/libarch__arm__core__cortex_m.a(prep_c.c.obj)
                              (--whole-archive)
zephyr/arch/arch/arm/core/cortex_m/libarch__arm__core__cortex_m.a(thread.c.obj)
                              (--whole-archive)
zephyr/arch/arch/arm/core/cortex_m/libarch__arm__core__cortex_m.a(cpu_idle.c.obj)
                              (--whole-archive)
zephyr/arch/arch/arm/core/cortex_m/libarch__arm__core__cortex_m.a(irq_init.c.obj)
                              (--whole-archive)
zephyr/arch/arch/arm/core/cortex_m/libarch__arm__core__cortex_m.a(isr_wrapper.c.obj)
                              (--whole-archive)
zephyr/arch/arch/arm/core/cortex_m/libarch__arm__core__cortex_m.a(__aeabi_read_tp.S.obj)
[...]
Memory Configuration

Name             Origin             Length             Attributes
FLASH            0x0000000008000000 0x0000000000080000 xr
RAM              0x0000000020000000 0x0000000000020000 xw
BACKUP_SRAM      0x0000000040024000 0x0000000000001000
IDT_LIST         0x00000000ffff7fff 0x0000000000008000 xw
*default*        0x0000000000000000 0xffffffffffffffff

Linker script and memory map

                0x0000000008004480                vfprintf = __l_vfprintf
                0x0000000008004938                vfscanf = __l_vfscanf
LOAD zephyr/CMakeFiles/zephyr_final.dir/misc/empty_file.c.obj
LOAD zephyr/CMakeFiles/zephyr_final.dir/isr_tables.c.obj
LOAD zephyr/CMakeFiles/offsets.dir/./arch/arm/core/offsets/offsets.c.obj
LOAD app/libapp.a
LOAD zephyr/libzephyr.a
LOAD zephyr/arch/common/libarch__common.a
LOAD zephyr/arch/arch/arm/core/libarch__arm__core.a
LOAD zephyr/arch/arch/arm/core/cortex_m/libarch__arm__core__cortex_m.a
LOAD zephyr/arch/arch/arm/core/mpu/libarch__arm__core__mpu.a
LOAD zephyr/lib/libc/picolibc/liblib__libc__picolibc.a
LOAD zephyr/lib/libc/common/liblib__libc__common.a
LOAD zephyr/drivers/interrupt_controller/libdrivers__interrupt_controller.a
LOAD zephyr/drivers/clock_control/libdrivers__clock_control.a
LOAD zephyr/drivers/console/libdrivers__console.a
LOAD zephyr/drivers/gpio/libdrivers__gpio.a
LOAD zephyr/drivers/i2c/libdrivers__i2c.a
LOAD zephyr/drivers/pinctrl/libdrivers__pinctrl.a
LOAD zephyr/drivers/pwm/libdrivers__pwm.a
LOAD zephyr/drivers/reset/libdrivers__reset.a
LOAD zephyr/drivers/sensor/st/lps22hb/libdrivers__sensor__st__lps22hb.a
LOAD zephyr/drivers/sensor/st/qdec_stm32/libdrivers__sensor__st__qdec_stm32.a
LOAD zephyr/drivers/serial/libdrivers__serial.a
LOAD zephyr/drivers/timer/libdrivers__timer.a
LOAD modules/hal_stm32/stm32cube/lib..__modules__hal__stm32__stm32cube.a
LOAD zephyr/kernel/libkernel.a
LOAD zephyr/arch/common/libisr_tables.a
LOAD /home/krishna-inc-5836/zephyr-sdk-0.17.0/arm-zephyr-eabi/bin/../lib/gcc/../../picolibc/arm-zephyr-eabi/lib/thumb/v7e-m/nofp/libstdc++.a
LOAD /home/krishna-inc-5836/zephyr-sdk-0.17.0/arm-zephyr-eabi/bin/../lib/gcc/../../picolibc/arm-zephyr-eabi/lib/thumb/v7e-m/nofp/libc.a
LOAD /home/krishna-inc-5836/zephyr-sdk-0.17.0/arm-zephyr-eabi/bin/../lib/gcc/arm-zephyr-eabi/12.2.0/thumb/v7e-m/nofp/libgcc.a
                0x0000000000000020                _region_min_align = 0x20

.rel.plt        0x0000000008000000        0x0
 *(SORT_BY_ALIGNMENT(.rel.plt))
                [!provide]                        PROVIDE (__rel_iplt_start = .)
 *(SORT_BY_ALIGNMENT(.rel.iplt))
 .rel.iplt      0x0000000008000000        0x0 zephyr/CMakeFiles/zephyr_final.dir/isr_tables.c.obj
                [!provide]                        PROVIDE (__rel_iplt_end = .)

.rela.plt       0x0000000000000000        0x0
 *(SORT_BY_ALIGNMENT(.rela.plt))
                [!provide]                        PROVIDE (__rela_iplt_start = .)
 *(SORT_BY_ALIGNMENT(.rela.iplt))
                [!provide]                        PROVIDE (__rela_iplt_end = .)

.rel.dyn
 *(SORT_BY_ALIGNMENT(.rel.*))

.rela.dyn
 *(SORT_BY_ALIGNMENT(.rela.*))

/DISCARD/
 *(SORT_BY_ALIGNMENT(.plt))

/DISCARD/
 *(SORT_BY_ALIGNMENT(.iplt))
                0x0000000008000000                __rom_region_start = 0x8000000

rom_start       0x0000000008000000      0x1c4
                0x0000000008000000                __rom_start_address = .
 FILL mask 0x00
                0x0000000008000000                . = (. + (0x0 - (. - __rom_start_address)))
                0x0000000008000000                . = ALIGN (0x4)
                0x0000000008000000                . = ALIGN (0x80)
                0x0000000008000000                . = ALIGN (0x200)
                0x0000000008000000                _vector_start = .
 *(SORT_BY_ALIGNMENT(.exc_vector_table))
 *(SORT_BY_ALIGNMENT(.exc_vector_table.*))
 .exc_vector_table._vector_table_section
                0x0000000008000000       0x40 zephyr/arch/arch/arm/core/cortex_m/libarch__arm__core__cortex_m.a(vector_table.S.obj)
                0x0000000008000000                _vector_table
 *(SORT_BY_ALIGNMENT(.vectors))
                0x00000000080001c4                _vector_end = .
                0x0000000008000040                . = ALIGN (0x4)
 *(SORT_BY_ALIGNMENT(.gnu.linkonce.irq_vector_table*))
 .gnu.linkonce.irq_vector_table
                0x0000000008000040      0x184 zephyr/CMakeFiles/zephyr_final.dir/isr_tables.c.obj
                0x0000000008000040                _irq_vector_table
                0x00000000080001c4                _vector_end = .

text            0x00000000080001c4     0x6474
                0x00000000080001c4                __text_region_start = .
 *(SORT_BY_ALIGNMENT(.text))
 .text          0x00000000080001c4      0x21c /home/krishna-inc-5836/zephyr-sdk-0.17.0/arm-zephyr-eabi/bin/../lib/gcc/arm-zephyr-eabi/12.2.0/thumb/v7e-m/nofp/libgcc.a(_arm_addsubsf3.o)
                0x00000000080001c4                __aeabi_frsub
                0x00000000080001cc                __subsf3
                0x00000000080001cc                __aeabi_fsub
                0x00000000080001d0                __aeabi_fadd
                0x00000000080001d0                __addsf3
                0x0000000008000330                __aeabi_ui2f
                0x0000000008000330                __floatunsisf
                0x0000000008000338                __aeabi_i2f
                0x0000000008000338                __floatsisf
                0x0000000008000354                __floatundisf
                0x0000000008000354                __aeabi_ul2f
                0x0000000008000364                __floatdisf
                0x0000000008000364                __aeabi_l2f
 .text          0x00000000080003e0      0x2a0 /home/krishna-inc-5836/zephyr-sdk-0.17.0/arm-zephyr-eabi/bin/../lib/gcc/arm-zephyr-eabi/12.2.0/thumb/v7e-m/nofp/libgcc.a(_arm_muldivsf3.o)
                0x00000000080003e0                __mulsf3
                0x00000000080003e0                __aeabi_fmul
                0x0000000008000548                __divsf3
                0x0000000008000548                __aeabi_fdiv
 .text          0x0000000008000680       0xec /home/krishna-inc-5836/zephyr-sdk-0.17.0/arm-zephyr-eabi/bin/../lib/gcc/arm-zephyr-eabi/12.2.0/thumb/v7e-m/nofp/libgcc.a(_arm_cmpsf2.o)
                0x0000000008000680                __gtsf2
                0x0000000008000680                __gesf2
                0x0000000008000688                __lesf2
                0x0000000008000688                __ltsf2
                0x0000000008000690                __nesf2
                0x0000000008000690                __eqsf2
                0x0000000008000690                __cmpsf2
                0x00000000080006f0                __aeabi_cfrcmple
                0x00000000080006f8                __aeabi_cfcmple
                0x00000000080006f8                __aeabi_cfcmpeq
                0x0000000008000708                __aeabi_fcmpeq
                0x000000000800071c                __aeabi_fcmplt
                0x0000000008000730                __aeabi_fcmple
                0x0000000008000744                __aeabi_fcmpge
                0x0000000008000758                __aeabi_fcmpgt
 .text          0x000000000800076c       0x4c /home/krishna-inc-5836/zephyr-sdk-0.17.0/arm-zephyr-eabi/bin/../lib/gcc/arm-zephyr-eabi/12.2.0/thumb/v7e-m/nofp/libgcc.a(_arm_fixsfsi.o)
                0x000000000800076c                __fixsfsi
                0x000000000800076c                __aeabi_f2iz
 .text          0x00000000080007b8       0x40 /home/krishna-inc-5836/zephyr-sdk-0.17.0/arm-zephyr-eabi/bin/../lib/gcc/arm-zephyr-eabi/12.2.0/thumb/v7e-m/nofp/libgcc.a(_arm_fixunssfsi.o)
                0x00000000080007b8                __aeabi_f2uiz
                0x00000000080007b8                __fixunssfsi
 .text          0x00000000080007f8       0x30 /home/krishna-inc-5836/zephyr-sdk-0.17.0/arm-zephyr-eabi/bin/../lib/gcc/arm-zephyr-eabi/12.2.0/thumb/v7e-m/nofp/libgcc.a(_aeabi_uldivmod.o)
                0x00000000080007f8                __aeabi_uldivmod
 .text          0x0000000008000828        0x4 /home/krishna-inc-5836/zephyr-sdk-0.17.0/arm-zephyr-eabi/bin/../lib/gcc/arm-zephyr-eabi/12.2.0/thumb/v7e-m/nofp/libgcc.a(_dvmd_tls.o)
                0x0000000008000828                __aeabi_ldiv0
                0x0000000008000828                __aeabi_idiv0
 .text          0x000000000800082c      0x2a0 /home/krishna-inc-5836/zephyr-sdk-0.17.0/arm-zephyr-eabi/bin/../lib/gcc/arm-zephyr-eabi/12.2.0/thumb/v7e-m/nofp/libgcc.a(_udivmoddi4.o)
                0x000000000800082c                __udivmoddi4
 *(SORT_BY_ALIGNMENT(.text.*))
 .text._ZNK19ZephyrEncoderDriver8getTicksEv
                0x0000000008000acc       0x20 app/libapp.a(main.cpp.obj)
                0x0000000008000acc                ZephyrEncoderDriver::getTicks() const
 .text._ZL10uart_rx_fnPvS_S_
                0x0000000008000aec      0x26c app/libapp.a(main.cpp.obj)
 .text.LL_GPIO_SetAFPin_0_7.constprop.0
                0x0000000008000d58       0x34 app/libapp.a(main.cpp.obj)
 .text.LL_GPIO_SetPinPull.constprop.0
                0x0000000008000d8c       0x34 app/libapp.a(main.cpp.obj)
 .text.LL_GPIO_SetPinSpeed.constprop.0
                0x0000000008000dc0       0x34 app/libapp.a(main.cpp.obj)
 .text.LL_GPIO_SetPinMode.constprop.0
                0x0000000008000df4       0x34 app/libapp.a(main.cpp.obj)
 .text._ZNK20ZephyrPressureSensor15readPressureHPaEv
                0x0000000008000e28       0x5c app/libapp.a(main.cpp.obj)
                0x0000000008000e28                ZephyrPressureSensor::readPressureHPa() const
 .text._ZL16infusion_tick_fnPvS_S_
                0x0000000008000e84       0x20 app/libapp.a(main.cpp.obj)
 .text._ZN19ZephyrEncoderDriverC2Ev
                0x0000000008000ea4       0xb0 app/libapp.a(main.cpp.obj)
                0x0000000008000ea4                ZephyrEncoderDriver::ZephyrEncoderDriver()
                0x0000000008000ea4                ZephyrEncoderDriver::ZephyrEncoderDriver()
 .text._ZN17UartAlarmObserver14onAlarmClearedE9AlarmType
                0x0000000008000f54       0x10 app/libapp.a(main.cpp.obj)
                0x0000000008000f54                UartAlarmObserver::onAlarmCleared(AlarmType)
 .text._ZN17UartAlarmObserver7onAlarmE9AlarmType
                0x0000000008000f64       0x1c app/libapp.a(main.cpp.obj)
                0x0000000008000f64                UartAlarmObserver::onAlarm(AlarmType)
 .text.main     0x0000000008000f80      0x2a8 app/libapp.a(main.cpp.obj)
                0x0000000008000f80                main
 .text._ZN12InfusionModeC2ER14IStepperDriverR14IEncoderDriverR13VolumeTrackerR16OcclusionMonitorj
                0x0000000008001228       0x24 app/libapp.a(InfusionMode.cpp.obj)
                0x0000000008001228                InfusionMode::InfusionMode(IStepperDriver&, IEncoderDriver&, VolumeTracker&, OcclusionMonitor&, unsigned int)
                0x0000000008001228                InfusionMode::InfusionMode(IStepperDriver&, IEncoderDriver&, VolumeTracker&, OcclusionMonitor&, unsigned int)
 .text._ZN12InfusionMode5startEv
                0x000000000800124c       0x40 app/libapp.a(InfusionMode.cpp.obj)
                0x000000000800124c                InfusionMode::start()
 .text._ZN12InfusionMode4stopEv
                0x000000000800128c       0x20 app/libapp.a(InfusionMode.cpp.obj)
                0x000000000800128c                InfusionMode::stop()
 .text._ZN12InfusionMode5pauseEv
                0x00000000080012ac       0x20 app/libapp.a(InfusionMode.cpp.obj)
                0x00000000080012ac                InfusionMode::pause()
 .text._ZN12InfusionMode6resumeEv
                0x00000000080012cc       0x20 app/libapp.a(InfusionMode.cpp.obj)
                0x00000000080012cc                InfusionMode::resume()
 .text._ZN12InfusionMode9applyRateEf
                0x00000000080012ec       0x40 app/libapp.a(InfusionMode.cpp.obj)
                0x00000000080012ec                InfusionMode::applyRate(float)
 .text._ZN16ConstantRateModeC2ER14IStepperDriverR14IEncoderDriverR13VolumeTrackerR16OcclusionMonitorjf
                0x000000000800132c       0x24 app/libapp.a(ConstantRateMode.cpp.obj)
                0x000000000800132c                ConstantRateMode::ConstantRateMode(IStepperDriver&, IEncoderDriver&, VolumeTracker&, OcclusionMonitor&, unsigned int, float)
                0x000000000800132c                ConstantRateMode::ConstantRateMode(IStepperDriver&, IEncoderDriver&, VolumeTracker&, OcclusionMonitor&, unsigned int, float)
 .text._ZN14LinearRampModeC2ER14IStepperDriverR14IEncoderDriverR13VolumeTrackerR16OcclusionMonitorjffj
                0x0000000008001350       0x30 app/libapp.a(LinearRampMode.cpp.obj)
                0x0000000008001350                LinearRampMode::LinearRampMode(IStepperDriver&, IEncoderDriver&, VolumeTracker&, OcclusionMonitor&, unsigned int, float, float, unsigned int)
                0x0000000008001350                LinearRampMode::LinearRampMode(IStepperDriver&, IEncoderDriver&, VolumeTracker&, OcclusionMonitor&, unsigned int, float, float, unsigned int)
 .text.char_out
                0x0000000008001380        0xc zephyr/libzephyr.a(printk.c.obj)
 .text.__printk_hook_install
                0x000000000800138c        0xc zephyr/libzephyr.a(printk.c.obj)
                0x000000000800138c                __printk_hook_install
 .text.vprintk  0x0000000008001398       0x30 zephyr/libzephyr.a(printk.c.obj)
                0x0000000008001398                vprintk
 .text.z_thread_entry
                0x00000000080013c8       0x34 zephyr/libzephyr.a(thread_entry.c.obj)
                0x00000000080013c8                z_thread_entry
 .text.st_stm32_common_config
                0x00000000080013fc       0x14 zephyr/libzephyr.a(soc_config.c.obj)
 .text.soc_early_init_hook
                0x0000000008001410       0x30 zephyr/libzephyr.a(soc.c.obj)
                0x0000000008001410                soc_early_init_hook
 .text.mem_attr_get_regions
                0x0000000008001440        0xc zephyr/libzephyr.a(mem_attr.c.obj)
                0x0000000008001440                mem_attr_get_regions
 .text.z_arm_nmi
                0x000000000800144c       0x14 zephyr/arch/arch/arm/core/libarch__arm__core.a(nmi.c.obj)
                0x000000000800144c                z_arm_nmi
 .text.z_SysNmiOnReset
                0x0000000008001460        0x8 zephyr/arch/arch/arm/core/libarch__arm__core.a(nmi_on_reset.S.obj)
                0x0000000008001460                z_SysNmiOnReset
 .text.arch_tls_stack_setup
                0x0000000008001468       0x40 zephyr/arch/arch/arm/core/libarch__arm__core.a(tls.c.obj)
                0x0000000008001468                arch_tls_stack_setup
 .text._HandlerModeExit
                0x00000000080014a8       0x28 zephyr/arch/arch/arm/core/cortex_m/libarch__arm__core__cortex_m.a(exc_exit.c.obj)
                0x00000000080014a8                z_arm_exc_exit
                0x00000000080014a8                z_arm_int_exit
 .text.mem_manage_fault
                0x00000000080014d0       0xa0 zephyr/arch/arch/arm/core/cortex_m/libarch__arm__core__cortex_m.a(fault.c.obj)
 .text.usage_fault.constprop.0
                0x0000000008001570       0x54 zephyr/arch/arch/arm/core/cortex_m/libarch__arm__core__cortex_m.a(fault.c.obj)
 .text.bus_fault.constprop.0
                0x00000000080015c4       0x6c zephyr/arch/arch/arm/core/cortex_m/libarch__arm__core__cortex_m.a(fault.c.obj)
 .text.z_arm_fault
                0x0000000008001630      0x128 zephyr/arch/arch/arm/core/cortex_m/libarch__arm__core__cortex_m.a(fault.c.obj)
                0x0000000008001630                z_arm_fault
 .text.z_arm_fault_init
                0x0000000008001758       0x18 zephyr/arch/arch/arm/core/cortex_m/libarch__arm__core__cortex_m.a(fault.c.obj)
                0x0000000008001758                z_arm_fault_init
 .text.__fault  0x0000000008001770       0x14 zephyr/arch/arch/arm/core/cortex_m/libarch__arm__core__cortex_m.a(fault_s.S.obj)
                0x0000000008001770                z_arm_bus_fault
                0x0000000008001770                z_arm_usage_fault
                0x0000000008001770                z_arm_mpu_fault
                0x0000000008001770                z_arm_exc_spurious
                0x0000000008001770                z_arm_debug_monitor
                0x0000000008001770                z_arm_hard_fault
 .text._reset_section
                0x0000000008001784       0x2c zephyr/arch/arch/arm/core/cortex_m/libarch__arm__core__cortex_m.a(reset.S.obj)
                0x0000000008001784                z_arm_reset
                0x0000000008001784                __start
 .text.z_impl_k_thread_abort
                0x00000000080017b0       0x2c zephyr/arch/arch/arm/core/cortex_m/libarch__arm__core__cortex_m.a(thread_abort.c.obj)
                0x00000000080017b0                z_impl_k_thread_abort
 .text.arch_swap
                0x00000000080017dc       0x30 zephyr/arch/arch/arm/core/cortex_m/libarch__arm__core__cortex_m.a(swap.c.obj)
                0x00000000080017dc                arch_swap
 .text.z_arm_pendsv
                0x000000000800180c       0x64 zephyr/arch/arch/arm/core/cortex_m/libarch__arm__core__cortex_m.a(swap_helper.S.obj)
                0x000000000800180c                z_arm_pendsv
 .text.z_arm_svc
                0x0000000008001870       0x24 zephyr/arch/arch/arm/core/cortex_m/libarch__arm__core__cortex_m.a(swap_helper.S.obj)
                0x0000000008001870                z_arm_svc
 .text.arch_irq_enable
                0x0000000008001894       0x1c zephyr/arch/arch/arm/core/cortex_m/libarch__arm__core__cortex_m.a(irq_manage.c.obj)
                0x0000000008001894                arch_irq_enable
 .text.z_arm_irq_priority_set
                0x00000000080018b0       0x30 zephyr/arch/arch/arm/core/cortex_m/libarch__arm__core__cortex_m.a(irq_manage.c.obj)
                0x00000000080018b0                z_arm_irq_priority_set
 .text.z_prep_c
                0x00000000080018e0       0x48 zephyr/arch/arch/arm/core/cortex_m/libarch__arm__core__cortex_m.a(prep_c.c.obj)
                0x00000000080018e0                z_prep_c
 .text.arch_new_thread
                0x0000000008001928       0x38 zephyr/arch/arch/arm/core/cortex_m/libarch__arm__core__cortex_m.a(thread.c.obj)
                0x0000000008001928                arch_new_thread
 .text.z_check_thread_stack_fail
                0x0000000008001960       0x2c zephyr/arch/arch/arm/core/cortex_m/libarch__arm__core__cortex_m.a(thread.c.obj)
                0x0000000008001960                z_check_thread_stack_fail
 .text.arch_switch_to_main_thread
                0x000000000800198c       0x44 zephyr/arch/arch/arm/core/cortex_m/libarch__arm__core__cortex_m.a(thread.c.obj)
                0x000000000800198c                arch_switch_to_main_thread
 .text.z_arm_cpu_idle_init
                0x00000000080019d0        0xc zephyr/arch/arch/arm/core/cortex_m/libarch__arm__core__cortex_m.a(cpu_idle.c.obj)
                0x00000000080019d0                z_arm_cpu_idle_init
 .text.z_arm_interrupt_init
                0x00000000080019dc       0x18 zephyr/arch/arch/arm/core/cortex_m/libarch__arm__core__cortex_m.a(irq_init.c.obj)
                0x00000000080019dc                z_arm_interrupt_init
 .text._isr_wrapper
                0x00000000080019f4       0x24 zephyr/arch/arch/arm/core/cortex_m/libarch__arm__core__cortex_m.a(isr_wrapper.c.obj)
                0x00000000080019f4                _isr_wrapper
 .text.z_arm_configure_static_mpu_regions
                0x0000000008001a18       0x18 zephyr/arch/arch/arm/core/mpu/libarch__arm__core__mpu.a(arm_core_mpu.c.obj)
                0x0000000008001a18                z_arm_configure_static_mpu_regions
 .text.z_arm_configure_dynamic_mpu_regions
                0x0000000008001a30       0x20 zephyr/arch/arch/arm/core/mpu/libarch__arm__core__mpu.a(arm_core_mpu.c.obj)
                0x0000000008001a30                z_arm_configure_dynamic_mpu_regions
 .text.region_init
                0x0000000008001a50       0x28 zephyr/arch/arch/arm/core/mpu/libarch__arm__core__mpu.a(arm_mpu.c.obj)
 .text.mpu_configure_regions
                0x0000000008001a78       0x6c zephyr/arch/arch/arm/core/mpu/libarch__arm__core__mpu.a(arm_mpu.c.obj)
 .text.arm_core_mpu_enable
                0x0000000008001ae4       0x18 zephyr/arch/arch/arm/core/mpu/libarch__arm__core__mpu.a(arm_mpu.c.obj)
                0x0000000008001ae4                arm_core_mpu_enable
 .text.arm_core_mpu_disable
                0x0000000008001afc       0x14 zephyr/arch/arch/arm/core/mpu/libarch__arm__core__mpu.a(arm_mpu.c.obj)
                0x0000000008001afc                arm_core_mpu_disable
 .text.arm_core_mpu_configure_static_mpu_regions
                0x0000000008001b10       0x14 zephyr/arch/arch/arm/core/mpu/libarch__arm__core__mpu.a(arm_mpu.c.obj)
                0x0000000008001b10                arm_core_mpu_configure_static_mpu_regions
 .text.arm_core_mpu_configure_dynamic_mpu_regions
                0x0000000008001b24       0x38 zephyr/arch/arch/arm/core/mpu/libarch__arm__core__mpu.a(arm_mpu.c.obj)
                0x0000000008001b24                arm_core_mpu_configure_dynamic_mpu_regions
 .text.z_arm_mpu_init
                0x0000000008001b5c      0x168 zephyr/arch/arch/arm/core/mpu/libarch__arm__core__mpu.a(arm_mpu.c.obj)
                0x0000000008001b5c                z_arm_mpu_init
 .text.z_impl_zephyr_fputc
                0x0000000008001cc4       0x10 zephyr/lib/libc/picolibc/liblib__libc__picolibc.a(libc-hooks.c.obj)
                0x0000000008001cc4                z_impl_zephyr_fputc
 .text.__stdout_hook_install
                0x0000000008001cd4       0x18 zephyr/lib/libc/picolibc/liblib__libc__picolibc.a(libc-hooks.c.obj)
                0x0000000008001cd4                __stdout_hook_install
 .text.malloc_prepare
                0x0000000008001cec       0x24 zephyr/lib/libc/common/liblib__libc__common.a(malloc.c.obj)
 .text.malloc_lock
                0x0000000008001d10       0x14 zephyr/lib/libc/common/liblib__libc__common.a(malloc.c.obj)
 .text.malloc_unlock
                0x0000000008001d24        0xc zephyr/lib/libc/common/liblib__libc__common.a(malloc.c.obj)
 .text.free     0x0000000008001d30       0x1c zephyr/lib/libc/common/liblib__libc__common.a(malloc.c.obj)
                0x0000000008001d30                free
 .text.stm32_exti_isr
                0x0000000008001d4c       0x50 zephyr/drivers/interrupt_controller/libdrivers__interrupt_controller.a(intc_exti_stm32.c.obj)
 .text.stm32_fill_irq_table
                0x0000000008001d9c       0x18 zephyr/drivers/interrupt_controller/libdrivers__interrupt_controller.a(intc_exti_stm32.c.obj)
 .text.stm32_exti_init
                0x0000000008001db4       0xb4 zephyr/drivers/interrupt_controller/libdrivers__interrupt_controller.a(intc_exti_stm32.c.obj)
 .text.stm32_gpio_intc_enable_line
                0x0000000008001e68       0x2c zephyr/drivers/interrupt_controller/libdrivers__interrupt_controller.a(intc_exti_stm32.c.obj)
                0x0000000008001e68                stm32_gpio_intc_enable_line
 .text.stm32_gpio_intc_disable_line
                0x0000000008001e94       0x10 zephyr/drivers/interrupt_controller/libdrivers__interrupt_controller.a(intc_exti_stm32.c.obj)
                0x0000000008001e94                stm32_gpio_intc_disable_line
 .text.stm32_gpio_intc_select_line_trigger
                0x0000000008001ea4       0x50 zephyr/drivers/interrupt_controller/libdrivers__interrupt_controller.a(intc_exti_stm32.c.obj)
                0x0000000008001ea4                stm32_gpio_intc_select_line_trigger
 .text.stm32_gpio_intc_set_irq_callback
                0x0000000008001ef4       0x40 zephyr/drivers/interrupt_controller/libdrivers__interrupt_controller.a(intc_exti_stm32.c.obj)
                0x0000000008001ef4                stm32_gpio_intc_set_irq_callback
 .text.stm32_gpio_intc_remove_irq_callback
                0x0000000008001f34       0x24 zephyr/drivers/interrupt_controller/libdrivers__interrupt_controller.a(intc_exti_stm32.c.obj)
                0x0000000008001f34                stm32_gpio_intc_remove_irq_callback
 .text.stm32_exti_get_line_src_port
                0x0000000008001f58       0x30 zephyr/drivers/interrupt_controller/libdrivers__interrupt_controller.a(intc_exti_stm32.c.obj)
                0x0000000008001f58                stm32_exti_get_line_src_port
 .text.stm32_clock_control_get_subsys_rate
                0x0000000008001f88       0x80 zephyr/drivers/clock_control/libdrivers__clock_control.a(clock_stm32_ll_common.c.obj)
 .text.stm32_clock_control_init
                0x0000000008002008      0x11c zephyr/drivers/clock_control/libdrivers__clock_control.a(clock_stm32_ll_common.c.obj)
                0x0000000008002008                stm32_clock_control_init
 .text.get_pllsrc_frequency
                0x0000000008002124        0x8 zephyr/drivers/clock_control/libdrivers__clock_control.a(clock_stm32f2_f4_f7.c.obj)
                0x0000000008002124                get_pllsrc_frequency
 .text.config_pll_sysclock
                0x000000000800212c       0x34 zephyr/drivers/clock_control/libdrivers__clock_control.a(clock_stm32f2_f4_f7.c.obj)
                0x000000000800212c                config_pll_sysclock
 .text.config_enable_default_clocks
                0x0000000008002160       0x20 zephyr/drivers/clock_control/libdrivers__clock_control.a(clock_stm32f2_f4_f7.c.obj)
                0x0000000008002160                config_enable_default_clocks
 .text.uart_console_init
                0x0000000008002180       0x28 zephyr/drivers/console/libdrivers__console.a(uart_console.c.obj)
 .text.console_out
                0x00000000080021a8       0x28 zephyr/drivers/console/libdrivers__console.a(uart_console.c.obj)
 .text.gpio_stm32_pin_interrupt_configure
                0x00000000080021d0       0xb0 zephyr/drivers/gpio/libdrivers__gpio.a(gpio_stm32.c.obj)
 .text.gpio_stm32_init
                0x0000000008002280       0x30 zephyr/drivers/gpio/libdrivers__gpio.a(gpio_stm32.c.obj)
 .text.stm32_i2c_configure_timing
                0x00000000080022b0       0xa8 zephyr/drivers/i2c/libdrivers__i2c.a(i2c_ll_stm32_v1.c.obj)
                0x00000000080022b0                stm32_i2c_configure_timing
 .text.i2c_stm32_runtime_configure
                0x0000000008002358       0x6c zephyr/drivers/i2c/libdrivers__i2c.a(i2c_ll_stm32.c.obj)
                0x0000000008002358                i2c_stm32_runtime_configure
 .text.i2c_stm32_init
                0x00000000080023c4       0xe8 zephyr/drivers/i2c/libdrivers__i2c.a(i2c_ll_stm32.c.obj)
 .text.pinctrl_configure_pins
                0x00000000080024ac       0x84 zephyr/drivers/pinctrl/libdrivers__pinctrl.a(pinctrl_stm32.c.obj)
                0x00000000080024ac                pinctrl_configure_pins
 .text.LL_TIM_OC_GetPolarity
                0x0000000008002530       0x50 zephyr/drivers/pwm/libdrivers__pwm.a(pwm_stm32.c.obj)
 .text.pwm_stm32_set_cycles
                0x0000000008002580      0x20c zephyr/drivers/pwm/libdrivers__pwm.a(pwm_stm32.c.obj)
 .text.pwm_stm32_init
                0x000000000800278c       0xe0 zephyr/drivers/pwm/libdrivers__pwm.a(pwm_stm32.c.obj)
 .text.lps22hb_channel_get
                0x000000000800286c       0x54 zephyr/drivers/sensor/st/lps22hb/libdrivers__sensor__st__lps22hb.a(lps22hb.c.obj)
 .text.qdec_stm32_initialize
                0x00000000080028c0       0xcc zephyr/drivers/sensor/st/qdec_stm32/libdrivers__sensor__st__qdec_stm32.a(qdec_stm32.c.obj)
 .text.uart_stm32_parameters_set
                0x000000000800298c       0xf8 zephyr/drivers/serial/libdrivers__serial.a(uart_stm32.c.obj)
 .text.uart_stm32_configure
                0x0000000008002a84      0x154 zephyr/drivers/serial/libdrivers__serial.a(uart_stm32.c.obj)
 .text.uart_stm32_init
                0x0000000008002bd8       0xa8 zephyr/drivers/serial/libdrivers__serial.a(uart_stm32.c.obj)
 .text.elapsed  0x0000000008002c80       0x4c zephyr/drivers/timer/libdrivers__timer.a(cortex_m_systick.c.obj)
 .text.sys_clock_driver_init
                0x0000000008002ccc       0x38 zephyr/drivers/timer/libdrivers__timer.a(cortex_m_systick.c.obj)
 .text.sys_clock_isr
                0x0000000008002d04       0x60 zephyr/drivers/timer/libdrivers__timer.a(cortex_m_systick.c.obj)
                0x0000000008002d04                sys_clock_isr
 .text.sys_clock_set_timeout
                0x0000000008002d64       0xf8 zephyr/drivers/timer/libdrivers__timer.a(cortex_m_systick.c.obj)
                0x0000000008002d64                sys_clock_set_timeout
 .text.sys_clock_elapsed
                0x0000000008002e5c       0x3c zephyr/drivers/timer/libdrivers__timer.a(cortex_m_systick.c.obj)
                0x0000000008002e5c                sys_clock_elapsed
 .text.sys_clock_cycle_get_32
                0x0000000008002e98       0x28 zephyr/drivers/timer/libdrivers__timer.a(cortex_m_systick.c.obj)
                0x0000000008002e98                sys_clock_cycle_get_32
 .text.HAL_RCC_GetSysClockFreq
                0x0000000008002ec0       0x90 modules/hal_stm32/stm32cube/lib..__modules__hal__stm32__stm32cube.a(stm32f4xx_hal_rcc_ex.c.obj)
                0x0000000008002ec0                HAL_RCC_GetSysClockFreq
 .text.RCC_GetHCLKClockFreq
                0x0000000008002f50       0x18 modules/hal_stm32/stm32cube/lib..__modules__hal__stm32__stm32cube.a(stm32f4xx_ll_rcc.c.obj)
                0x0000000008002f50                RCC_GetHCLKClockFreq
 .text.RCC_GetPCLK1ClockFreq
                0x0000000008002f68       0x18 modules/hal_stm32/stm32cube/lib..__modules__hal__stm32__stm32cube.a(stm32f4xx_ll_rcc.c.obj)
                0x0000000008002f68                RCC_GetPCLK1ClockFreq
 .text.RCC_GetPCLK2ClockFreq
                0x0000000008002f80       0x18 modules/hal_stm32/stm32cube/lib..__modules__hal__stm32__stm32cube.a(stm32f4xx_ll_rcc.c.obj)
                0x0000000008002f80                RCC_GetPCLK2ClockFreq
 .text.RCC_PLL_GetFreqDomain_SYS
                0x0000000008002f98       0x48 modules/hal_stm32/stm32cube/lib..__modules__hal__stm32__stm32cube.a(stm32f4xx_ll_rcc.c.obj)
                0x0000000008002f98                RCC_PLL_GetFreqDomain_SYS
 .text.RCC_GetSystemClockFreq
                0x0000000008002fe0       0x30 modules/hal_stm32/stm32cube/lib..__modules__hal__stm32__stm32cube.a(stm32f4xx_ll_rcc.c.obj)
                0x0000000008002fe0                RCC_GetSystemClockFreq
 .text.LL_TIM_Init
                0x0000000008003010       0xac modules/hal_stm32/stm32cube/lib..__modules__hal__stm32__stm32cube.a(stm32f4xx_ll_tim.c.obj)
                0x0000000008003010                LL_TIM_Init
 .text.LL_TIM_OC_Init
                0x00000000080030bc      0x1b0 modules/hal_stm32/stm32cube/lib..__modules__hal__stm32__stm32cube.a(stm32f4xx_ll_tim.c.obj)
                0x00000000080030bc                LL_TIM_OC_Init
 .text.LL_SetFlashLatency
                0x000000000800326c      0x1bc modules/hal_stm32/stm32cube/lib..__modules__hal__stm32__stm32cube.a(stm32f4xx_ll_utils.c.obj)
                0x000000000800326c                LL_SetFlashLatency
 .text.z_fatal_error
                0x0000000008003428       0x30 zephyr/kernel/libkernel.a(fatal.c.obj)
                0x0000000008003428                z_fatal_error
 .text.z_sys_init_run_level
                0x0000000008003458       0x2c zephyr/kernel/libkernel.a(init.c.obj)
 .text.bg_thread_main
                0x0000000008003484       0xc4 zephyr/kernel/libkernel.a(init.c.obj)
 .text.z_bss_zero
                0x0000000008003548       0x18 zephyr/kernel/libkernel.a(init.c.obj)
                0x0000000008003548                z_bss_zero
 .text.z_init_cpu
                0x0000000008003560       0x70 zephyr/kernel/libkernel.a(init.c.obj)
                0x0000000008003560                z_init_cpu
 .text.z_cstart
                0x00000000080035d0       0xdc zephyr/kernel/libkernel.a(init.c.obj)
                0x00000000080035d0                z_cstart
 .text.__do_global_ctors_aux
                0x00000000080036ac       0x1c zephyr/kernel/libkernel.a(init_static.c.obj)
                0x00000000080036ac                __do_global_ctors_aux
 .text.__do_init_array_aux
                0x00000000080036c8       0x1c zephyr/kernel/libkernel.a(init_static.c.obj)
                0x00000000080036c8                __do_init_array_aux
 .text.z_impl_k_mutex_lock
                0x00000000080036e4       0xf0 zephyr/kernel/libkernel.a(mutex.c.obj)
                0x00000000080036e4                z_impl_k_mutex_lock
 .text.z_impl_k_mutex_unlock
                0x00000000080037d4       0xa0 zephyr/kernel/libkernel.a(mutex.c.obj)
                0x00000000080037d4                z_impl_k_mutex_unlock
 .text.z_impl_k_sem_give
                0x0000000008003874       0x68 zephyr/kernel/libkernel.a(sem.c.obj)
                0x0000000008003874                z_impl_k_sem_give
 .text.z_impl_k_sem_take
                0x00000000080038dc       0x4c zephyr/kernel/libkernel.a(sem.c.obj)
                0x00000000080038dc                z_impl_k_sem_take
 .text.z_impl_k_sem_reset
                0x0000000008003928       0x60 zephyr/kernel/libkernel.a(sem.c.obj)
                0x0000000008003928                z_impl_k_sem_reset
 .text.z_setup_new_thread
                0x0000000008003988       0x98 zephyr/kernel/libkernel.a(thread.c.obj)
                0x0000000008003988                z_setup_new_thread
 .text.z_impl_k_thread_create
                0x0000000008003a20       0x58 zephyr/kernel/libkernel.a(thread.c.obj)
                0x0000000008003a20                z_impl_k_thread_create
 .text.unready_thread
                0x0000000008003a78       0x54 zephyr/kernel/libkernel.a(sched.c.obj)
 .text.ready_thread
                0x0000000008003acc       0x8c zephyr/kernel/libkernel.a(sched.c.obj)
 .text.z_thread_halt
                0x0000000008003b58      0x10c zephyr/kernel/libkernel.a(sched.c.obj)
 .text.move_thread_to_end_of_prio_q
                0x0000000008003c64       0x94 zephyr/kernel/libkernel.a(sched.c.obj)
                0x0000000008003c64                move_thread_to_end_of_prio_q
 .text.z_pend_curr
                0x0000000008003cf8       0x58 zephyr/kernel/libkernel.a(sched.c.obj)
                0x0000000008003cf8                z_pend_curr
 .text.z_thread_prio_set
                0x0000000008003d50       0x9c zephyr/kernel/libkernel.a(sched.c.obj)
                0x0000000008003d50                z_thread_prio_set
 .text.z_reschedule
                0x0000000008003dec       0x24 zephyr/kernel/libkernel.a(sched.c.obj)
                0x0000000008003dec                z_reschedule
 .text.z_sched_start
                0x0000000008003e10       0x3c zephyr/kernel/libkernel.a(sched.c.obj)
                0x0000000008003e10                z_sched_start
 .text.z_reschedule_irqlock
                0x0000000008003e4c       0x28 zephyr/kernel/libkernel.a(sched.c.obj)
                0x0000000008003e4c                z_reschedule_irqlock
 .text.k_sched_lock
                0x0000000008003e74       0x28 zephyr/kernel/libkernel.a(sched.c.obj)
                0x0000000008003e74                k_sched_lock
 .text.k_sched_unlock
                0x0000000008003e9c       0x68 zephyr/kernel/libkernel.a(sched.c.obj)
                0x0000000008003e9c                k_sched_unlock
 .text.z_sched_init
                0x0000000008003f04       0x10 zephyr/kernel/libkernel.a(sched.c.obj)
                0x0000000008003f04                z_sched_init
 .text.z_impl_k_yield
                0x0000000008003f14       0x8c zephyr/kernel/libkernel.a(sched.c.obj)
                0x0000000008003f14                z_impl_k_yield
 .text.z_tick_sleep
                0x0000000008003fa0       0x88 zephyr/kernel/libkernel.a(sched.c.obj)
 .text.z_impl_k_sleep
                0x0000000008004028       0x3c zephyr/kernel/libkernel.a(sched.c.obj)
                0x0000000008004028                z_impl_k_sleep
 .text.z_impl_k_sched_current_thread_query
                0x0000000008004064        0xc zephyr/kernel/libkernel.a(sched.c.obj)
                0x0000000008004064                z_impl_k_sched_current_thread_query
 .text.slice_timeout
                0x0000000008004070       0x20 zephyr/kernel/libkernel.a(timeslicing.c.obj)
 .text.thread_is_sliceable
                0x0000000008004090       0x3c zephyr/kernel/libkernel.a(timeslicing.c.obj)
                0x0000000008004090                thread_is_sliceable
 .text.z_reset_time_slice
                0x00000000080040cc       0x50 zephyr/kernel/libkernel.a(timeslicing.c.obj)
                0x00000000080040cc                z_reset_time_slice
 .text.z_time_slice
                0x000000000800411c       0x60 zephyr/kernel/libkernel.a(timeslicing.c.obj)
                0x000000000800411c                z_time_slice
 .text.z_data_copy
                0x000000000800417c       0x38 zephyr/kernel/libkernel.a(xip.c.obj)
                0x000000000800417c                z_data_copy
 .text.elapsed  0x00000000080041b4       0x14 zephyr/kernel/libkernel.a(timeout.c.obj)
 .text.remove_timeout
                0x00000000080041c8       0x38 zephyr/kernel/libkernel.a(timeout.c.obj)
 .text.next_timeout
                0x0000000008004200       0x40 zephyr/kernel/libkernel.a(timeout.c.obj)
 .text.z_add_timeout
                0x0000000008004240       0xf4 zephyr/kernel/libkernel.a(timeout.c.obj)
                0x0000000008004240                z_add_timeout
 .text.sys_clock_announce
                0x0000000008004334       0xd0 zephyr/kernel/libkernel.a(timeout.c.obj)
                0x0000000008004334                sys_clock_announce
 .text.sys_clock_tick_get
                0x0000000008004404       0x30 zephyr/kernel/libkernel.a(timeout.c.obj)
                0x0000000008004404                sys_clock_tick_get
 .text.boot_banner
                0x0000000008004434        0xc zephyr/kernel/libkernel.a(banner.c.obj)
                0x0000000008004434                boot_banner
 .text.sscanf   0x0000000008004440       0x40 /home/krishna-inc-5836/zephyr-sdk-0.17.0/arm-zephyr-eabi/bin/../lib/gcc/../../picolibc/arm-zephyr-eabi/lib/thumb/v7e-m/nofp/libc.a(libc_tinystdio_sscanf.c.o)
                0x0000000008004440                sscanf
 .text.__l_vfprintf
                0x0000000008004480      0x4b8 /home/krishna-inc-5836/zephyr-sdk-0.17.0/arm-zephyr-eabi/bin/../lib/gcc/../../picolibc/arm-zephyr-eabi/lib/thumb/v7e-m/nofp/libc.a(libc_tinystdio_vflprintf.c.o)
                0x0000000008004480                __l_vfprintf
 .text.__l_vfscanf
                0x0000000008004938      0x364 /home/krishna-inc-5836/zephyr-sdk-0.17.0/arm-zephyr-eabi/bin/../lib/gcc/../../picolibc/arm-zephyr-eabi/lib/thumb/v7e-m/nofp/libc.a(libc_tinystdio_vflscanf.c.o)
                0x0000000008004938                __l_vfscanf
 .text._OffsetAbsSyms
                0x0000000008004c9c        0x2 zephyr/CMakeFiles/offsets.dir/./arch/arm/core/offsets/offsets.c.obj
                0x0000000008004c9c                _OffsetAbsSyms
 .text.uart_poll_out
                0x0000000008004c9e        0x6 app/libapp.a(main.cpp.obj)
 .text._ZNK19ZephyrStepperDriver12getStepCountEv
                0x0000000008004ca4        0x4 app/libapp.a(main.cpp.obj)
                0x0000000008004ca4                ZephyrStepperDriver::getStepCount() const
 .text._ZN19ZephyrStepperDriver14resetStepCountEv
                0x0000000008004ca8        0x6 app/libapp.a(main.cpp.obj)
                0x0000000008004ca8                ZephyrStepperDriver::resetStepCount()
 .text._ZN19ZephyrEncoderDriver10resetTicksEv
                0x0000000008004cae        0xa app/libapp.a(main.cpp.obj)
                0x0000000008004cae                ZephyrEncoderDriver::resetTicks()
 .text._ZN19ZephyrEncoderDriver8addTicksEj
                0x0000000008004cb8        0xe app/libapp.a(main.cpp.obj)
                0x0000000008004cb8                ZephyrEncoderDriver::addTicks(unsigned int)
 .text._ZN16LedAlarmObserverD2Ev
                0x0000000008004cc6        0x2 app/libapp.a(main.cpp.obj)
                0x0000000008004cc6                LedAlarmObserver::~LedAlarmObserver()
                0x0000000008004cc6                LedAlarmObserver::~LedAlarmObserver()
 .text._ZN17UartAlarmObserverD2Ev
                0x0000000008004cc8        0x2 app/libapp.a(main.cpp.obj)
                0x0000000008004cc8                UartAlarmObserver::~UartAlarmObserver()
                0x0000000008004cc8                UartAlarmObserver::~UartAlarmObserver()
 .text._ZN20ZephyrPressureSensorD2Ev
                0x0000000008004cca        0x2 app/libapp.a(main.cpp.obj)
                0x0000000008004cca                ZephyrPressureSensor::~ZephyrPressureSensor()
                0x0000000008004cca                ZephyrPressureSensor::~ZephyrPressureSensor()
 .text._ZN19ZephyrEncoderDriverD2Ev
                0x0000000008004ccc        0x2 app/libapp.a(main.cpp.obj)
                0x0000000008004ccc                ZephyrEncoderDriver::~ZephyrEncoderDriver()
                0x0000000008004ccc                ZephyrEncoderDriver::~ZephyrEncoderDriver()
 .text._ZN19ZephyrStepperDriverD2Ev
                0x0000000008004cce        0x2 app/libapp.a(main.cpp.obj)
                0x0000000008004cce                ZephyrStepperDriver::~ZephyrStepperDriver()
                0x0000000008004cce                ZephyrStepperDriver::~ZephyrStepperDriver()
 .text._ZN19ZephyrStepperDriverD0Ev
                0x0000000008004cd0        0xe app/libapp.a(main.cpp.obj)
                0x0000000008004cd0                ZephyrStepperDriver::~ZephyrStepperDriver()
 .text._ZN19ZephyrEncoderDriverD0Ev
                0x0000000008004cde        0xe app/libapp.a(main.cpp.obj)
                0x0000000008004cde                ZephyrEncoderDriver::~ZephyrEncoderDriver()
 .text._ZN20ZephyrPressureSensorD0Ev
                0x0000000008004cec        0xe app/libapp.a(main.cpp.obj)
                0x0000000008004cec                ZephyrPressureSensor::~ZephyrPressureSensor()
 .text._ZN17UartAlarmObserverD0Ev
                0x0000000008004cfa        0xe app/libapp.a(main.cpp.obj)
                0x0000000008004cfa                UartAlarmObserver::~UartAlarmObserver()
 .text._ZN16LedAlarmObserverD0Ev
                0x0000000008004d08        0xe app/libapp.a(main.cpp.obj)
                0x0000000008004d08                LedAlarmObserver::~LedAlarmObserver()
 .text._ZNK20ZephyrPressureSensor7isReadyEv
                0x0000000008004d16        0x6 app/libapp.a(main.cpp.obj)
                0x0000000008004d16                ZephyrPressureSensor::isReady() const
 .text.gpio_pin_set_dt.isra.0
                0x0000000008004d1c       0x28 app/libapp.a(main.cpp.obj)
 .text._ZN19ZephyrStepperDriver4stepEv
                0x0000000008004d44       0x24 app/libapp.a(main.cpp.obj)
                0x0000000008004d44                ZephyrStepperDriver::step()
 .text._ZN16LedAlarmObserver14onAlarmClearedE9AlarmType
                0x0000000008004d68        0x8 app/libapp.a(main.cpp.obj)
                0x0000000008004d68                LedAlarmObserver::onAlarmCleared(AlarmType)
 .text._ZN16LedAlarmObserver7onAlarmE9AlarmType
                0x0000000008004d70        0x8 app/libapp.a(main.cpp.obj)
                0x0000000008004d70                LedAlarmObserver::onAlarm(AlarmType)
 .text._ZN19ZephyrStepperDriver12setDirectionEb
                0x0000000008004d78        0x6 app/libapp.a(main.cpp.obj)
                0x0000000008004d78                ZephyrStepperDriver::setDirection(bool)
 .text._ZN19ZephyrStepperDriver7disableEv
                0x0000000008004d7e        0x8 app/libapp.a(main.cpp.obj)
                0x0000000008004d7e                ZephyrStepperDriver::disable()
 .text._ZN19ZephyrStepperDriver6enableEv
                0x0000000008004d86        0x8 app/libapp.a(main.cpp.obj)
                0x0000000008004d86                ZephyrStepperDriver::enable()
 .text.gpio_pin_configure_dt.isra.0
                0x0000000008004d8e       0x34 app/libapp.a(main.cpp.obj)
 .text._ZN17UartAlarmObserver5txStrEPKc
                0x0000000008004dc2       0x1a app/libapp.a(main.cpp.obj)
                0x0000000008004dc2                UartAlarmObserver::txStr(char const*)
 .text._ZN13VolumeTracker8addTicksEj
                0x0000000008004ddc        0xe app/libapp.a(VolumeTracker.cpp.obj)
                0x0000000008004ddc                VolumeTracker::addTicks(unsigned int)
 .text._ZN13VolumeTracker5resetEv
                0x0000000008004dea        0x8 app/libapp.a(VolumeTracker.cpp.obj)
                0x0000000008004dea                VolumeTracker::reset()
 .text._ZNK13VolumeTracker8volumeULEv
                0x0000000008004df2        0x4 app/libapp.a(VolumeTracker.cpp.obj)
                0x0000000008004df2                VolumeTracker::volumeUL() const
 .text._ZN16OcclusionMonitorC2ER15IPressureSensorj
                0x0000000008004df6       0x20 app/libapp.a(OcclusionMonitor.cpp.obj)
                0x0000000008004df6                OcclusionMonitor::OcclusionMonitor(IPressureSensor&, unsigned int)
                0x0000000008004df6                OcclusionMonitor::OcclusionMonitor(IPressureSensor&, unsigned int)
 .text._ZN16OcclusionMonitor16registerObserverEP14IAlarmObserver
                0x0000000008004e16       0x22 app/libapp.a(OcclusionMonitor.cpp.obj)
                0x0000000008004e16                OcclusionMonitor::registerObserver(IAlarmObserver*)
 .text._ZN16OcclusionMonitor13resetBaselineEv
                0x0000000008004e38        0x8 app/libapp.a(OcclusionMonitor.cpp.obj)
                0x0000000008004e38                OcclusionMonitor::resetBaseline()
 .text._ZNK16OcclusionMonitor10isOccludedEv
                0x0000000008004e40        0x4 app/libapp.a(OcclusionMonitor.cpp.obj)
                0x0000000008004e40                OcclusionMonitor::isOccluded() const
 .text._ZN16OcclusionMonitor10raiseAlarmEv
                0x0000000008004e44       0x28 app/libapp.a(OcclusionMonitor.cpp.obj)
                0x0000000008004e44                OcclusionMonitor::raiseAlarm()
 .text._ZN16OcclusionMonitor10clearAlarmEv
                0x0000000008004e6c       0x26 app/libapp.a(OcclusionMonitor.cpp.obj)
                0x0000000008004e6c                OcclusionMonitor::clearAlarm()
 .text._ZN16OcclusionMonitor4pollEv
                0x0000000008004e92       0x4c app/libapp.a(OcclusionMonitor.cpp.obj)
                0x0000000008004e92                OcclusionMonitor::poll()
 .text._ZN12InfusionMode13onCheckAlarmsEv
                0x0000000008004ede        0x2 app/libapp.a(InfusionMode.cpp.obj)
                0x0000000008004ede                InfusionMode::onCheckAlarms()
 .text._ZN12InfusionMode11advanceTimeEj
                0x0000000008004ee0        0x2 app/libapp.a(InfusionMode.cpp.obj)
                0x0000000008004ee0                InfusionMode::advanceTime(unsigned int)
 .text._ZN12InfusionMode4tickEv
                0x0000000008004ee2       0x5a app/libapp.a(InfusionMode.cpp.obj)
                0x0000000008004ee2                InfusionMode::tick()
 .text._ZN12InfusionMode10switchModeEPS_
                0x0000000008004f3c        0x6 app/libapp.a(InfusionMode.cpp.obj)
                0x0000000008004f3c                InfusionMode::switchMode(InfusionMode*)
 .text._ZNK12InfusionMode9isRunningEv
                0x0000000008004f42        0x6 app/libapp.a(InfusionMode.cpp.obj)
                0x0000000008004f42                InfusionMode::isRunning() const
 .text._ZN12InfusionMode11checkAlarmsEv
                0x0000000008004f48       0x40 app/libapp.a(InfusionMode.cpp.obj)
                0x0000000008004f48                InfusionMode::checkAlarms()
 .text._ZN12InfusionMode3runEv
                0x0000000008004f88       0x2c app/libapp.a(InfusionMode.cpp.obj)
                0x0000000008004f88                InfusionMode::run()
 .text._ZNK16ConstantRateMode7getRateEv
                0x0000000008004fb4        0x4 app/libapp.a(ConstantRateMode.cpp.obj)
                0x0000000008004fb4                ConstantRateMode::computeTargetRate()
                0x0000000008004fb4                ConstantRateMode::getRate() const
 .text._ZN16ConstantRateModeD2Ev
                0x0000000008004fb8        0x2 app/libapp.a(ConstantRateMode.cpp.obj)
                0x0000000008004fb8                ConstantRateMode::~ConstantRateMode()
                0x0000000008004fb8                ConstantRateMode::~ConstantRateMode()
 .text._ZN16ConstantRateModeD0Ev
                0x0000000008004fba        0xe app/libapp.a(ConstantRateMode.cpp.obj)
                0x0000000008004fba                ConstantRateMode::~ConstantRateMode()
 .text._ZN16ConstantRateMode7setRateEf
                0x0000000008004fc8        0x4 app/libapp.a(ConstantRateMode.cpp.obj)
                0x0000000008004fc8                ConstantRateMode::setRate(float)
 .text._ZN14LinearRampMode17computeTargetRateEv
                0x0000000008004fcc       0x4c app/libapp.a(LinearRampMode.cpp.obj)
                0x0000000008004fcc                LinearRampMode::computeTargetRate()
 .text._ZN14LinearRampMode11advanceTimeEj
                0x0000000008005018       0x14 app/libapp.a(LinearRampMode.cpp.obj)
                0x0000000008005018                LinearRampMode::advanceTime(unsigned int)
 .text._ZN14LinearRampModeD2Ev
                0x000000000800502c        0x2 app/libapp.a(LinearRampMode.cpp.obj)
                0x000000000800502c                LinearRampMode::~LinearRampMode()
                0x000000000800502c                LinearRampMode::~LinearRampMode()
 .text._ZN14LinearRampModeD0Ev
                0x000000000800502e        0xe app/libapp.a(LinearRampMode.cpp.obj)
                0x000000000800502e                LinearRampMode::~LinearRampMode()
 .text._ZN14LinearRampMode9resetRampEv
                0x000000000800503c        0xa app/libapp.a(LinearRampMode.cpp.obj)
                0x000000000800503c                LinearRampMode::resetRamp()
 .text.chunk_size
                0x0000000008005046        0xa zephyr/libzephyr.a(heap.c.obj)
 .text.free_list_add
                0x0000000008005050       0x4e zephyr/libzephyr.a(heap.c.obj)
 .text.free_list_remove_bidx
                0x000000000800509e       0x3a zephyr/libzephyr.a(heap.c.obj)
 .text.free_list_remove
                0x00000000080050d8       0x1a zephyr/libzephyr.a(heap.c.obj)
 .text.merge_chunks
                0x00000000080050f2       0x2c zephyr/libzephyr.a(heap.c.obj)
 .text.free_chunk
                0x000000000800511e       0x62 zephyr/libzephyr.a(heap.c.obj)
 .text.sys_heap_free
                0x0000000008005180       0x1e zephyr/libzephyr.a(heap.c.obj)
                0x0000000008005180                sys_heap_free
 .text.sys_heap_init
                0x000000000800519e       0x7a zephyr/libzephyr.a(heap.c.obj)
                0x000000000800519e                sys_heap_init
 .text.arch_printk_char_out
                0x0000000008005218        0x4 zephyr/libzephyr.a(printk.c.obj)
                0x0000000008005218                arch_printk_char_out
 .text.printk   0x000000000800521c       0x1a zephyr/libzephyr.a(printk.c.obj)
                0x000000000800521c                printk
 .text._ConfigAbsSyms
                0x0000000008005236        0x2 zephyr/libzephyr.a(configs.c.obj)
                0x0000000008005236                _ConfigAbsSyms
 .text.z_arm_fatal_error
                0x0000000008005238        0xc zephyr/arch/arch/arm/core/libarch__arm__core.a(fatal.c.obj)
                0x0000000008005238                z_arm_fatal_error
 .text.z_do_kernel_oops
                0x0000000008005244        0x8 zephyr/arch/arch/arm/core/libarch__arm__core.a(fatal.c.obj)
                0x0000000008005244                z_do_kernel_oops
 .text.z_irq_spurious
                0x000000000800524c        0x8 zephyr/arch/arch/arm/core/cortex_m/libarch__arm__core__cortex_m.a(irq_manage.c.obj)
                0x000000000800524c                z_irq_spurious
 .text.arch_irq_unlock_outlined
                0x0000000008005254        0xe zephyr/arch/arch/arm/core/cortex_m/libarch__arm__core__cortex_m.a(thread.c.obj)
                0x0000000008005254                arch_irq_unlock_outlined
 .text.arch_cpu_idle
                0x0000000008005262       0x1a zephyr/arch/arch/arm/core/cortex_m/libarch__arm__core__cortex_m.a(cpu_idle.c.obj)
                0x0000000008005262                arch_cpu_idle
 .text.size_to_mpu_rasr_size
                0x000000000800527c       0x20 zephyr/arch/arch/arm/core/mpu/libarch__arm__core__mpu.a(arm_mpu.c.obj)
 .text.picolibc_put
                0x000000000800529c        0xa zephyr/lib/libc/picolibc/liblib__libc__picolibc.a(libc-hooks.c.obj)
 .text.stm32_gpio_intc_get_pin_irq_line
                0x00000000080052a6        0x6 zephyr/drivers/interrupt_controller/libdrivers__interrupt_controller.a(intc_exti_stm32.c.obj)
                0x00000000080052a6                stm32_gpio_intc_get_pin_irq_line
 .text.stm32_exti_set_line_src_port
                0x00000000080052ac       0x36 zephyr/drivers/interrupt_controller/libdrivers__interrupt_controller.a(intc_exti_stm32.c.obj)
                0x00000000080052ac                stm32_exti_set_line_src_port
 .text.stm32_clock_control_on
                0x00000000080052e2       0x38 zephyr/drivers/clock_control/libdrivers__clock_control.a(clock_stm32_ll_common.c.obj)
 .text.stm32_clock_control_off
                0x000000000800531a       0x24 zephyr/drivers/clock_control/libdrivers__clock_control.a(clock_stm32_ll_common.c.obj)
 .text.enabled_clock
                0x000000000800533e       0x16 zephyr/drivers/clock_control/libdrivers__clock_control.a(clock_stm32_ll_common.c.obj)
                0x000000000800533e                enabled_clock
 .text.stm32_clock_control_configure
                0x0000000008005354       0x50 zephyr/drivers/clock_control/libdrivers__clock_control.a(clock_stm32_ll_common.c.obj)
 .text.stm32_clock_control_get_status
                0x00000000080053a4       0x30 zephyr/drivers/clock_control/libdrivers__clock_control.a(clock_stm32_ll_common.c.obj)
 .text.config_regulator_voltage
                0x00000000080053d4        0x2 zephyr/drivers/clock_control/libdrivers__clock_control.a(clock_stm32_ll_common.c.obj)
                0x00000000080053d4                config_regulator_voltage
 .text.gpio_stm32_port_get_raw
                0x00000000080053d6        0xc zephyr/drivers/gpio/libdrivers__gpio.a(gpio_stm32.c.obj)
 .text.gpio_stm32_port_set_masked_raw
                0x00000000080053e2       0x12 zephyr/drivers/gpio/libdrivers__gpio.a(gpio_stm32.c.obj)
 .text.gpio_stm32_port_set_bits_raw
                0x00000000080053f4        0xa zephyr/drivers/gpio/libdrivers__gpio.a(gpio_stm32.c.obj)
 .text.gpio_stm32_port_clear_bits_raw
                0x00000000080053fe        0xc zephyr/drivers/gpio/libdrivers__gpio.a(gpio_stm32.c.obj)
 .text.gpio_stm32_port_toggle_bits
                0x000000000800540a        0xe zephyr/drivers/gpio/libdrivers__gpio.a(gpio_stm32.c.obj)
 .text.gpio_stm32_manage_callback
                0x0000000008005418       0x52 zephyr/drivers/gpio/libdrivers__gpio.a(gpio_stm32.c.obj)
 .text.gpio_stm32_configure_raw.isra.0
                0x000000000800546a      0x106 zephyr/drivers/gpio/libdrivers__gpio.a(gpio_stm32.c.obj)
 .text.gpio_stm32_config
                0x0000000008005570      0x124 zephyr/drivers/gpio/libdrivers__gpio.a(gpio_stm32.c.obj)
 .text.gpio_stm32_isr
                0x0000000008005694       0x2c zephyr/drivers/gpio/libdrivers__gpio.a(gpio_stm32.c.obj)
 .text.gpio_stm32_configure
                0x00000000080056c0       0x30 zephyr/drivers/gpio/libdrivers__gpio.a(gpio_stm32.c.obj)
                0x00000000080056c0                gpio_stm32_configure
 .text.stm32_i2c_disable_transfer_interrupts
                0x00000000080056f0       0x36 zephyr/drivers/i2c/libdrivers__i2c.a(i2c_ll_stm32_v1.c.obj)
 .text.stm32_i2c_reset
                0x0000000008005726       0x5a zephyr/drivers/i2c/libdrivers__i2c.a(i2c_ll_stm32_v1.c.obj)
 .text.stm32_i2c_master_finish
                0x0000000008005780       0x1c zephyr/drivers/i2c/libdrivers__i2c.a(i2c_ll_stm32_v1.c.obj)
 .text.handle_txe
                0x000000000800579c       0x4a zephyr/drivers/i2c/libdrivers__i2c.a(i2c_ll_stm32_v1.c.obj)
 .text.msg_end.constprop.0
                0x00000000080057e6       0x42 zephyr/drivers/i2c/libdrivers__i2c.a(i2c_ll_stm32_v1.c.obj)
 .text.stm32_i2c_enable_transfer_interrupts.isra.0
                0x0000000008005828       0x1c zephyr/drivers/i2c/libdrivers__i2c.a(i2c_ll_stm32_v1.c.obj)
 .text.msg_init.constprop.0
                0x0000000008005844       0x72 zephyr/drivers/i2c/libdrivers__i2c.a(i2c_ll_stm32_v1.c.obj)
 .text.handle_rxne
                0x00000000080058b6       0x9c zephyr/drivers/i2c/libdrivers__i2c.a(i2c_ll_stm32_v1.c.obj)
 .text.stm32_i2c_event_isr
                0x0000000008005952      0x19c zephyr/drivers/i2c/libdrivers__i2c.a(i2c_ll_stm32_v1.c.obj)
                0x0000000008005952                stm32_i2c_event_isr
 .text.stm32_i2c_error_isr
                0x0000000008005aee       0x50 zephyr/drivers/i2c/libdrivers__i2c.a(i2c_ll_stm32_v1.c.obj)
                0x0000000008005aee                stm32_i2c_error_isr
 .text.stm32_i2c_transaction
                0x0000000008005b3e       0x74 zephyr/drivers/i2c/libdrivers__i2c.a(i2c_ll_stm32_v1.c.obj)
                0x0000000008005b3e                stm32_i2c_transaction
 .text.i2c_stm32_get_config
                0x0000000008005bb2       0x16 zephyr/drivers/i2c/libdrivers__i2c.a(i2c_ll_stm32.c.obj)
                0x0000000008005bb2                i2c_stm32_get_config
 .text.i2c_stm32_irq_config_func_0
                0x0000000008005bc8       0x26 zephyr/drivers/i2c/libdrivers__i2c.a(i2c_ll_stm32.c.obj)
 .text.i2c_stm32_irq_config_func_1
                0x0000000008005bee       0x26 zephyr/drivers/i2c/libdrivers__i2c.a(i2c_ll_stm32.c.obj)
 .text.i2c_stm32_irq_config_func_2
                0x0000000008005c14       0x26 zephyr/drivers/i2c/libdrivers__i2c.a(i2c_ll_stm32.c.obj)
 .text.i2c_stm32_transfer
                0x0000000008005c3a       0x8e zephyr/drivers/i2c/libdrivers__i2c.a(i2c_ll_stm32.c.obj)
 .text.pinctrl_lookup_state
                0x0000000008005cc8       0x26 zephyr/drivers/pinctrl/libdrivers__pinctrl.a(common.c.obj)
                0x0000000008005cc8                pinctrl_lookup_state
 .text.LL_TIM_OC_SetCompareCH1
                0x0000000008005cee        0x4 zephyr/drivers/pwm/libdrivers__pwm.a(pwm_stm32.c.obj)
 .text.LL_TIM_OC_SetCompareCH2
                0x0000000008005cf2        0x4 zephyr/drivers/pwm/libdrivers__pwm.a(pwm_stm32.c.obj)
 .text.LL_TIM_OC_SetCompareCH3
                0x0000000008005cf6        0x4 zephyr/drivers/pwm/libdrivers__pwm.a(pwm_stm32.c.obj)
 .text.LL_TIM_OC_SetCompareCH4
                0x0000000008005cfa        0x4 zephyr/drivers/pwm/libdrivers__pwm.a(pwm_stm32.c.obj)
 .text.pwm_stm32_get_cycles_per_sec
                0x0000000008005cfe       0x16 zephyr/drivers/pwm/libdrivers__pwm.a(pwm_stm32.c.obj)
 .text.reset_stm32_status
                0x0000000008005d14       0x20 zephyr/drivers/reset/libdrivers__reset.a(reset_stm32.c.obj)
 .text.reset_stm32_line_assert
                0x0000000008005d34       0x1c zephyr/drivers/reset/libdrivers__reset.a(reset_stm32.c.obj)
 .text.reset_stm32_line_deassert
                0x0000000008005d50       0x1e zephyr/drivers/reset/libdrivers__reset.a(reset_stm32.c.obj)
 .text.reset_stm32_line_toggle
                0x0000000008005d6e       0x16 zephyr/drivers/reset/libdrivers__reset.a(reset_stm32.c.obj)
 .text.i2c_write_read.constprop.0
                0x0000000008005d84       0x38 zephyr/drivers/sensor/st/lps22hb/libdrivers__sensor__st__lps22hb.a(lps22hb.c.obj)
 .text.lps22hb_sample_fetch
                0x0000000008005dbc       0x4c zephyr/drivers/sensor/st/lps22hb/libdrivers__sensor__st__lps22hb.a(lps22hb.c.obj)
 .text.i2c_reg_update_byte.constprop.0
                0x0000000008005e08       0x6e zephyr/drivers/sensor/st/lps22hb/libdrivers__sensor__st__lps22hb.a(lps22hb.c.obj)
 .text.lps22hb_init
                0x0000000008005e76       0x6c zephyr/drivers/sensor/st/lps22hb/libdrivers__sensor__st__lps22hb.a(lps22hb.c.obj)
 .text.qdec_stm32_fetch
                0x0000000008005ee2       0x32 zephyr/drivers/sensor/st/qdec_stm32/libdrivers__sensor__st__qdec_stm32.a(qdec_stm32.c.obj)
 .text.qdec_stm32_get
                0x0000000008005f14       0x16 zephyr/drivers/sensor/st/qdec_stm32/libdrivers__sensor__st__qdec_stm32.a(qdec_stm32.c.obj)
 .text.LL_USART_ClearFlag_PE
                0x0000000008005f2a       0x12 zephyr/drivers/serial/libdrivers__serial.a(uart_stm32.c.obj)
 .text.uart_stm32_err_check
                0x0000000008005f3c       0x5e zephyr/drivers/serial/libdrivers__serial.a(uart_stm32.c.obj)
 .text.uart_stm32_set_baudrate
                0x0000000008005f9a       0x52 zephyr/drivers/serial/libdrivers__serial.a(uart_stm32.c.obj)
 .text.uart_stm32_poll_out
                0x0000000008005fec       0x36 zephyr/drivers/serial/libdrivers__serial.a(uart_stm32.c.obj)
 .text.uart_stm32_poll_in
                0x0000000008006022       0x22 zephyr/drivers/serial/libdrivers__serial.a(uart_stm32.c.obj)
 .text.uart_stm32_config_get
                0x0000000008006044       0x8e zephyr/drivers/serial/libdrivers__serial.a(uart_stm32.c.obj)
 .text.LL_RCC_GetSystemClocksFreq
                0x00000000080060d2       0x22 modules/hal_stm32/stm32cube/lib..__modules__hal__stm32__stm32cube.a(stm32f4xx_ll_rcc.c.obj)
                0x00000000080060d2                LL_RCC_GetSystemClocksFreq
 .text.LL_TIM_StructInit
                0x00000000080060f4       0x12 modules/hal_stm32/stm32cube/lib..__modules__hal__stm32__stm32cube.a(stm32f4xx_ll_tim.c.obj)
                0x00000000080060f4                LL_TIM_StructInit
 .text.LL_TIM_OC_StructInit
                0x0000000008006106       0x14 modules/hal_stm32/stm32cube/lib..__modules__hal__stm32__stm32cube.a(stm32f4xx_ll_tim.c.obj)
                0x0000000008006106                LL_TIM_OC_StructInit
 .text.LL_TIM_ENCODER_StructInit
                0x000000000800611a       0x1c modules/hal_stm32/stm32cube/lib..__modules__hal__stm32__stm32cube.a(stm32f4xx_ll_tim.c.obj)
                0x000000000800611a                LL_TIM_ENCODER_StructInit
 .text.LL_TIM_ENCODER_Init
                0x0000000008006136       0x5a modules/hal_stm32/stm32cube/lib..__modules__hal__stm32__stm32cube.a(stm32f4xx_ll_tim.c.obj)
                0x0000000008006136                LL_TIM_ENCODER_Init
 .text.z_impl_k_busy_wait
                0x0000000008006190       0x1c zephyr/kernel/libkernel.a(busy_wait.c.obj)
                0x0000000008006190                z_impl_k_busy_wait
 .text.z_device_state_init
                0x00000000080061ac        0x2 zephyr/kernel/libkernel.a(device.c.obj)
                0x00000000080061ac                z_device_state_init
 .text.z_impl_device_is_ready
                0x00000000080061ae       0x16 zephyr/kernel/libkernel.a(device.c.obj)
                0x00000000080061ae                z_impl_device_is_ready
 .text.arch_system_halt
                0x00000000080061c4       0x10 zephyr/kernel/libkernel.a(fatal.c.obj)
                0x00000000080061c4                arch_system_halt
 .text.k_sys_fatal_error_handler
                0x00000000080061d4        0x6 zephyr/kernel/libkernel.a(fatal.c.obj)
                0x00000000080061d4                k_sys_fatal_error_handler
 .text.do_device_init
                0x00000000080061da       0x30 zephyr/kernel/libkernel.a(init.c.obj)
 .text.z_early_memset
                0x000000000800620a        0x4 zephyr/kernel/libkernel.a(init.c.obj)
                0x000000000800620a                z_early_memset
 .text.z_early_memcpy
                0x000000000800620e        0x4 zephyr/kernel/libkernel.a(init.c.obj)
                0x000000000800620e                z_early_memcpy
 .text.z_init_static
                0x0000000008006212        0xe zephyr/kernel/libkernel.a(init_static.c.obj)
                0x0000000008006212                z_init_static
 .text.idle     0x0000000008006220       0x16 zephyr/kernel/libkernel.a(idle.c.obj)
                0x0000000008006220                idle
 .text.adjust_owner_prio.isra.0
                0x0000000008006236       0x10 zephyr/kernel/libkernel.a(mutex.c.obj)
 .text.z_impl_k_sem_init
                0x0000000008006246       0x18 zephyr/kernel/libkernel.a(sem.c.obj)
                0x0000000008006246                z_impl_k_sem_init
 .text.z_impl_k_thread_start
                0x000000000800625e        0x4 zephyr/kernel/libkernel.a(thread.c.obj)
                0x000000000800625e                z_impl_k_thread_start
 .text.sys_dlist_remove
                0x0000000008006262       0x10 zephyr/kernel/libkernel.a(sched.c.obj)
 .text.unpend_thread_no_timeout
                0x0000000008006272       0x14 zephyr/kernel/libkernel.a(sched.c.obj)
 .text.add_to_waitq_locked
                0x0000000008006286       0x50 zephyr/kernel/libkernel.a(sched.c.obj)
 .text.z_ready_thread
                0x00000000080062d6       0x1e zephyr/kernel/libkernel.a(sched.c.obj)
                0x00000000080062d6                z_ready_thread
 .text.z_impl_k_thread_suspend
                0x00000000080062f4       0x32 zephyr/kernel/libkernel.a(sched.c.obj)
                0x00000000080062f4                z_impl_k_thread_suspend
 .text.z_sched_wake_thread
                0x0000000008006326       0x42 zephyr/kernel/libkernel.a(sched.c.obj)
                0x0000000008006326                z_sched_wake_thread
 .text.z_thread_timeout
                0x0000000008006368        0x8 zephyr/kernel/libkernel.a(sched.c.obj)
                0x0000000008006368                z_thread_timeout
 .text.z_thread_abort
                0x0000000008006370       0x44 zephyr/kernel/libkernel.a(sched.c.obj)
                0x0000000008006370                z_thread_abort
 .text.z_abort_timeout
                0x00000000080063b4       0x2a zephyr/kernel/libkernel.a(timeout.c.obj)
                0x00000000080063b4                z_abort_timeout
 .text.sys_clock_tick_get_32
                0x00000000080063de        0x8 zephyr/kernel/libkernel.a(timeout.c.obj)
                0x00000000080063de                sys_clock_tick_get_32
 .text._ZdlPvj  0x00000000080063e6        0x4 /home/krishna-inc-5836/zephyr-sdk-0.17.0/arm-zephyr-eabi/bin/../lib/gcc/../../picolibc/arm-zephyr-eabi/lib/thumb/v7e-m/nofp/libstdc++.a(del_ops.o)
                0x00000000080063e6                operator delete(void*, unsigned int)
 .text._ZdlPv   0x00000000080063ea        0x4 /home/krishna-inc-5836/zephyr-sdk-0.17.0/arm-zephyr-eabi/bin/../lib/gcc/../../picolibc/arm-zephyr-eabi/lib/thumb/v7e-m/nofp/libstdc++.a(del_op.o)
                0x00000000080063ea                operator delete(void*)
 .text.memcpy   0x00000000080063ee       0x1c /home/krishna-inc-5836/zephyr-sdk-0.17.0/arm-zephyr-eabi/bin/../lib/gcc/../../picolibc/arm-zephyr-eabi/lib/thumb/v7e-m/nofp/libc.a(memcpy.c.o)
                0x00000000080063ee                memcpy
                0x00000000080063ee                __aeabi_memcpy
                0x00000000080063ee                __aeabi_memcpy4
                0x00000000080063ee                __aeabi_memcpy8
 .text.memset   0x000000000800640a       0x10 /home/krishna-inc-5836/zephyr-sdk-0.17.0/arm-zephyr-eabi/bin/../lib/gcc/../../picolibc/arm-zephyr-eabi/lib/thumb/v7e-m/nofp/libc.a(memset.c.o)
                0x000000000800640a                memset
 .text.strncmp  0x000000000800641a       0x24 /home/krishna-inc-5836/zephyr-sdk-0.17.0/arm-zephyr-eabi/bin/../lib/gcc/../../picolibc/arm-zephyr-eabi/lib/thumb/v7e-m/nofp/libc.a(libc_string_strncmp.c.o)
                0x000000000800641a                strncmp
 .text.strnlen  0x000000000800643e       0x18 /home/krishna-inc-5836/zephyr-sdk-0.17.0/arm-zephyr-eabi/bin/../lib/gcc/../../picolibc/arm-zephyr-eabi/lib/thumb/v7e-m/nofp/libc.a(libc_string_strnlen.c.o)
                0x000000000800643e                strnlen
 .text.__ultoa_invert
                0x0000000008006456       0xae /home/krishna-inc-5836/zephyr-sdk-0.17.0/arm-zephyr-eabi/bin/../lib/gcc/../../picolibc/arm-zephyr-eabi/lib/thumb/v7e-m/nofp/libc.a(libc_tinystdio_vflprintf.c.o)
 .text.scanf_getc
                0x0000000008006504       0x14 /home/krishna-inc-5836/zephyr-sdk-0.17.0/arm-zephyr-eabi/bin/../lib/gcc/../../picolibc/arm-zephyr-eabi/lib/thumb/v7e-m/nofp/libc.a(libc_tinystdio_vflscanf.c.o)
 .text.scanf_ungetc
                0x0000000008006518       0x10 /home/krishna-inc-5836/zephyr-sdk-0.17.0/arm-zephyr-eabi/bin/../lib/gcc/../../picolibc/arm-zephyr-eabi/lib/thumb/v7e-m/nofp/libc.a(libc_tinystdio_vflscanf.c.o)
 .text.skip_spaces
                0x0000000008006528       0x2a /home/krishna-inc-5836/zephyr-sdk-0.17.0/arm-zephyr-eabi/bin/../lib/gcc/../../picolibc/arm-zephyr-eabi/lib/thumb/v7e-m/nofp/libc.a(libc_tinystdio_vflscanf.c.o)
 .text.putval   0x0000000008006552       0x2c /home/krishna-inc-5836/zephyr-sdk-0.17.0/arm-zephyr-eabi/bin/../lib/gcc/../../picolibc/arm-zephyr-eabi/lib/thumb/v7e-m/nofp/libc.a(libc_tinystdio_vflscanf.c.o)
 .text.strchr   0x000000000800657e       0x1a /home/krishna-inc-5836/zephyr-sdk-0.17.0/arm-zephyr-eabi/bin/../lib/gcc/../../picolibc/arm-zephyr-eabi/lib/thumb/v7e-m/nofp/libc.a(libc_string_strchr.c.o)
                0x000000000800657e                strchr
 .text.fgetc    0x0000000008006598       0x46 /home/krishna-inc-5836/zephyr-sdk-0.17.0/arm-zephyr-eabi/bin/../lib/gcc/../../picolibc/arm-zephyr-eabi/lib/thumb/v7e-m/nofp/libc.a(libc_tinystdio_fgetc.c.o)
                0x0000000008006598                getc_unlocked
                0x0000000008006598                getc
                0x0000000008006598                fgetc
 .text.__file_str_get
                0x00000000080065de       0x14 /home/krishna-inc-5836/zephyr-sdk-0.17.0/arm-zephyr-eabi/bin/../lib/gcc/../../picolibc/arm-zephyr-eabi/lib/thumb/v7e-m/nofp/libc.a(libc_tinystdio_filestrget.c.o)
                0x00000000080065de                __file_str_get
 .text.ungetc   0x00000000080065f2       0x3a /home/krishna-inc-5836/zephyr-sdk-0.17.0/arm-zephyr-eabi/bin/../lib/gcc/../../picolibc/arm-zephyr-eabi/lib/thumb/v7e-m/nofp/libc.a(libc_tinystdio_ungetc.c.o)
                0x00000000080065f2                ungetc
 *(SORT_BY_ALIGNMENT(.TEXT.*))
 .TEXT.__aeabi_read_tp
                0x000000000800662c        0xc zephyr/arch/arch/arm/core/cortex_m/libarch__arm__core__cortex_m.a(__aeabi_read_tp.S.obj)
                0x000000000800662c                __aeabi_read_tp
 *(SORT_BY_ALIGNMENT(.gnu.linkonce.t.*))
 *(SORT_BY_ALIGNMENT(.glue_7t))
 .glue_7t       0x0000000008006638        0x0 linker stubs
 *(SORT_BY_ALIGNMENT(.glue_7))
 .glue_7        0x0000000008006638        0x0 linker stubs
 *(SORT_BY_ALIGNMENT(.vfp11_veneer))
 .vfp11_veneer  0x0000000008006638        0x0 linker stubs
 *(SORT_BY_ALIGNMENT(.v4_bx))
 .v4_bx         0x0000000008006638        0x0 linker stubs
                0x0000000008006638                . = ALIGN (0x4)
                0x0000000008006638                __text_region_end = .

.ARM.extab
 *(SORT_BY_ALIGNMENT(.ARM.extab*) SORT_BY_ALIGNMENT(.gnu.linkonce.armextab.*))

.ARM.exidx      0x0000000008006638        0x8
                0x0000000008006638                __exidx_start = .
 *(SORT_BY_ALIGNMENT(.ARM.exidx*) SORT_BY_ALIGNMENT(gnu.linkonce.armexidx.*))
 .ARM.exidx     0x0000000008006638        0x8 /home/krishna-inc-5836/zephyr-sdk-0.17.0/arm-zephyr-eabi/bin/../lib/gcc/arm-zephyr-eabi/12.2.0/thumb/v7e-m/nofp/libgcc.a(_udivmoddi4.o)
 .ARM.exidx.text._ZdlPvj
                0x0000000008006640        0x0 /home/krishna-inc-5836/zephyr-sdk-0.17.0/arm-zephyr-eabi/bin/../lib/gcc/../../picolibc/arm-zephyr-eabi/lib/thumb/v7e-m/nofp/libstdc++.a(del_ops.o)
                                          0x8 (size before relaxing)
 .ARM.exidx.text._ZdlPv
                0x0000000008006640        0x0 /home/krishna-inc-5836/zephyr-sdk-0.17.0/arm-zephyr-eabi/bin/../lib/gcc/../../picolibc/arm-zephyr-eabi/lib/thumb/v7e-m/nofp/libstdc++.a(del_op.o)
                                          0x8 (size before relaxing)
                0x0000000008006640                __exidx_end = .
                0x0000000008006640                __rodata_region_start = .

initlevel       0x0000000008006640       0xb8
                0x0000000008006640                __init_start = .
                0x0000000008006640                __init_EARLY_start = .
 *(SORT_BY_NAME(SORT_BY_ALIGNMENT(.z_init_EARLY?_*)))
 *(SORT_BY_NAME(SORT_BY_ALIGNMENT(.z_init_EARLY??_*)))
                0x0000000008006640                __init_PRE_KERNEL_1_start = .
 *(SORT_BY_NAME(SORT_BY_ALIGNMENT(.z_init_PRE_KERNEL_1?_*)))
 .z_init_PRE_KERNEL_11_00009_
                0x0000000008006640        0x8 zephyr/drivers/clock_control/libdrivers__clock_control.a(clock_stm32_ll_common.c.obj)
 .z_init_PRE_KERNEL_11_0_
                0x0000000008006648        0x8 zephyr/libzephyr.a(soc_config.c.obj)
 *(SORT_BY_NAME(SORT_BY_ALIGNMENT(.z_init_PRE_KERNEL_1??_*)))
 .z_init_PRE_KERNEL_135_00048_
                0x0000000008006650        0x8 zephyr/drivers/reset/libdrivers__reset.a(reset_stm32.c.obj)
 .z_init_PRE_KERNEL_140_00029_
                0x0000000008006658        0x8 zephyr/drivers/gpio/libdrivers__gpio.a(gpio_stm32.c.obj)
 .z_init_PRE_KERNEL_140_00040_
                0x0000000008006660        0x8 zephyr/drivers/gpio/libdrivers__gpio.a(gpio_stm32.c.obj)
 .z_init_PRE_KERNEL_140_00068_
                0x0000000008006668        0x8 zephyr/drivers/interrupt_controller/libdrivers__interrupt_controller.a(intc_exti_stm32.c.obj)
 .z_init_PRE_KERNEL_140_00107_
                0x0000000008006670        0x8 zephyr/drivers/gpio/libdrivers__gpio.a(gpio_stm32.c.obj)
 .z_init_PRE_KERNEL_140_00108_
                0x0000000008006678        0x8 zephyr/drivers/gpio/libdrivers__gpio.a(gpio_stm32.c.obj)
 .z_init_PRE_KERNEL_140_00109_
                0x0000000008006680        0x8 zephyr/drivers/gpio/libdrivers__gpio.a(gpio_stm32.c.obj)
 .z_init_PRE_KERNEL_140_00110_
                0x0000000008006688        0x8 zephyr/drivers/gpio/libdrivers__gpio.a(gpio_stm32.c.obj)
 .z_init_PRE_KERNEL_140_00111_
                0x0000000008006690        0x8 zephyr/drivers/gpio/libdrivers__gpio.a(gpio_stm32.c.obj)
 .z_init_PRE_KERNEL_140_00142_
                0x0000000008006698        0x8 zephyr/drivers/gpio/libdrivers__gpio.a(gpio_stm32.c.obj)
 .z_init_PRE_KERNEL_150_00073_
                0x00000000080066a0        0x8 zephyr/drivers/serial/libdrivers__serial.a(uart_stm32.c.obj)
 .z_init_PRE_KERNEL_150_00079_
                0x00000000080066a8        0x8 zephyr/drivers/serial/libdrivers__serial.a(uart_stm32.c.obj)
 .z_init_PRE_KERNEL_160_0_
                0x00000000080066b0        0x8 zephyr/drivers/console/libdrivers__console.a(uart_console.c.obj)
                0x00000000080066b8                __init_PRE_KERNEL_2_start = .
 *(SORT_BY_NAME(SORT_BY_ALIGNMENT(.z_init_PRE_KERNEL_2?_*)))
 .z_init_PRE_KERNEL_20_0_
                0x00000000080066b8        0x8 zephyr/drivers/timer/libdrivers__timer.a(cortex_m_systick.c.obj)
 *(SORT_BY_NAME(SORT_BY_ALIGNMENT(.z_init_PRE_KERNEL_2??_*)))
                0x00000000080066c0                __init_POST_KERNEL_start = .
 *(SORT_BY_NAME(SORT_BY_ALIGNMENT(.z_init_POST_KERNEL?_*)))
 *(SORT_BY_NAME(SORT_BY_ALIGNMENT(.z_init_POST_KERNEL??_*)))
 .z_init_POST_KERNEL35_0_
                0x00000000080066c0        0x8 zephyr/lib/libc/common/liblib__libc__common.a(malloc.c.obj)
 .z_init_POST_KERNEL50_00016_
                0x00000000080066c8        0x8 zephyr/drivers/i2c/libdrivers__i2c.a(i2c_ll_stm32.c.obj)
 .z_init_POST_KERNEL50_00020_
                0x00000000080066d0        0x8 zephyr/drivers/i2c/libdrivers__i2c.a(i2c_ll_stm32.c.obj)
 .z_init_POST_KERNEL50_00024_
                0x00000000080066d8        0x8 zephyr/drivers/i2c/libdrivers__i2c.a(i2c_ll_stm32.c.obj)
 .z_init_POST_KERNEL50_00051_
                0x00000000080066e0        0x8 zephyr/drivers/pwm/libdrivers__pwm.a(pwm_stm32.c.obj)
 .z_init_POST_KERNEL90_00104_
                0x00000000080066e8        0x8 zephyr/drivers/sensor/st/lps22hb/libdrivers__sensor__st__lps22hb.a(lps22hb.c.obj)
 .z_init_POST_KERNEL90_00117_
                0x00000000080066f0        0x8 zephyr/drivers/sensor/st/qdec_stm32/libdrivers__sensor__st__qdec_stm32.a(qdec_stm32.c.obj)
                0x00000000080066f8                __init_APPLICATION_start = .
 *(SORT_BY_NAME(SORT_BY_ALIGNMENT(.z_init_APPLICATION?_*)))
 *(SORT_BY_NAME(SORT_BY_ALIGNMENT(.z_init_APPLICATION??_*)))
                0x00000000080066f8                __init_SMP_start = .
 *(SORT_BY_NAME(SORT_BY_ALIGNMENT(.z_init_SMP?_*)))
 *(SORT_BY_NAME(SORT_BY_ALIGNMENT(.z_init_SMP??_*)))
                0x00000000080066f8                __init_end = .
                0x00000000080066f8                __deferred_init_list_start = .
 *(SORT_BY_ALIGNMENT(.z_deferred_init*))
                0x00000000080066f8                __deferred_init_list_end = .

device_area     0x00000000080066f8      0x17c
                0x00000000080066f8                _device_list_start = .
 *(SORT_BY_NAME(SORT_BY_ALIGNMENT(._device.static.*_?_*)))
 ._device.static.1_1_
                0x00000000080066f8       0x14 zephyr/drivers/clock_control/libdrivers__clock_control.a(clock_stm32_ll_common.c.obj)
                0x00000000080066f8                __device_dts_ord_9
 *(SORT_BY_NAME(SORT_BY_ALIGNMENT(._device.static.*_??_*)))
 ._device.static.1_35_
                0x000000000800670c       0x14 zephyr/drivers/reset/libdrivers__reset.a(reset_stm32.c.obj)
                0x000000000800670c                __device_dts_ord_48
 ._device.static.1_40_
                0x0000000008006720       0x14 zephyr/drivers/interrupt_controller/libdrivers__interrupt_controller.a(intc_exti_stm32.c.obj)
                0x0000000008006720                __device_dts_ord_68
 ._device.static.1_40_
                0x0000000008006734       0xa0 zephyr/drivers/gpio/libdrivers__gpio.a(gpio_stm32.c.obj)
                0x0000000008006734                __device_dts_ord_111
                0x0000000008006748                __device_dts_ord_110
                0x000000000800675c                __device_dts_ord_109
                0x0000000008006770                __device_dts_ord_108
                0x0000000008006784                __device_dts_ord_107
                0x0000000008006798                __device_dts_ord_40
                0x00000000080067ac                __device_dts_ord_142
                0x00000000080067c0                __device_dts_ord_29
 ._device.static.1_50_
                0x00000000080067d4       0x28 zephyr/drivers/serial/libdrivers__serial.a(uart_stm32.c.obj)
                0x00000000080067d4                __device_dts_ord_73
                0x00000000080067e8                __device_dts_ord_79
 ._device.static.3_50_
                0x00000000080067fc       0x3c zephyr/drivers/i2c/libdrivers__i2c.a(i2c_ll_stm32.c.obj)
                0x00000000080067fc                __device_dts_ord_24
                0x0000000008006810                __device_dts_ord_20
                0x0000000008006824                __device_dts_ord_16
 ._device.static.3_50_
                0x0000000008006838       0x14 zephyr/drivers/pwm/libdrivers__pwm.a(pwm_stm32.c.obj)
                0x0000000008006838                __device_dts_ord_51
 ._device.static.3_90_
                0x000000000800684c       0x14 zephyr/drivers/sensor/st/lps22hb/libdrivers__sensor__st__lps22hb.a(lps22hb.c.obj)
                0x000000000800684c                __device_dts_ord_104
 ._device.static.3_90_
                0x0000000008006860       0x14 zephyr/drivers/sensor/st/qdec_stm32/libdrivers__sensor__st__qdec_stm32.a(qdec_stm32.c.obj)
                0x0000000008006860                __device_dts_ord_117
                0x0000000008006874                _device_list_end = .

sw_isr_table    0x0000000008006874      0x308
                0x0000000008006874                . = ALIGN (0x4)
 *(SORT_BY_ALIGNMENT(.gnu.linkonce.sw_isr_table*))
 .gnu.linkonce.sw_isr_table
                0x0000000008006874      0x308 zephyr/CMakeFiles/zephyr_final.dir/isr_tables.c.obj
                0x0000000008006874                _sw_isr_table

initlevel_error
                0x0000000008006640        0x0
 *(SORT_BY_NAME(SORT_BY_ALIGNMENT(.z_init_[_A-Z0-9]*)))
                0x0000000000000001                ASSERT ((SIZEOF (initlevel_error) == 0x0), Undefined initialization levels used.)

app_shmem_regions
                0x0000000008006b7c        0x0
                0x0000000008006b7c                __app_shmem_regions_start = .
 *(SORT_BY_NAME(SORT_BY_ALIGNMENT(.app_regions.*)))
                0x0000000008006b7c                __app_shmem_regions_end = .

k_p4wq_initparam_area
                0x0000000008006b7c        0x0
                0x0000000008006b7c                _k_p4wq_initparam_list_start = .
 *(SORT_BY_NAME(SORT_BY_ALIGNMENT(._k_p4wq_initparam.static.*)))
                0x0000000008006b7c                _k_p4wq_initparam_list_end = .

_static_thread_data_area
                0x0000000008006b7c        0x0
                0x0000000008006b7c                __static_thread_data_list_start = .
 *(SORT_BY_NAME(SORT_BY_ALIGNMENT(.__static_thread_data.static.*)))
                0x0000000008006b7c                __static_thread_data_list_end = .

device_deps     0x0000000008006b7c        0x0
                0x0000000008006b7c                __device_deps_start = .
 *(SORT_BY_NAME(SORT_BY_ALIGNMENT(.__device_deps_pass2*)))
                0x0000000008006b7c                __device_deps_end = .

ztest           0x0000000008006b7c        0x0
                0x0000000008006b7c                _ztest_expected_result_entry_list_start = .
 *(SORT_BY_NAME(SORT_BY_ALIGNMENT(._ztest_expected_result_entry.static.*)))
                0x0000000008006b7c                _ztest_expected_result_entry_list_end = .
                0x0000000008006b7c                _ztest_suite_node_list_start = .
 *(SORT_BY_NAME(SORT_BY_ALIGNMENT(._ztest_suite_node.static.*)))
                0x0000000008006b7c                _ztest_suite_node_list_end = .
                0x0000000008006b7c                _ztest_unit_test_list_start = .
 *(SORT_BY_NAME(SORT_BY_ALIGNMENT(._ztest_unit_test.static.*)))
                0x0000000008006b7c                _ztest_unit_test_list_end = .
                0x0000000008006b7c                _ztest_test_rule_list_start = .
 *(SORT_BY_NAME(SORT_BY_ALIGNMENT(._ztest_test_rule.static.*)))
                0x0000000008006b7c                _ztest_test_rule_list_end = .

ctors           0x0000000008006b7c        0xc
                0x0000000008006b7c                . = ALIGN (0x4)
                0x0000000008006b7c                __ZEPHYR_CTOR_LIST__ = .
                0x0000000008006b7c        0x4 LONG 0x0 (((__ZEPHYR_CTOR_END__ - __ZEPHYR_CTOR_LIST__) / 0x4) - 0x2)
 *(SORT_BY_NAME(SORT_BY_ALIGNMENT(.ctors*)))
                0x0000000008006b80                __CTOR_LIST__ = .
                0x0000000008006b80        0x4 LONG 0x0
                0x0000000008006b84                __ZEPHYR_CTOR_END__ = .
                0x0000000008006b84        0x4 LONG 0x0
                0x0000000008006b88                __CTOR_END__ = .

init_array      0x0000000008006b88        0x0
                0x0000000008006b88                . = ALIGN (0x4)
                0x0000000008006b88                __init_array_start = .
                0x0000000008006b88                __init_array_end = .
                0x0000000008006b88                __zephyr_init_array_start = .
 *(SORT_BY_NAME(SORT_BY_ALIGNMENT(.init_array*)))
                0x0000000008006b88                __zephyr_init_array_end = .

bt_l2cap_fixed_chan_area
                0x0000000008006b88        0x0
                0x0000000008006b88                _bt_l2cap_fixed_chan_list_start = .
 *(SORT_BY_NAME(SORT_BY_ALIGNMENT(._bt_l2cap_fixed_chan.static.*)))
                0x0000000008006b88                _bt_l2cap_fixed_chan_list_end = .

bt_gatt_service_static_area
                0x0000000008006b88        0x0
                0x0000000008006b88                _bt_gatt_service_static_list_start = .
 *(SORT_BY_NAME(SORT_BY_ALIGNMENT(._bt_gatt_service_static.static.*)))
                0x0000000008006b88                _bt_gatt_service_static_list_end = .

log_strings_area
                0x0000000008006b88        0x0
                0x0000000008006b88                _log_strings_list_start = .
 *(SORT_BY_NAME(SORT_BY_ALIGNMENT(._log_strings.static.*)))
                0x0000000008006b88                _log_strings_list_end = .

log_const_area  0x0000000008006b88        0x0
                0x0000000008006b88                _log_const_list_start = .
 *(SORT_BY_NAME(SORT_BY_ALIGNMENT(._log_const.static.*)))
                0x0000000008006b88                _log_const_list_end = .

log_backend_area
                0x0000000008006b88        0x0
                0x0000000008006b88                _log_backend_list_start = .
 *(SORT_BY_NAME(SORT_BY_ALIGNMENT(._log_backend.static.*)))
                0x0000000008006b88                _log_backend_list_end = .

log_link_area   0x0000000008006b88        0x0
                0x0000000008006b88                _log_link_list_start = .
 *(SORT_BY_NAME(SORT_BY_ALIGNMENT(._log_link.static.*)))
                0x0000000008006b88                _log_link_list_end = .

tracing_backend_area
                0x0000000008006b88        0x0
                0x0000000008006b88                _tracing_backend_list_start = .
 *(SORT_BY_NAME(SORT_BY_ALIGNMENT(._tracing_backend.static.*)))
                0x0000000008006b88                _tracing_backend_list_end = .

zephyr_dbg_info
 *(SORT_BY_ALIGNMENT(.dbg_thread_info))

intc_table_area
                0x0000000008006b88        0x0
                0x0000000008006b88                _intc_table_list_start = .
 *(SORT_BY_NAME(SORT_BY_ALIGNMENT(._intc_table.static.*)))
                0x0000000008006b88                _intc_table_list_end = .

symbol_to_keep  0x0000000008006b88        0x0
                0x0000000008006b88                __symbol_to_keep_start = .
 *(SORT_BY_NAME(SORT_BY_ALIGNMENT(.symbol_to_keep*)))
                0x0000000008006b88                __symbol_to_keep_end = .

shell_area      0x0000000008006b88        0x0
                0x0000000008006b88                _shell_list_start = .
 *(SORT_BY_NAME(SORT_BY_ALIGNMENT(._shell.static.*)))
                0x0000000008006b88                _shell_list_end = .

shell_root_cmds_area
                0x0000000008006b88        0x0
                0x0000000008006b88                _shell_root_cmds_list_start = .
 *(SORT_BY_NAME(SORT_BY_ALIGNMENT(._shell_root_cmds.static.*)))
                0x0000000008006b88                _shell_root_cmds_list_end = .

shell_subcmds_area
                0x0000000008006b88        0x0
                0x0000000008006b88                _shell_subcmds_list_start = .
 *(SORT_BY_NAME(SORT_BY_ALIGNMENT(._shell_subcmds.static.*)))
                0x0000000008006b88                _shell_subcmds_list_end = .

shell_dynamic_subcmds_area
                0x0000000008006b88        0x0
                0x0000000008006b88                _shell_dynamic_subcmds_list_start = .
 *(SORT_BY_NAME(SORT_BY_ALIGNMENT(._shell_dynamic_subcmds.static.*)))
                0x0000000008006b88                _shell_dynamic_subcmds_list_end = .

cfb_font_area   0x0000000008006b88        0x0
                0x0000000008006b88                _cfb_font_list_start = .
 *(SORT_BY_NAME(SORT_BY_ALIGNMENT(._cfb_font.static.*)))
                0x0000000008006b88                _cfb_font_list_end = .

tdata           0x0000000008006b88        0x0
 *(SORT_BY_ALIGNMENT(.tdata) SORT_BY_ALIGNMENT(.tdata.*) SORT_BY_ALIGNMENT(.gnu.linkonce.td.*))

tbss            0x0000000008006b88        0x4
 *(SORT_BY_ALIGNMENT(.tbss) SORT_BY_ALIGNMENT(.tbss.*) SORT_BY_ALIGNMENT(.gnu.linkonce.tb.*) SORT_BY_ALIGNMENT(.tcommon))
 .tbss.z_tls_current
                0x0000000008006b88        0x4 zephyr/libzephyr.a(thread_entry.c.obj)
                0x0000000008006b88                z_tls_current
                0x0000000008006b88                PROVIDE (__tdata_start = LOADADDR (tdata))
                0x0000000000000001                PROVIDE (__tdata_align = ALIGNOF (tdata))
                0x0000000000000000                PROVIDE (__tdata_size = (((SIZEOF (tdata) + __tdata_align) - 0x1) & ~ ((__tdata_align - 0x1))))
                [!provide]                        PROVIDE (__tdata_end = (__tdata_start + __tdata_size))
                0x0000000000000004                PROVIDE (__tbss_align = ALIGNOF (tbss))
                [!provide]                        PROVIDE (__tbss_start = ADDR (tbss))
                0x0000000000000004                PROVIDE (__tbss_size = (((SIZEOF (tbss) + __tbss_align) - 0x1) & ~ ((__tbss_align - 0x1))))
                [!provide]                        PROVIDE (__tbss_end = (__tbss_start + __tbss_size))
                [!provide]                        PROVIDE (__tls_start = __tdata_start)
                [!provide]                        PROVIDE (__tls_end = __tbss_end)
                [!provide]                        PROVIDE (__tls_size = (__tbss_end - __tdata_start))

rodata          0x0000000008006b88      0xa38
 *(SORT_BY_ALIGNMENT(.rodata))
 .rodata        0x0000000008006b88        0x8 zephyr/drivers/interrupt_controller/libdrivers__interrupt_controller.a(intc_exti_stm32.c.obj)
 *(SORT_BY_ALIGNMENT(.rodata.*))
 .rodata.CSWTCH.168
                0x0000000008006b90        0xc app/libapp.a(main.cpp.obj)
 .rodata._ZTV19ZephyrStepperDriver
                0x0000000008006b9c       0x28 app/libapp.a(main.cpp.obj)
                0x0000000008006b9c                vtable for ZephyrStepperDriver
 .rodata._ZTV19ZephyrEncoderDriver
                0x0000000008006bc4       0x1c app/libapp.a(main.cpp.obj)
                0x0000000008006bc4                vtable for ZephyrEncoderDriver
 .rodata._ZTV20ZephyrPressureSensor
                0x0000000008006be0       0x18 app/libapp.a(main.cpp.obj)
                0x0000000008006be0                vtable for ZephyrPressureSensor
 .rodata._ZTV17UartAlarmObserver
                0x0000000008006bf8       0x18 app/libapp.a(main.cpp.obj)
                0x0000000008006bf8                vtable for UartAlarmObserver
 .rodata._ZTV16LedAlarmObserver
                0x0000000008006c10       0x18 app/libapp.a(main.cpp.obj)
                0x0000000008006c10                vtable for LedAlarmObserver
 .rodata._ZZ4mainE8led_spec
                0x0000000008006c28        0x8 app/libapp.a(main.cpp.obj)
 .rodata._ZZ4mainE7en_spec
                0x0000000008006c30        0x8 app/libapp.a(main.cpp.obj)
 .rodata._ZZ4mainE8dir_spec
                0x0000000008006c38        0x8 app/libapp.a(main.cpp.obj)
 .rodata._ZZ4mainE9step_spec
                0x0000000008006c40        0x8 app/libapp.a(main.cpp.obj)
 .rodata._ZTV12InfusionMode
                0x0000000008006c48       0x1c app/libapp.a(InfusionMode.cpp.obj)
                0x0000000008006c48                vtable for InfusionMode
 .rodata._ZTV16ConstantRateMode
                0x0000000008006c64       0x1c app/libapp.a(ConstantRateMode.cpp.obj)
                0x0000000008006c64                vtable for ConstantRateMode
 .rodata._ZTV14LinearRampMode
                0x0000000008006c80       0x1c app/libapp.a(LinearRampMode.cpp.obj)
                0x0000000008006c80                vtable for LinearRampMode
 .rodata.mem_attr_region
                0x0000000008006c9c        0x0 zephyr/libzephyr.a(mem_attr.c.obj)
 .rodata.static_regions
                0x0000000008006c9c        0xc zephyr/arch/arch/arm/core/mpu/libarch__arm__core__mpu.a(arm_core_mpu.c.obj)
 .rodata.mpu_config
                0x0000000008006ca8        0x8 zephyr/arch/arch/arm/core/mpu/libarch__arm__core__mpu.a(arm_mpu_regions.c.obj)
                0x0000000008006ca8                mpu_config
 .rodata.mpu_regions
                0x0000000008006cb0       0x18 zephyr/arch/arch/arm/core/mpu/libarch__arm__core__mpu.a(arm_mpu_regions.c.obj)
 .rodata.stm32_clock_control_api
                0x0000000008006cc8       0x1c zephyr/drivers/clock_control/libdrivers__clock_control.a(clock_stm32_ll_common.c.obj)
 .rodata.gpio_stm32_cfg_h
                0x0000000008006ce4       0x14 zephyr/drivers/gpio/libdrivers__gpio.a(gpio_stm32.c.obj)
 .rodata.gpio_stm32_cfg_g
                0x0000000008006cf8       0x14 zephyr/drivers/gpio/libdrivers__gpio.a(gpio_stm32.c.obj)
 .rodata.gpio_stm32_cfg_f
                0x0000000008006d0c       0x14 zephyr/drivers/gpio/libdrivers__gpio.a(gpio_stm32.c.obj)
 .rodata.gpio_stm32_cfg_e
                0x0000000008006d20       0x14 zephyr/drivers/gpio/libdrivers__gpio.a(gpio_stm32.c.obj)
 .rodata.gpio_stm32_cfg_d
                0x0000000008006d34       0x14 zephyr/drivers/gpio/libdrivers__gpio.a(gpio_stm32.c.obj)
 .rodata.gpio_stm32_cfg_c
                0x0000000008006d48       0x14 zephyr/drivers/gpio/libdrivers__gpio.a(gpio_stm32.c.obj)
 .rodata.gpio_stm32_cfg_b
                0x0000000008006d5c       0x14 zephyr/drivers/gpio/libdrivers__gpio.a(gpio_stm32.c.obj)
 .rodata.gpio_stm32_cfg_a
                0x0000000008006d70       0x14 zephyr/drivers/gpio/libdrivers__gpio.a(gpio_stm32.c.obj)
 .rodata.gpio_stm32_driver
                0x0000000008006d84       0x24 zephyr/drivers/gpio/libdrivers__gpio.a(gpio_stm32.c.obj)
 .rodata.i2c_stm32_cfg_2
                0x0000000008006da8       0x18 zephyr/drivers/i2c/libdrivers__i2c.a(i2c_ll_stm32.c.obj)
 .rodata.pclken_2
                0x0000000008006dc0        0x8 zephyr/drivers/i2c/libdrivers__i2c.a(i2c_ll_stm32.c.obj)
 .rodata.__pinctrl_dev_config__device_dts_ord_24
                0x0000000008006dc8        0x8 zephyr/drivers/i2c/libdrivers__i2c.a(i2c_ll_stm32.c.obj)
 .rodata.__pinctrl_states__device_dts_ord_24
                0x0000000008006dd0        0x8 zephyr/drivers/i2c/libdrivers__i2c.a(i2c_ll_stm32.c.obj)
 .rodata.__pinctrl_state_pins_0__device_dts_ord_24
                0x0000000008006dd8       0x10 zephyr/drivers/i2c/libdrivers__i2c.a(i2c_ll_stm32.c.obj)
 .rodata.i2c_stm32_cfg_1
                0x0000000008006de8       0x18 zephyr/drivers/i2c/libdrivers__i2c.a(i2c_ll_stm32.c.obj)
 .rodata.pclken_1
                0x0000000008006e00        0x8 zephyr/drivers/i2c/libdrivers__i2c.a(i2c_ll_stm32.c.obj)