Archive member included to satisfy reference by file (symbol)

app/libapp.a(main.cpp.obj)    (--whole-archive)
app/libapp.a(VolumeTracker.cpp.obj)
                              (--whole-archive)
app/libapp.a(OcclusionMonitor.cpp.obj)
                              (--whole-archive)
app/libapp.a(InfusionMode.cpp.obj)
                              (--whole-archive)
app/libapp.a(ConstantRateMode.cpp.obj)
                              (--whole-archive)
app/libapp.a(LinearRampMode.cpp.obj)
                              (--whole-archive)
zephyr/libzephyr.a(cpp_dtors.c.obj)
                              (--whole-archive)
zephyr/libzephyr.a(heap.c.obj)
                              (--whole-archive)
zephyr/libzephyr.a(cbprintf_packaged.c.obj)
                              (--whole-archive)
zephyr/libzephyr.a(printk.c.obj)
                              (--whole-archive)
zephyr/libzephyr.a(sem.c.obj)
                              (--whole-archive)
zephyr/libzephyr.a(thread_entry.c.obj)
                              (--whole-archive)
zephyr/libzephyr.a(cbprintf_complete.c.obj)
                              (--whole-archive)
zephyr/libzephyr.a(assert.c.obj)
                              (--whole-archive)
zephyr/libzephyr.a(reboot.c.obj)
                              (--whole-archive)
zephyr/libzephyr.a(dec.c.obj)
                              (--whole-archive)
zephyr/libzephyr.a(hex.c.obj)
                              (--whole-archive)
zephyr/libzephyr.a(rb.c.obj)  (--whole-archive)
zephyr/libzephyr.a(timeutil.c.obj)
                              (--whole-archive)
zephyr/libzephyr.a(bitarray.c.obj)
                              (--whole-archive)
zephyr/libzephyr.a(configs.c.obj)
                              (--whole-archive)
zephyr/libzephyr.a(stm32cube_hal.c.obj)
                              (--whole-archive)
zephyr/libzephyr.a(soc_config.c.obj)
                              (--whole-archive)
zephyr/libzephyr.a(soc.c.obj)
                              (--whole-archive)
zephyr/libzephyr.a(mem_attr.c.obj)
                              (--whole-archive)
zephyr/libzephyr.a(tracing_none.c.obj)
                              (--whole-archive)
zephyr/arch/common/libarch__common.a(sw_isr_common.c.obj)
                              (--whole-archive)
zephyr/arch/arch/arm/core/libarch__arm__core.a(fatal.c.obj)
                              (--whole-archive)
zephyr/arch/arch/arm/core/libarch__arm__core.a(nmi.c.obj)
                              (--whole-archive)
zephyr/arch/arch/arm/core/libarch__arm__core.a(nmi_on_reset.S.obj)
                              (--whole-archive)
zephyr/arch/arch/arm/core/libarch__arm__core.a(__aeabi_atexit.c.obj)
                              (--whole-archive)
zephyr/arch/arch/arm/core/libarch__arm__core.a(tls.c.obj)
                              (--whole-archive)
zephyr/arch/arch/arm/core/cortex_m/libarch__arm__core__cortex_m.a(exc_exit.c.obj)
                              (--whole-archive)
zephyr/arch/arch/arm/core/cortex_m/libarch__arm__core__cortex_m.a(fault.c.obj)
                              (--whole-archive)
zephyr/arch/arch/arm/core/cortex_m/libarch__arm__core__cortex_m.a(fault_s.S.obj)
                              (--whole-archive)
zephyr/arch/arch/arm/core/cortex_m/libarch__arm__core__cortex_m.a(fpu.c.obj)
                              (--whole-archive)
zephyr/arch/arch/arm/core/cortex_m/libarch__arm__core__cortex_m.a(reset.S.obj)
                              (--whole-archive)
zephyr/arch/arch/arm/core/cortex_m/libarch__arm__core__cortex_m.a(scb.c.obj)
                              (--whole-archive)
zephyr/arch/arch/arm/core/cortex_m/libarch__arm__core__cortex_m.a(thread_abort.c.obj)
                              (--whole-archive)
zephyr/arch/arch/arm/core/cortex_m/libarch__arm__core__cortex_m.a(vector_table.S.obj)
                              (--whole-archive)
zephyr/arch/arch/arm/core/cortex_m/libarch__arm__core__cortex_m.a(swap.c.obj)
                              (--whole-archive)
zephyr/arch/arch/arm/core/cortex_m/libarch__arm__core__cortex_m.a(swap_helper.S.obj)
                              (--whole-archive)
zephyr/arch/arch/arm/core/cortex_m/libarch__arm__core__cortex_m.a(irq_manage.c.obj)
                              (--whole-archive)
zephyr/arch/arch/arm/core/cortex_m/libarch__arm__core__cortex_m.a(prep_c.c.obj)
                              (--whole-archive)
zephyr/arch/arch/arm/core/cortex_m/libarch__arm__core__cortex_m.a(thread.c.obj)
                              (--whole-archive)
zephyr/arch/arch/arm/core/cortex_m/libarch__arm__core__cortex_m.a(cpu_idle.c.obj)
                              (--whole-archive)
zephyr/arch/arch/arm/core/cortex_m/libarch__arm__core__cortex_m.a(irq_init.c.obj)
                              (--whole-archive)
zephyr/arch/arch/arm/core/cortex_m/libarch__arm__core__cortex_m.a(isr_wrapper.c.obj)
                              (--whole-archive)
zephyr/arch/arch/arm/core/cortex_m/libarch__arm__core__cortex_m.a(__aeabi_read_tp.S.obj)
[...]
Memory Configuration

Name             Origin             Length             Attributes
FLASH            0x0000000008000000 0x0000000000080000 xr
RAM              0x0000000020000000 0x0000000000020000 xw
BACKUP_SRAM      0x0000000040024000 0x0000000000001000
IDT_LIST         0x00000000ffff7fff 0x0000000000008000 xw
*default*        0x0000000000000000 0xffffffffffffffff

Linker script and memory map

                0x00000000080046f4                vfprintf = __l_vfprintf
                0x0000000008004bac                vfscanf = __l_vfscanf
LOAD zephyr/CMakeFiles/zephyr_final.dir/misc/empty_file.c.obj
LOAD zephyr/CMakeFiles/zephyr_final.dir/isr_tables.c.obj
LOAD zephyr/CMakeFiles/offsets.dir/./arch/arm/core/offsets/offsets.c.obj
LOAD app/libapp.a
LOAD zephyr/libzephyr.a
LOAD zephyr/arch/common/libarch__common.a
LOAD zephyr/arch/arch/arm/core/libarch__arm__core.a
LOAD zephyr/arch/arch/arm/core/cortex_m/libarch__arm__core__cortex_m.a
LOAD zephyr/arch/arch/arm/core/mpu/libarch__arm__core__mpu.a
LOAD zephyr/lib/libc/picolibc/liblib__libc__picolibc.a
LOAD zephyr/lib/libc/common/liblib__libc__common.a
LOAD zephyr/drivers/interrupt_controller/libdrivers__interrupt_controller.a
LOAD zephyr/drivers/clock_control/libdrivers__clock_control.a
LOAD zephyr/drivers/console/libdrivers__console.a
LOAD zephyr/drivers/gpio/libdrivers__gpio.a
LOAD zephyr/drivers/i2c/libdrivers__i2c.a
LOAD zephyr/drivers/pinctrl/libdrivers__pinctrl.a
LOAD zephyr/drivers/pwm/libdrivers__pwm.a
LOAD zephyr/drivers/reset/libdrivers__reset.a
LOAD zephyr/drivers/sensor/st/lps22hb/libdrivers__sensor__st__lps22hb.a
LOAD zephyr/drivers/sensor/st/qdec_stm32/libdrivers__sensor__st__qdec_stm32.a
LOAD zephyr/drivers/serial/libdrivers__serial.a
LOAD zephyr/drivers/timer/libdrivers__timer.a
LOAD modules/hal_stm32/stm32cube/lib..__modules__hal__stm32__stm32cube.a
LOAD zephyr/kernel/libkernel.a
LOAD zephyr/arch/common/libisr_tables.a
LOAD /home/krishna-inc-5836/zephyr-sdk-0.17.0/arm-zephyr-eabi/bin/../lib/gcc/../../picolibc/arm-zephyr-eabi/lib/thumb/v7e-m/nofp/libstdc++.a
LOAD /home/krishna-inc-5836/zephyr-sdk-0.17.0/arm-zephyr-eabi/bin/../lib/gcc/../../picolibc/arm-zephyr-eabi/lib/thumb/v7e-m/nofp/libc.a
LOAD /home/krishna-inc-5836/zephyr-sdk-0.17.0/arm-zephyr-eabi/bin/../lib/gcc/arm-zephyr-eabi/12.2.0/thumb/v7e-m/nofp/libgcc.a
                0x0000000000000020                _region_min_align = 0x20

.rel.plt        0x0000000008000000        0x0
 *(SORT_BY_ALIGNMENT(.rel.plt))
                [!provide]                        PROVIDE (__rel_iplt_start = .)
 *(SORT_BY_ALIGNMENT(.rel.iplt))
 .rel.iplt      0x0000000008000000        0x0 zephyr/CMakeFiles/zephyr_final.dir/isr_tables.c.obj
                [!provide]                        PROVIDE (__rel_iplt_end = .)

.rela.plt       0x0000000000000000        0x0
 *(SORT_BY_ALIGNMENT(.rela.plt))
                [!provide]                        PROVIDE (__rela_iplt_start = .)
 *(SORT_BY_ALIGNMENT(.rela.iplt))
                [!provide]                        PROVIDE (__rela_iplt_end = .)

.rel.dyn
 *(SORT_BY_ALIGNMENT(.rel.*))

.rela.dyn
 *(SORT_BY_ALIGNMENT(.rela.*))

/DISCARD/
 *(SORT_BY_ALIGNMENT(.plt))

/DISCARD/
 *(SORT_BY_ALIGNMENT(.iplt))
                0x0000000008000000                __rom_region_start = 0x8000000

rom_start       0x0000000008000000      0x1c4
                0x0000000008000000                __rom_start_address = .
 FILL mask 0x00
                0x0000000008000000                . = (. + (0x0 - (. - __rom_start_address)))
                0x0000000008000000                . = ALIGN (0x4)
                0x0000000008000000                . = ALIGN (0x80)
                0x0000000008000000                . = ALIGN (0x200)
                0x0000000008000000                _vector_start = .
 *(SORT_BY_ALIGNMENT(.exc_vector_table))
 *(SORT_BY_ALIGNMENT(.exc_vector_table.*))
 .exc_vector_table._vector_table_section
                0x0000000008000000       0x40 zephyr/arch/arch/arm/core/cortex_m/libarch__arm__core__cortex_m.a(vector_table.S.obj)
                0x0000000008000000                _vector_table
 *(SORT_BY_ALIGNMENT(.vectors))
                0x00000000080001c4                _vector_end = .
                0x0000000008000040                . = ALIGN (0x4)
 *(SORT_BY_ALIGNMENT(.gnu.linkonce.irq_vector_table*))
 .gnu.linkonce.irq_vector_table
                0x0000000008000040      0x184 zephyr/CMakeFiles/zephyr_final.dir/isr_tables.c.obj
                0x0000000008000040                _irq_vector_table
                0x00000000080001c4                _vector_end = .

text            0x00000000080001c4     0x6744
                0x00000000080001c4                __text_region_start = .
 *(SORT_BY_ALIGNMENT(.text))
 .text          0x00000000080001c4      0x21c /home/krishna-inc-5836/zephyr-sdk-0.17.0/arm-zephyr-eabi/bin/../lib/gcc/arm-zephyr-eabi/12.2.0/thumb/v7e-m/nofp/libgcc.a(_arm_addsubsf3.o)
                0x00000000080001c4                __aeabi_frsub
                0x00000000080001cc                __subsf3
                0x00000000080001cc                __aeabi_fsub
                0x00000000080001d0                __aeabi_fadd
                0x00000000080001d0                __addsf3
                0x0000000008000330                __aeabi_ui2f
                0x0000000008000330                __floatunsisf
                0x0000000008000338                __aeabi_i2f
                0x0000000008000338                __floatsisf
                0x0000000008000354                __floatundisf
                0x0000000008000354                __aeabi_ul2f
                0x0000000008000364                __floatdisf
                0x0000000008000364                __aeabi_l2f
 .text          0x00000000080003e0      0x2a0 /home/krishna-inc-5836/zephyr-sdk-0.17.0/arm-zephyr-eabi/bin/../lib/gcc/arm-zephyr-eabi/12.2.0/thumb/v7e-m/nofp/libgcc.a(_arm_muldivsf3.o)
                0x00000000080003e0                __mulsf3
                0x00000000080003e0                __aeabi_fmul
                0x0000000008000548                __divsf3
                0x0000000008000548                __aeabi_fdiv
 .text          0x0000000008000680       0xec /home/krishna-inc-5836/zephyr-sdk-0.17.0/arm-zephyr-eabi/bin/../lib/gcc/arm-zephyr-eabi/12.2.0/thumb/v7e-m/nofp/libgcc.a(_arm_cmpsf2.o)
                0x0000000008000680                __gtsf2
                0x0000000008000680                __gesf2
                0x0000000008000688                __lesf2
                0x0000000008000688                __ltsf2
                0x0000000008000690                __nesf2
                0x0000000008000690                __eqsf2
                0x0000000008000690                __cmpsf2
                0x00000000080006f0                __aeabi_cfrcmple
                0x00000000080006f8                __aeabi_cfcmple
                0x00000000080006f8                __aeabi_cfcmpeq
                0x0000000008000708                __aeabi_fcmpeq
                0x000000000800071c                __aeabi_fcmplt
                0x0000000008000730                __aeabi_fcmple
                0x0000000008000744                __aeabi_fcmpge
                0x0000000008000758                __aeabi_fcmpgt
 .text          0x000000000800076c       0x4c /home/krishna-inc-5836/zephyr-sdk-0.17.0/arm-zephyr-eabi/bin/../lib/gcc/arm-zephyr-eabi/12.2.0/thumb/v7e-m/nofp/libgcc.a(_arm_fixsfsi.o)
                0x000000000800076c                __fixsfsi
                0x000000000800076c                __aeabi_f2iz
 .text          0x00000000080007b8       0x40 /home/krishna-inc-5836/zephyr-sdk-0.17.0/arm-zephyr-eabi/bin/../lib/gcc/arm-zephyr-eabi/12.2.0/thumb/v7e-m/nofp/libgcc.a(_arm_fixunssfsi.o)
                0x00000000080007b8                __aeabi_f2uiz
                0x00000000080007b8                __fixunssfsi
 .text          0x00000000080007f8       0x30 /home/krishna-inc-5836/zephyr-sdk-0.17.0/arm-zephyr-eabi/bin/../lib/gcc/arm-zephyr-eabi/12.2.0/thumb/v7e-m/nofp/libgcc.a(_aeabi_uldivmod.o)
                0x00000000080007f8                __aeabi_uldivmod
 .text          0x0000000008000828        0x4 /home/krishna-inc-5836/zephyr-sdk-0.17.0/arm-zephyr-eabi/bin/../lib/gcc/arm-zephyr-eabi/12.2.0/thumb/v7e-m/nofp/libgcc.a(_dvmd_tls.o)
                0x0000000008000828                __aeabi_ldiv0
                0x0000000008000828                __aeabi_idiv0
 .text          0x000000000800082c      0x2a0 /home/krishna-inc-5836/zephyr-sdk-0.17.0/arm-zephyr-eabi/bin/../lib/gcc/arm-zephyr-eabi/12.2.0/thumb/v7e-m/nofp/libgcc.a(_udivmoddi4.o)
                0x000000000800082c                __udivmoddi4
 *(SORT_BY_ALIGNMENT(.text.*))
 .text._ZNK19ZephyrEncoderDriver8getTicksEv
                0x0000000008000acc       0x20 app/libapp.a(main.cpp.obj)
                0x0000000008000acc                ZephyrEncoderDriver::getTicks() const
 .text._ZL10uart_rx_fnPvS_S_
                0x0000000008000aec      0x2cc app/libapp.a(main.cpp.obj)
 .text._ZL18tick_timer_handlerP7k_timer
                0x0000000008000db8       0x10 app/libapp.a(main.cpp.obj)
 .text.LL_GPIO_SetAFPin_0_7.constprop.0
                0x0000000008000dc8       0x34 app/libapp.a(main.cpp.obj)
 .text.LL_GPIO_SetPinPull.constprop.0
                0x0000000008000dfc       0x34 app/libapp.a(main.cpp.obj)
 .text.LL_GPIO_SetPinSpeed.constprop.0
                0x0000000008000e30       0x34 app/libapp.a(main.cpp.obj)
 .text.LL_GPIO_SetPinMode.constprop.0
                0x0000000008000e64       0x34 app/libapp.a(main.cpp.obj)
 .text._ZNK20ZephyrPressureSensor15readPressureHPaEv
                0x0000000008000e98       0x5c app/libapp.a(main.cpp.obj)
                0x0000000008000e98                ZephyrPressureSensor::readPressureHPa() const
 .text._ZL15infusion_run_fnPvS_S_
                0x0000000008000ef4       0x1c app/libapp.a(main.cpp.obj)
 .text._ZN19ZephyrEncoderDriverC2Ev
                0x0000000008000f10       0xb4 app/libapp.a(main.cpp.obj)
                0x0000000008000f10                ZephyrEncoderDriver::ZephyrEncoderDriver()
                0x0000000008000f10                ZephyrEncoderDriver::ZephyrEncoderDriver()
 .text._ZN17UartAlarmObserver14onAlarmClearedE9AlarmType
                0x0000000008000fc4       0x10 app/libapp.a(main.cpp.obj)
                0x0000000008000fc4                UartAlarmObserver::onAlarmCleared(AlarmType)
 .text._ZN17UartAlarmObserver7onAlarmE9AlarmType
                0x0000000008000fd4       0x1c app/libapp.a(main.cpp.obj)
                0x0000000008000fd4                UartAlarmObserver::onAlarm(AlarmType)
 .text.main     0x0000000008000ff0      0x34c app/libapp.a(main.cpp.obj)
                0x0000000008000ff0                main
 .text._ZN12InfusionModeC2ER14IStepperDriverR14IEncoderDriverR13VolumeTrackerR16OcclusionMonitorj
                0x000000000800133c       0x24 app/libapp.a(InfusionMode.cpp.obj)
                0x000000000800133c                InfusionMode::InfusionMode(IStepperDriver&, IEncoderDriver&, VolumeTracker&, OcclusionMonitor&, unsigned int)
                0x000000000800133c                InfusionMode::InfusionMode(IStepperDriver&, IEncoderDriver&, VolumeTracker&, OcclusionMonitor&, unsigned int)
 .text._ZN12InfusionMode5startEv
                0x0000000008001360       0x40 app/libapp.a(InfusionMode.cpp.obj)
                0x0000000008001360                InfusionMode::start()
 .text._ZN12InfusionMode4stopEv
                0x00000000080013a0       0x20 app/libapp.a(InfusionMode.cpp.obj)
                0x00000000080013a0                InfusionMode::stop()
 .text._ZN12InfusionMode5pauseEv
                0x00000000080013c0       0x20 app/libapp.a(InfusionMode.cpp.obj)
                0x00000000080013c0                InfusionMode::pause()
 .text._ZN12InfusionMode6resumeEv
                0x00000000080013e0       0x20 app/libapp.a(InfusionMode.cpp.obj)
                0x00000000080013e0                InfusionMode::resume()
 .text._ZN12InfusionMode9applyRateEf
                0x0000000008001400       0x4c app/libapp.a(InfusionMode.cpp.obj)
                0x0000000008001400                InfusionMode::applyRate(float)
 .text._ZN16ConstantRateModeC2ER14IStepperDriverR14IEncoderDriverR13VolumeTrackerR16OcclusionMonitorjf
                0x000000000800144c       0x24 app/libapp.a(ConstantRateMode.cpp.obj)
                0x000000000800144c                ConstantRateMode::ConstantRateMode(IStepperDriver&, IEncoderDriver&, VolumeTracker&, OcclusionMonitor&, unsigned int, float)
                0x000000000800144c                ConstantRateMode::ConstantRateMode(IStepperDriver&, IEncoderDriver&, VolumeTracker&, OcclusionMonitor&, unsigned int, float)
 .text._ZN14LinearRampModeC2ER14IStepperDriverR14IEncoderDriverR13VolumeTrackerR16OcclusionMonitorjffj
                0x0000000008001470       0x30 app/libapp.a(LinearRampMode.cpp.obj)
                0x0000000008001470                LinearRampMode::LinearRampMode(IStepperDriver&, IEncoderDriver&, VolumeTracker&, OcclusionMonitor&, unsigned int, float, float, unsigned int)
                0x0000000008001470                LinearRampMode::LinearRampMode(IStepperDriver&, IEncoderDriver&, VolumeTracker&, OcclusionMonitor&, unsigned int, float, float, unsigned int)
 .text.char_out
                0x00000000080014a0        0xc zephyr/libzephyr.a(printk.c.obj)
 .text.__printk_hook_install
                0x00000000080014ac        0xc zephyr/libzephyr.a(printk.c.obj)
                0x00000000080014ac                __printk_hook_install
 .text.vprintk  0x00000000080014b8       0x30 zephyr/libzephyr.a(printk.c.obj)
                0x00000000080014b8                vprintk
 .text.z_thread_entry
                0x00000000080014e8       0x34 zephyr/libzephyr.a(thread_entry.c.obj)
                0x00000000080014e8                z_thread_entry
 .text.st_stm32_common_config
                0x000000000800151c       0x14 zephyr/libzephyr.a(soc_config.c.obj)
 .text.soc_early_init_hook
                0x0000000008001530       0x30 zephyr/libzephyr.a(soc.c.obj)
                0x0000000008001530                soc_early_init_hook
 .text.mem_attr_get_regions
                0x0000000008001560        0xc zephyr/libzephyr.a(mem_attr.c.obj)
                0x0000000008001560                mem_attr_get_regions
 .text.z_arm_nmi
                0x000000000800156c       0x14 zephyr/arch/arch/arm/core/libarch__arm__core.a(nmi.c.obj)
                0x000000000800156c                z_arm_nmi
 .text.z_SysNmiOnReset
                0x0000000008001580        0x8 zephyr/arch/arch/arm/core/libarch__arm__core.a(nmi_on_reset.S.obj)
                0x0000000008001580                z_SysNmiOnReset
 .text.arch_tls_stack_setup
                0x0000000008001588       0x40 zephyr/arch/arch/arm/core/libarch__arm__core.a(tls.c.obj)
                0x0000000008001588                arch_tls_stack_setup
 .text._HandlerModeExit
                0x00000000080015c8       0x28 zephyr/arch/arch/arm/core/cortex_m/libarch__arm__core__cortex_m.a(exc_exit.c.obj)
                0x00000000080015c8                z_arm_exc_exit
                0x00000000080015c8                z_arm_int_exit
 .text.mem_manage_fault
                0x00000000080015f0       0xa0 zephyr/arch/arch/arm/core/cortex_m/libarch__arm__core__cortex_m.a(fault.c.obj)
 .text.usage_fault.constprop.0
                0x0000000008001690       0x54 zephyr/arch/arch/arm/core/cortex_m/libarch__arm__core__cortex_m.a(fault.c.obj)
 .text.bus_fault.constprop.0
                0x00000000080016e4       0x6c zephyr/arch/arch/arm/core/cortex_m/libarch__arm__core__cortex_m.a(fault.c.obj)
 .text.z_arm_fault
                0x0000000008001750      0x128 zephyr/arch/arch/arm/core/cortex_m/libarch__arm__core__cortex_m.a(fault.c.obj)
                0x0000000008001750                z_arm_fault
 .text.z_arm_fault_init
                0x0000000008001878       0x18 zephyr/arch/arch/arm/core/cortex_m/libarch__arm__core__cortex_m.a(fault.c.obj)
                0x0000000008001878                z_arm_fault_init
 .text.__fault  0x0000000008001890       0x14 zephyr/arch/arch/arm/core/cortex_m/libarch__arm__core__cortex_m.a(fault_s.S.obj)
                0x0000000008001890                z_arm_bus_fault
                0x0000000008001890                z_arm_usage_fault
                0x0000000008001890                z_arm_mpu_fault
                0x0000000008001890                z_arm_exc_spurious
                0x0000000008001890                z_arm_debug_monitor
                0x0000000008001890                z_arm_hard_fault
 .text._reset_section
                0x00000000080018a4       0x2c zephyr/arch/arch/arm/core/cortex_m/libarch__arm__core__cortex_m.a(reset.S.obj)
                0x00000000080018a4                z_arm_reset
                0x00000000080018a4                __start
 .text.z_impl_k_thread_abort
                0x00000000080018d0       0x2c zephyr/arch/arch/arm/core/cortex_m/libarch__arm__core__cortex_m.a(thread_abort.c.obj)
                0x00000000080018d0                z_impl_k_thread_abort
 .text.arch_swap
                0x00000000080018fc       0x30 zephyr/arch/arch/arm/core/cortex_m/libarch__arm__core__cortex_m.a(swap.c.obj)
                0x00000000080018fc                arch_swap
 .text.z_arm_pendsv
                0x000000000800192c       0x64 zephyr/arch/arch/arm/core/cortex_m/libarch__arm__core__cortex_m.a(swap_helper.S.obj)
                0x000000000800192c                z_arm_pendsv
 .text.z_arm_svc
                0x0000000008001990       0x24 zephyr/arch/arch/arm/core/cortex_m/libarch__arm__core__cortex_m.a(swap_helper.S.obj)
                0x0000000008001990                z_arm_svc
 .text.arch_irq_enable
                0x00000000080019b4       0x1c zephyr/arch/arch/arm/core/cortex_m/libarch__arm__core__cortex_m.a(irq_manage.c.obj)
                0x00000000080019b4                arch_irq_enable
 .text.z_arm_irq_priority_set
                0x00000000080019d0       0x30 zephyr/arch/arch/arm/core/cortex_m/libarch__arm__core__cortex_m.a(irq_manage.c.obj)
                0x00000000080019d0                z_arm_irq_priority_set
 .text.z_prep_c
                0x0000000008001a00       0x48 zephyr/arch/arch/arm/core/cortex_m/libarch__arm__core__cortex_m.a(prep_c.c.obj)
                0x0000000008001a00                z_prep_c
 .text.arch_new_thread
                0x0000000008001a48       0x38 zephyr/arch/arch/arm/core/cortex_m/libarch__arm__core__cortex_m.a(thread.c.obj)
                0x0000000008001a48                arch_new_thread
 .text.z_check_thread_stack_fail
                0x0000000008001a80       0x2c zephyr/arch/arch/arm/core/cortex_m/libarch__arm__core__cortex_m.a(thread.c.obj)
                0x0000000008001a80                z_check_thread_stack_fail
 .text.arch_switch_to_main_thread
                0x0000000008001aac       0x44 zephyr/arch/arch/arm/core/cortex_m/libarch__arm__core__cortex_m.a(thread.c.obj)
                0x0000000008001aac                arch_switch_to_main_thread
 .text.z_arm_cpu_idle_init
                0x0000000008001af0        0xc zephyr/arch/arch/arm/core/cortex_m/libarch__arm__core__cortex_m.a(cpu_idle.c.obj)
                0x0000000008001af0                z_arm_cpu_idle_init
 .text.z_arm_interrupt_init
                0x0000000008001afc       0x18 zephyr/arch/arch/arm/core/cortex_m/libarch__arm__core__cortex_m.a(irq_init.c.obj)
                0x0000000008001afc                z_arm_interrupt_init
 .text._isr_wrapper
                0x0000000008001b14       0x24 zephyr/arch/arch/arm/core/cortex_m/libarch__arm__core__cortex_m.a(isr_wrapper.c.obj)
                0x0000000008001b14                _isr_wrapper
 .text.z_arm_configure_static_mpu_regions
                0x0000000008001b38       0x18 zephyr/arch/arch/arm/core/mpu/libarch__arm__core__mpu.a(arm_core_mpu.c.obj)
                0x0000000008001b38                z_arm_configure_static_mpu_regions
 .text.z_arm_configure_dynamic_mpu_regions
                0x0000000008001b50       0x20 zephyr/arch/arch/arm/core/mpu/libarch__arm__core__mpu.a(arm_core_mpu.c.obj)
                0x0000000008001b50                z_arm_configure_dynamic_mpu_regions
 .text.region_init
                0x0000000008001b70       0x28 zephyr/arch/arch/arm/core/mpu/libarch__arm__core__mpu.a(arm_mpu.c.obj)
 .text.mpu_configure_regions
                0x0000000008001b98       0x6c zephyr/arch/arch/arm/core/mpu/libarch__arm__core__mpu.a(arm_mpu.c.obj)
 .text.arm_core_mpu_enable
                0x0000000008001c04       0x18 zephyr/arch/arch/arm/core/mpu/libarch__arm__core__mpu.a(arm_mpu.c.obj)
                0x0000000008001c04                arm_core_mpu_enable
 .text.arm_core_mpu_disable
                0x0000000008001c1c       0x14 zephyr/arch/arch/arm/core/mpu/libarch__arm__core__mpu.a(arm_mpu.c.obj)
                0x0000000008001c1c                arm_core_mpu_disable
 .text.arm_core_mpu_configure_static_mpu_regions
                0x0000000008001c30       0x14 zephyr/arch/arch/arm/core/mpu/libarch__arm__core__mpu.a(arm_mpu.c.obj)
                0x0000000008001c30                arm_core_mpu_configure_static_mpu_regions
 .text.arm_core_mpu_configure_dynamic_mpu_regions
                0x0000000008001c44       0x38 zephyr/arch/arch/arm/core/mpu/libarch__arm__core__mpu.a(arm_mpu.c.obj)
                0x0000000008001c44                arm_core_mpu_configure_dynamic_mpu_regions
 .text.z_arm_mpu_init
                0x0000000008001c7c      0x168 zephyr/arch/arch/arm/core/mpu/libarch__arm__core__mpu.a(arm_mpu.c.obj)
                0x0000000008001c7c                z_arm_mpu_init
 .text.z_impl_zephyr_fputc
                0x0000000008001de4       0x10 zephyr/lib/libc/picolibc/liblib__libc__picolibc.a(libc-hooks.c.obj)
                0x0000000008001de4                z_impl_zephyr_fputc
 .text.__stdout_hook_install
                0x0000000008001df4       0x18 zephyr/lib/libc/picolibc/liblib__libc__picolibc.a(libc-hooks.c.obj)
                0x0000000008001df4                __stdout_hook_install
 .text.malloc_prepare
                0x0000000008001e0c       0x24 zephyr/lib/libc/common/liblib__libc__common.a(malloc.c.obj)
 .text.malloc_lock
                0x0000000008001e30       0x14 zephyr/lib/libc/common/liblib__libc__common.a(malloc.c.obj)
 .text.malloc_unlock
                0x0000000008001e44        0xc zephyr/lib/libc/common/liblib__libc__common.a(malloc.c.obj)
 .text.free     0x0000000008001e50       0x1c zephyr/lib/libc/common/liblib__libc__common.a(malloc.c.obj)
                0x0000000008001e50                free
 .text.stm32_exti_isr
                0x0000000008001e6c       0x50 zephyr/drivers/interrupt_controller/libdrivers__interrupt_controller.a(intc_exti_stm32.c.obj)
 .text.stm32_fill_irq_table
                0x0000000008001ebc       0x18 zephyr/drivers/interrupt_controller/libdrivers__interrupt_controller.a(intc_exti_stm32.c.obj)
 .text.stm32_exti_init
                0x0000000008001ed4       0xb4 zephyr/drivers/interrupt_controller/libdrivers__interrupt_controller.a(intc_exti_stm32.c.obj)
 .text.stm32_gpio_intc_enable_line
                0x0000000008001f88       0x2c zephyr/drivers/interrupt_controller/libdrivers__interrupt_controller.a(intc_exti_stm32.c.obj)
                0x0000000008001f88                stm32_gpio_intc_enable_line
 .text.stm32_gpio_intc_disable_line
                0x0000000008001fb4       0x10 zephyr/drivers/interrupt_controller/libdrivers__interrupt_controller.a(intc_exti_stm32.c.obj)
                0x0000000008001fb4                stm32_gpio_intc_disable_line
 .text.stm32_gpio_intc_select_line_trigger
                0x0000000008001fc4       0x50 zephyr/drivers/interrupt_controller/libdrivers__interrupt_controller.a(intc_exti_stm32.c.obj)
                0x0000000008001fc4                stm32_gpio_intc_select_line_trigger
 .text.stm32_gpio_intc_set_irq_callback
                0x0000000008002014       0x40 zephyr/drivers/interrupt_controller/libdrivers__interrupt_controller.a(intc_exti_stm32.c.obj)
                0x0000000008002014                stm32_gpio_intc_set_irq_callback
 .text.stm32_gpio_intc_remove_irq_callback
                0x0000000008002054       0x24 zephyr/drivers/interrupt_controller/libdrivers__interrupt_controller.a(intc_exti_stm32.c.obj)
                0x0000000008002054                stm32_gpio_intc_remove_irq_callback
 .text.stm32_exti_get_line_src_port
                0x0000000008002078       0x30 zephyr/drivers/interrupt_controller/libdrivers__interrupt_controller.a(intc_exti_stm32.c.obj)
                0x0000000008002078                stm32_exti_get_line_src_port
 .text.stm32_clock_control_get_subsys_rate
                0x00000000080020a8       0x80 zephyr/drivers/clock_control/libdrivers__clock_control.a(clock_stm32_ll_common.c.obj)
 .text.stm32_clock_control_init
                0x0000000008002128      0x11c zephyr/drivers/clock_control/libdrivers__clock_control.a(clock_stm32_ll_common.c.obj)
                0x0000000008002128                stm32_clock_control_init
 .text.get_pllsrc_frequency
                0x0000000008002244        0x8 zephyr/drivers/clock_control/libdrivers__clock_control.a(clock_stm32f2_f4_f7.c.obj)
                0x0000000008002244                get_pllsrc_frequency
 .text.config_pll_sysclock
                0x000000000800224c       0x34 zephyr/drivers/clock_control/libdrivers__clock_control.a(clock_stm32f2_f4_f7.c.obj)
                0x000000000800224c                config_pll_sysclock
 .text.config_enable_default_clocks
                0x0000000008002280       0x20 zephyr/drivers/clock_control/libdrivers__clock_control.a(clock_stm32f2_f4_f7.c.obj)
                0x0000000008002280                config_enable_default_clocks
 .text.uart_console_init
                0x00000000080022a0       0x28 zephyr/drivers/console/libdrivers__console.a(uart_console.c.obj)
 .text.console_out
                0x00000000080022c8       0x28 zephyr/drivers/console/libdrivers__console.a(uart_console.c.obj)
 .text.gpio_stm32_pin_interrupt_configure
                0x00000000080022f0       0xb0 zephyr/drivers/gpio/libdrivers__gpio.a(gpio_stm32.c.obj)
 .text.gpio_stm32_init
                0x00000000080023a0       0x30 zephyr/drivers/gpio/libdrivers__gpio.a(gpio_stm32.c.obj)
 .text.stm32_i2c_configure_timing
                0x00000000080023d0       0xa8 zephyr/drivers/i2c/libdrivers__i2c.a(i2c_ll_stm32_v1.c.obj)
                0x00000000080023d0                stm32_i2c_configure_timing
 .text.i2c_stm32_runtime_configure
                0x0000000008002478       0x6c zephyr/drivers/i2c/libdrivers__i2c.a(i2c_ll_stm32.c.obj)
                0x0000000008002478                i2c_stm32_runtime_configure
 .text.i2c_stm32_init
                0x00000000080024e4       0xe8 zephyr/drivers/i2c/libdrivers__i2c.a(i2c_ll_stm32.c.obj)
 .text.pinctrl_configure_pins
                0x00000000080025cc       0x84 zephyr/drivers/pinctrl/libdrivers__pinctrl.a(pinctrl_stm32.c.obj)
                0x00000000080025cc                pinctrl_configure_pins
 .text.LL_TIM_OC_GetPolarity
                0x0000000008002650       0x50 zephyr/drivers/pwm/libdrivers__pwm.a(pwm_stm32.c.obj)
 .text.pwm_stm32_set_cycles
                0x00000000080026a0      0x20c zephyr/drivers/pwm/libdrivers__pwm.a(pwm_stm32.c.obj)
 .text.pwm_stm32_init
                0x00000000080028ac       0xe0 zephyr/drivers/pwm/libdrivers__pwm.a(pwm_stm32.c.obj)
 .text.lps22hb_channel_get
                0x000000000800298c       0x54 zephyr/drivers/sensor/st/lps22hb/libdrivers__sensor__st__lps22hb.a(lps22hb.c.obj)
 .text.qdec_stm32_initialize
                0x00000000080029e0       0xcc zephyr/drivers/sensor/st/qdec_stm32/libdrivers__sensor__st__qdec_stm32.a(qdec_stm32.c.obj)
 .text.uart_stm32_parameters_set
                0x0000000008002aac       0xf8 zephyr/drivers/serial/libdrivers__serial.a(uart_stm32.c.obj)
 .text.uart_stm32_configure
                0x0000000008002ba4      0x154 zephyr/drivers/serial/libdrivers__serial.a(uart_stm32.c.obj)
 .text.uart_stm32_init
                0x0000000008002cf8       0xa8 zephyr/drivers/serial/libdrivers__serial.a(uart_stm32.c.obj)
 .text.elapsed  0x0000000008002da0       0x4c zephyr/drivers/timer/libdrivers__timer.a(cortex_m_systick.c.obj)
 .text.sys_clock_driver_init
                0x0000000008002dec       0x38 zephyr/drivers/timer/libdrivers__timer.a(cortex_m_systick.c.obj)
 .text.sys_clock_isr
                0x0000000008002e24       0x60 zephyr/drivers/timer/libdrivers__timer.a(cortex_m_systick.c.obj)
                0x0000000008002e24                sys_clock_isr
 .text.sys_clock_set_timeout
                0x0000000008002e84       0xf8 zephyr/drivers/timer/libdrivers__timer.a(cortex_m_systick.c.obj)
                0x0000000008002e84                sys_clock_set_timeout
 .text.sys_clock_elapsed
                0x0000000008002f7c       0x3c zephyr/drivers/timer/libdrivers__timer.a(cortex_m_systick.c.obj)
                0x0000000008002f7c                sys_clock_elapsed
 .text.sys_clock_cycle_get_32
                0x0000000008002fb8       0x28 zephyr/drivers/timer/libdrivers__timer.a(cortex_m_systick.c.obj)
                0x0000000008002fb8                sys_clock_cycle_get_32
 .text.HAL_RCC_GetSysClockFreq
                0x0000000008002fe0       0x90 modules/hal_stm32/stm32cube/lib..__modules__hal__stm32__stm32cube.a(stm32f4xx_hal_rcc_ex.c.obj)
                0x0000000008002fe0                HAL_RCC_GetSysClockFreq
 .text.RCC_GetHCLKClockFreq
                0x0000000008003070       0x18 modules/hal_stm32/stm32cube/lib..__modules__hal__stm32__stm32cube.a(stm32f4xx_ll_rcc.c.obj)
                0x0000000008003070                RCC_GetHCLKClockFreq
 .text.RCC_GetPCLK1ClockFreq
                0x0000000008003088       0x18 modules/hal_stm32/stm32cube/lib..__modules__hal__stm32__stm32cube.a(stm32f4xx_ll_rcc.c.obj)
                0x0000000008003088                RCC_GetPCLK1ClockFreq
 .text.RCC_GetPCLK2ClockFreq
                0x00000000080030a0       0x18 modules/hal_stm32/stm32cube/lib..__modules__hal__stm32__stm32cube.a(stm32f4xx_ll_rcc.c.obj)
                0x00000000080030a0                RCC_GetPCLK2ClockFreq
 .text.RCC_PLL_GetFreqDomain_SYS
                0x00000000080030b8       0x48 modules/hal_stm32/stm32cube/lib..__modules__hal__stm32__stm32cube.a(stm32f4xx_ll_rcc.c.obj)
                0x00000000080030b8                RCC_PLL_GetFreqDomain_SYS
 .text.RCC_GetSystemClockFreq
                0x0000000008003100       0x30 modules/hal_stm32/stm32cube/lib..__modules__hal__stm32__stm32cube.a(stm32f4xx_ll_rcc.c.obj)
                0x0000000008003100                RCC_GetSystemClockFreq
 .text.LL_TIM_Init
                0x0000000008003130       0xac modules/hal_stm32/stm32cube/lib..__modules__hal__stm32__stm32cube.a(stm32f4xx_ll_tim.c.obj)
                0x0000000008003130                LL_TIM_Init
 .text.LL_TIM_OC_Init
                0x00000000080031dc      0x1b0 modules/hal_stm32/stm32cube/lib..__modules__hal__stm32__stm32cube.a(stm32f4xx_ll_tim.c.obj)
                0x00000000080031dc                LL_TIM_OC_Init
 .text.LL_SetFlashLatency
                0x000000000800338c      0x1bc modules/hal_stm32/stm32cube/lib..__modules__hal__stm32__stm32cube.a(stm32f4xx_ll_utils.c.obj)
                0x000000000800338c                LL_SetFlashLatency
 .text.z_fatal_error
                0x0000000008003548       0x30 zephyr/kernel/libkernel.a(fatal.c.obj)
                0x0000000008003548                z_fatal_error
 .text.z_sys_init_run_level
                0x0000000008003578       0x2c zephyr/kernel/libkernel.a(init.c.obj)
 .text.bg_thread_main
                0x00000000080035a4       0xc4 zephyr/kernel/libkernel.a(init.c.obj)
 .text.z_bss_zero
                0x0000000008003668       0x18 zephyr/kernel/libkernel.a(init.c.obj)
                0x0000000008003668                z_bss_zero
 .text.z_init_cpu
                0x0000000008003680       0x70 zephyr/kernel/libkernel.a(init.c.obj)
                0x0000000008003680                z_init_cpu
 .text.z_cstart
                0x00000000080036f0       0xdc zephyr/kernel/libkernel.a(init.c.obj)
                0x00000000080036f0                z_cstart
 .text.__do_global_ctors_aux
                0x00000000080037cc       0x1c zephyr/kernel/libkernel.a(init_static.c.obj)
                0x00000000080037cc                __do_global_ctors_aux
 .text.__do_init_array_aux
                0x00000000080037e8       0x1c zephyr/kernel/libkernel.a(init_static.c.obj)
                0x00000000080037e8                __do_init_array_aux
 .text.z_impl_k_mutex_lock
                0x0000000008003804       0xf0 zephyr/kernel/libkernel.a(mutex.c.obj)
                0x0000000008003804                z_impl_k_mutex_lock
 .text.z_impl_k_mutex_unlock
                0x00000000080038f4       0xa0 zephyr/kernel/libkernel.a(mutex.c.obj)
                0x00000000080038f4                z_impl_k_mutex_unlock
 .text.z_impl_k_sem_give
                0x0000000008003994       0x68 zephyr/kernel/libkernel.a(sem.c.obj)
                0x0000000008003994                z_impl_k_sem_give
 .text.z_impl_k_sem_take
                0x00000000080039fc       0x4c zephyr/kernel/libkernel.a(sem.c.obj)
                0x00000000080039fc                z_impl_k_sem_take
 .text.z_impl_k_sem_reset
                0x0000000008003a48       0x60 zephyr/kernel/libkernel.a(sem.c.obj)
                0x0000000008003a48                z_impl_k_sem_reset
 .text.z_setup_new_thread
                0x0000000008003aa8       0x98 zephyr/kernel/libkernel.a(thread.c.obj)
                0x0000000008003aa8                z_setup_new_thread
 .text.z_impl_k_thread_create
                0x0000000008003b40       0x58 zephyr/kernel/libkernel.a(thread.c.obj)
                0x0000000008003b40                z_impl_k_thread_create
 .text.unready_thread
                0x0000000008003b98       0x54 zephyr/kernel/libkernel.a(sched.c.obj)
 .text.ready_thread
                0x0000000008003bec       0x8c zephyr/kernel/libkernel.a(sched.c.obj)
 .text.z_thread_halt
                0x0000000008003c78      0x10c zephyr/kernel/libkernel.a(sched.c.obj)
 .text.move_thread_to_end_of_prio_q
                0x0000000008003d84       0x94 zephyr/kernel/libkernel.a(sched.c.obj)
                0x0000000008003d84                move_thread_to_end_of_prio_q
 .text.z_pend_curr
                0x0000000008003e18       0x58 zephyr/kernel/libkernel.a(sched.c.obj)
                0x0000000008003e18                z_pend_curr
 .text.z_thread_prio_set
                0x0000000008003e70       0x9c zephyr/kernel/libkernel.a(sched.c.obj)
                0x0000000008003e70                z_thread_prio_set
 .text.z_reschedule
                0x0000000008003f0c       0x24 zephyr/kernel/libkernel.a(sched.c.obj)
                0x0000000008003f0c                z_reschedule
 .text.z_sched_start
                0x0000000008003f30       0x3c zephyr/kernel/libkernel.a(sched.c.obj)
                0x0000000008003f30                z_sched_start
 .text.z_reschedule_irqlock
                0x0000000008003f6c       0x28 zephyr/kernel/libkernel.a(sched.c.obj)
                0x0000000008003f6c                z_reschedule_irqlock
 .text.k_sched_lock
                0x0000000008003f94       0x28 zephyr/kernel/libkernel.a(sched.c.obj)
                0x0000000008003f94                k_sched_lock
 .text.k_sched_unlock
                0x0000000008003fbc       0x68 zephyr/kernel/libkernel.a(sched.c.obj)
                0x0000000008003fbc                k_sched_unlock
 .text.z_sched_init
                0x0000000008004024       0x10 zephyr/kernel/libkernel.a(sched.c.obj)
                0x0000000008004024                z_sched_init
 .text.z_impl_k_yield
                0x0000000008004034       0x8c zephyr/kernel/libkernel.a(sched.c.obj)
                0x0000000008004034                z_impl_k_yield
 .text.z_tick_sleep
                0x00000000080040c0       0x88 zephyr/kernel/libkernel.a(sched.c.obj)
 .text.z_impl_k_sleep
                0x0000000008004148       0x3c zephyr/kernel/libkernel.a(sched.c.obj)
                0x0000000008004148                z_impl_k_sleep
 .text.z_impl_k_sched_current_thread_query
                0x0000000008004184        0xc zephyr/kernel/libkernel.a(sched.c.obj)
                0x0000000008004184                z_impl_k_sched_current_thread_query
 .text.slice_timeout
                0x0000000008004190       0x20 zephyr/kernel/libkernel.a(timeslicing.c.obj)
 .text.thread_is_sliceable
                0x00000000080041b0       0x3c zephyr/kernel/libkernel.a(timeslicing.c.obj)
                0x00000000080041b0                thread_is_sliceable
 .text.z_reset_time_slice
                0x00000000080041ec       0x50 zephyr/kernel/libkernel.a(timeslicing.c.obj)
                0x00000000080041ec                z_reset_time_slice
 .text.z_time_slice
                0x000000000800423c       0x60 zephyr/kernel/libkernel.a(timeslicing.c.obj)
                0x000000000800423c                z_time_slice
 .text.z_data_copy
                0x000000000800429c       0x38 zephyr/kernel/libkernel.a(xip.c.obj)
                0x000000000800429c                z_data_copy
 .text.elapsed  0x00000000080042d4       0x14 zephyr/kernel/libkernel.a(timeout.c.obj)
 .text.remove_timeout
                0x00000000080042e8       0x38 zephyr/kernel/libkernel.a(timeout.c.obj)
 .text.next_timeout
                0x0000000008004320       0x40 zephyr/kernel/libkernel.a(timeout.c.obj)
 .text.z_add_timeout
                0x0000000008004360       0xf4 zephyr/kernel/libkernel.a(timeout.c.obj)
                0x0000000008004360                z_add_timeout
 .text.sys_clock_announce
                0x0000000008004454       0xd0 zephyr/kernel/libkernel.a(timeout.c.obj)
                0x0000000008004454                sys_clock_announce
 .text.sys_clock_tick_get
                0x0000000008004524       0x30 zephyr/kernel/libkernel.a(timeout.c.obj)
                0x0000000008004524                sys_clock_tick_get
 .text.z_timer_expiration_handler
                0x0000000008004554       0xe0 zephyr/kernel/libkernel.a(timer.c.obj)
                0x0000000008004554                z_timer_expiration_handler
 .text.z_impl_k_timer_start
                0x0000000008004634       0x74 zephyr/kernel/libkernel.a(timer.c.obj)
                0x0000000008004634                z_impl_k_timer_start
 .text.boot_banner
                0x00000000080046a8        0xc zephyr/kernel/libkernel.a(banner.c.obj)
                0x00000000080046a8                boot_banner
 .text.sscanf   0x00000000080046b4       0x40 /home/krishna-inc-5836/zephyr-sdk-0.17.0/arm-zephyr-eabi/bin/../lib/gcc/../../picolibc/arm-zephyr-eabi/lib/thumb/v7e-m/nofp/libc.a(libc_tinystdio_sscanf.c.o)
                0x00000000080046b4                sscanf
 .text.__l_vfprintf
                0x00000000080046f4      0x4b8 /home/krishna-inc-5836/zephyr-sdk-0.17.0/arm-zephyr-eabi/bin/../lib/gcc/../../picolibc/arm-zephyr-eabi/lib/thumb/v7e-m/nofp/libc.a(libc_tinystdio_vflprintf.c.o)
                0x00000000080046f4                __l_vfprintf
 .text.__l_vfscanf
                0x0000000008004bac      0x364 /home/krishna-inc-5836/zephyr-sdk-0.17.0/arm-zephyr-eabi/bin/../lib/gcc/../../picolibc/arm-zephyr-eabi/lib/thumb/v7e-m/nofp/libc.a(libc_tinystdio_vflscanf.c.o)
                0x0000000008004bac                __l_vfscanf
 .text._OffsetAbsSyms
                0x0000000008004f10        0x2 zephyr/CMakeFiles/offsets.dir/./arch/arm/core/offsets/offsets.c.obj
                0x0000000008004f10                _OffsetAbsSyms
 .text.uart_poll_out
                0x0000000008004f12        0x6 app/libapp.a(main.cpp.obj)
 .text._ZNK19ZephyrStepperDriver12getStepCountEv
                0x0000000008004f18        0x4 app/libapp.a(main.cpp.obj)
                0x0000000008004f18                ZephyrStepperDriver::getStepCount() const
 .text._ZN19ZephyrStepperDriver14resetStepCountEv
                0x0000000008004f1c        0x6 app/libapp.a(main.cpp.obj)
                0x0000000008004f1c                ZephyrStepperDriver::resetStepCount()
 .text._ZN19ZephyrEncoderDriver10resetTicksEv
                0x0000000008004f22        0xa app/libapp.a(main.cpp.obj)
                0x0000000008004f22                ZephyrEncoderDriver::resetTicks()
 .text._ZN19ZephyrEncoderDriver8addTicksEj
                0x0000000008004f2c        0xe app/libapp.a(main.cpp.obj)
                0x0000000008004f2c                ZephyrEncoderDriver::addTicks(unsigned int)
 .text._ZN16LedAlarmObserverD2Ev
                0x0000000008004f3a        0x2 app/libapp.a(main.cpp.obj)
                0x0000000008004f3a                LedAlarmObserver::~LedAlarmObserver()
                0x0000000008004f3a                LedAlarmObserver::~LedAlarmObserver()
 .text._ZN17UartAlarmObserverD2Ev
                0x0000000008004f3c        0x2 app/libapp.a(main.cpp.obj)
                0x0000000008004f3c                UartAlarmObserver::~UartAlarmObserver()
                0x0000000008004f3c                UartAlarmObserver::~UartAlarmObserver()
 .text._ZN20ZephyrPressureSensorD2Ev
                0x0000000008004f3e        0x2 app/libapp.a(main.cpp.obj)
                0x0000000008004f3e                ZephyrPressureSensor::~ZephyrPressureSensor()
                0x0000000008004f3e                ZephyrPressureSensor::~ZephyrPressureSensor()
 .text._ZN19ZephyrEncoderDriverD2Ev
                0x0000000008004f40        0x2 app/libapp.a(main.cpp.obj)
                0x0000000008004f40                ZephyrEncoderDriver::~ZephyrEncoderDriver()
                0x0000000008004f40                ZephyrEncoderDriver::~ZephyrEncoderDriver()
 .text._ZN19ZephyrStepperDriverD2Ev
                0x0000000008004f42        0x2 app/libapp.a(main.cpp.obj)
                0x0000000008004f42                ZephyrStepperDriver::~ZephyrStepperDriver()
                0x0000000008004f42                ZephyrStepperDriver::~ZephyrStepperDriver()
 .text._ZN19ZephyrStepperDriverD0Ev
                0x0000000008004f44        0xe app/libapp.a(main.cpp.obj)
                0x0000000008004f44                ZephyrStepperDriver::~ZephyrStepperDriver()
 .text._ZN19ZephyrEncoderDriverD0Ev
                0x0000000008004f52        0xe app/libapp.a(main.cpp.obj)
                0x0000000008004f52                ZephyrEncoderDriver::~ZephyrEncoderDriver()
 .text._ZN20ZephyrPressureSensorD0Ev
                0x0000000008004f60        0xe app/libapp.a(main.cpp.obj)
                0x0000000008004f60                ZephyrPressureSensor::~ZephyrPressureSensor()
 .text._ZN17UartAlarmObserverD0Ev
                0x0000000008004f6e        0xe app/libapp.a(main.cpp.obj)
                0x0000000008004f6e                UartAlarmObserver::~UartAlarmObserver()
 .text._ZN16LedAlarmObserverD0Ev
                0x0000000008004f7c        0xe app/libapp.a(main.cpp.obj)
                0x0000000008004f7c                LedAlarmObserver::~LedAlarmObserver()
 .text._ZNK20ZephyrPressureSensor7isReadyEv
                0x0000000008004f8a        0x6 app/libapp.a(main.cpp.obj)
                0x0000000008004f8a                ZephyrPressureSensor::isReady() const
 .text.gpio_pin_set_dt.isra.0
                0x0000000008004f90       0x28 app/libapp.a(main.cpp.obj)
 .text._ZN19ZephyrStepperDriver4stepEv
                0x0000000008004fb8       0x24 app/libapp.a(main.cpp.obj)
                0x0000000008004fb8                ZephyrStepperDriver::step()
 .text._ZN16LedAlarmObserver14onAlarmClearedE9AlarmType
                0x0000000008004fdc        0x8 app/libapp.a(main.cpp.obj)
                0x0000000008004fdc                LedAlarmObserver::onAlarmCleared(AlarmType)
 .text._ZN16LedAlarmObserver7onAlarmE9AlarmType
                0x0000000008004fe4        0x8 app/libapp.a(main.cpp.obj)
                0x0000000008004fe4                LedAlarmObserver::onAlarm(AlarmType)
 .text._ZN19ZephyrStepperDriver12setDirectionEb
                0x0000000008004fec        0x6 app/libapp.a(main.cpp.obj)
                0x0000000008004fec                ZephyrStepperDriver::setDirection(bool)
 .text._ZN19ZephyrStepperDriver7disableEv
                0x0000000008004ff2        0x8 app/libapp.a(main.cpp.obj)
                0x0000000008004ff2                ZephyrStepperDriver::disable()
 .text._ZN19ZephyrStepperDriver6enableEv
                0x0000000008004ffa        0x8 app/libapp.a(main.cpp.obj)
                0x0000000008004ffa                ZephyrStepperDriver::enable()
 .text.gpio_pin_configure_dt.constprop.0.isra.0
                0x0000000008005002       0x34 app/libapp.a(main.cpp.obj)
 .text._ZN17UartAlarmObserver5txStrEPKc
                0x0000000008005036       0x1a app/libapp.a(main.cpp.obj)
                0x0000000008005036                UartAlarmObserver::txStr(char const*)
 .text._ZN13VolumeTracker8addTicksEj
                0x0000000008005050        0xe app/libapp.a(VolumeTracker.cpp.obj)
                0x0000000008005050                VolumeTracker::addTicks(unsigned int)
 .text._ZN13VolumeTracker5resetEv
                0x000000000800505e        0x8 app/libapp.a(VolumeTracker.cpp.obj)
                0x000000000800505e                VolumeTracker::reset()
 .text._ZNK13VolumeTracker8volumeULEv
                0x0000000008005066        0x4 app/libapp.a(VolumeTracker.cpp.obj)
                0x0000000008005066                VolumeTracker::volumeUL() const
 .text._ZN16OcclusionMonitorC2ER15IPressureSensorj
                0x000000000800506a       0x20 app/libapp.a(OcclusionMonitor.cpp.obj)
                0x000000000800506a                OcclusionMonitor::OcclusionMonitor(IPressureSensor&, unsigned int)
                0x000000000800506a                OcclusionMonitor::OcclusionMonitor(IPressureSensor&, unsigned int)
 .text._ZN16OcclusionMonitor16registerObserverEP14IAlarmObserver
                0x000000000800508a       0x22 app/libapp.a(OcclusionMonitor.cpp.obj)
                0x000000000800508a                OcclusionMonitor::registerObserver(IAlarmObserver*)
 .text._ZN16OcclusionMonitor13resetBaselineEv
                0x00000000080050ac        0x8 app/libapp.a(OcclusionMonitor.cpp.obj)
                0x00000000080050ac                OcclusionMonitor::resetBaseline()
 .text._ZNK16OcclusionMonitor10isOccludedEv
                0x00000000080050b4        0x4 app/libapp.a(OcclusionMonitor.cpp.obj)
                0x00000000080050b4                OcclusionMonitor::isOccluded() const
 .text._ZN16OcclusionMonitor10raiseAlarmEv
                0x00000000080050b8       0x28 app/libapp.a(OcclusionMonitor.cpp.obj)
                0x00000000080050b8                OcclusionMonitor::raiseAlarm()
 .text._ZN16OcclusionMonitor10clearAlarmEv
                0x00000000080050e0       0x26 app/libapp.a(OcclusionMonitor.cpp.obj)
                0x00000000080050e0                OcclusionMonitor::clearAlarm()
 .text._ZN16OcclusionMonitor4pollEv
                0x0000000008005106       0x4c app/libapp.a(OcclusionMonitor.cpp.obj)
                0x0000000008005106                OcclusionMonitor::poll()
 .text._ZN12InfusionMode13onCheckAlarmsEv
                0x0000000008005152        0x2 app/libapp.a(InfusionMode.cpp.obj)
                0x0000000008005152                InfusionMode::onCheckAlarms()
 .text._ZN12InfusionMode11advanceTimeEj
                0x0000000008005154        0x2 app/libapp.a(InfusionMode.cpp.obj)
                0x0000000008005154                InfusionMode::advanceTime(unsigned int)
 .text._ZN12InfusionMode4tickEv
                0x0000000008005156       0x76 app/libapp.a(InfusionMode.cpp.obj)
                0x0000000008005156                InfusionMode::tick()
 .text._ZN12InfusionMode10switchModeEPS_
                0x00000000080051cc        0x6 app/libapp.a(InfusionMode.cpp.obj)
                0x00000000080051cc                InfusionMode::switchMode(InfusionMode*)
 .text._ZNK12InfusionMode9isRunningEv
                0x00000000080051d2        0x6 app/libapp.a(InfusionMode.cpp.obj)
                0x00000000080051d2                InfusionMode::isRunning() const
 .text._ZN12InfusionMode11checkAlarmsEv
                0x00000000080051d8       0x40 app/libapp.a(InfusionMode.cpp.obj)
                0x00000000080051d8                InfusionMode::checkAlarms()
 .text._ZN12InfusionMode3runEv
                0x0000000008005218       0x2c app/libapp.a(InfusionMode.cpp.obj)
                0x0000000008005218                InfusionMode::run()
 .text._ZNK16ConstantRateMode7getRateEv
                0x0000000008005244        0x4 app/libapp.a(ConstantRateMode.cpp.obj)
                0x0000000008005244                ConstantRateMode::computeTargetRate()
                0x0000000008005244                ConstantRateMode::getRate() const
 .text._ZN16ConstantRateModeD2Ev
                0x0000000008005248        0x2 app/libapp.a(ConstantRateMode.cpp.obj)
                0x0000000008005248                ConstantRateMode::~ConstantRateMode()
                0x0000000008005248                ConstantRateMode::~ConstantRateMode()
 .text._ZN16ConstantRateModeD0Ev
                0x000000000800524a        0xe app/libapp.a(ConstantRateMode.cpp.obj)
                0x000000000800524a                ConstantRateMode::~ConstantRateMode()
 .text._ZN16ConstantRateMode7setRateEf
                0x0000000008005258        0x4 app/libapp.a(ConstantRateMode.cpp.obj)
                0x0000000008005258                ConstantRateMode::setRate(float)
 .text._ZN14LinearRampMode17computeTargetRateEv
                0x000000000800525c       0x4c app/libapp.a(LinearRampMode.cpp.obj)
                0x000000000800525c                LinearRampMode::computeTargetRate()
 .text._ZN14LinearRampMode11advanceTimeEj
                0x00000000080052a8       0x14 app/libapp.a(LinearRampMode.cpp.obj)
                0x00000000080052a8                LinearRampMode::advanceTime(unsigned int)
 .text._ZN14LinearRampModeD2Ev
                0x00000000080052bc        0x2 app/libapp.a(LinearRampMode.cpp.obj)
                0x00000000080052bc                LinearRampMode::~LinearRampMode()
                0x00000000080052bc                LinearRampMode::~LinearRampMode()
 .text._ZN14LinearRampModeD0Ev
                0x00000000080052be        0xe app/libapp.a(LinearRampMode.cpp.obj)
                0x00000000080052be                LinearRampMode::~LinearRampMode()
 .text._ZN14LinearRampMode9resetRampEv
                0x00000000080052cc        0xa app/libapp.a(LinearRampMode.cpp.obj)
                0x00000000080052cc                LinearRampMode::resetRamp()
 .text.chunk_size
                0x00000000080052d6        0xa zephyr/libzephyr.a(heap.c.obj)
 .text.free_list_add
                0x00000000080052e0       0x4e zephyr/libzephyr.a(heap.c.obj)
 .text.free_list_remove_bidx
                0x000000000800532e       0x3a zephyr/libzephyr.a(heap.c.obj)
 .text.free_list_remove
                0x0000000008005368       0x1a zephyr/libzephyr.a(heap.c.obj)
 .text.merge_chunks
                0x0000000008005382       0x2c zephyr/libzephyr.a(heap.c.obj)
 .text.free_chunk
                0x00000000080053ae       0x62 zephyr/libzephyr.a(heap.c.obj)
 .text.sys_heap_free
                0x0000000008005410       0x1e zephyr/libzephyr.a(heap.c.obj)
                0x0000000008005410                sys_heap_free
 .text.sys_heap_init
                0x000000000800542e       0x7a zephyr/libzephyr.a(heap.c.obj)
                0x000000000800542e                sys_heap_init
 .text.arch_printk_char_out
                0x00000000080054a8        0x4 zephyr/libzephyr.a(printk.c.obj)
                0x00000000080054a8                arch_printk_char_out
 .text.printk   0x00000000080054ac       0x1a zephyr/libzephyr.a(printk.c.obj)
                0x00000000080054ac                printk
 .text._ConfigAbsSyms
                0x00000000080054c6        0x2 zephyr/libzephyr.a(configs.c.obj)
                0x00000000080054c6                _ConfigAbsSyms
 .text.z_arm_fatal_error
                0x00000000080054c8        0xc zephyr/arch/arch/arm/core/libarch__arm__core.a(fatal.c.obj)
                0x00000000080054c8                z_arm_fatal_error
 .text.z_do_kernel_oops
                0x00000000080054d4        0x8 zephyr/arch/arch/arm/core/libarch__arm__core.a(fatal.c.obj)
                0x00000000080054d4                z_do_kernel_oops
 .text.z_irq_spurious
                0x00000000080054dc        0x8 zephyr/arch/arch/arm/core/cortex_m/libarch__arm__core__cortex_m.a(irq_manage.c.obj)
                0x00000000080054dc                z_irq_spurious
 .text.arch_irq_unlock_outlined
                0x00000000080054e4        0xe zephyr/arch/arch/arm/core/cortex_m/libarch__arm__core__cortex_m.a(thread.c.obj)
                0x00000000080054e4                arch_irq_unlock_outlined
 .text.arch_cpu_idle
                0x00000000080054f2       0x1a zephyr/arch/arch/arm/core/cortex_m/libarch__arm__core__cortex_m.a(cpu_idle.c.obj)
                0x00000000080054f2                arch_cpu_idle
 .text.size_to_mpu_rasr_size
                0x000000000800550c       0x20 zephyr/arch/arch/arm/core/mpu/libarch__arm__core__mpu.a(arm_mpu.c.obj)
 .text.picolibc_put
                0x000000000800552c        0xa zephyr/lib/libc/picolibc/liblib__libc__picolibc.a(libc-hooks.c.obj)
 .text.stm32_gpio_intc_get_pin_irq_line
                0x0000000008005536        0x6 zephyr/drivers/interrupt_controller/libdrivers__interrupt_controller.a(intc_exti_stm32.c.obj)
                0x0000000008005536                stm32_gpio_intc_get_pin_irq_line
 .text.stm32_exti_set_line_src_port
                0x000000000800553c       0x36 zephyr/drivers/interrupt_controller/libdrivers__interrupt_controller.a(intc_exti_stm32.c.obj)
                0x000000000800553c                stm32_exti_set_line_src_port
 .text.stm32_clock_control_on
                0x0000000008005572       0x38 zephyr/drivers/clock_control/libdrivers__clock_control.a(clock_stm32_ll_common.c.obj)
 .text.stm32_clock_control_off
                0x00000000080055aa       0x24 zephyr/drivers/clock_control/libdrivers__clock_control.a(clock_stm32_ll_common.c.obj)
 .text.enabled_clock
                0x00000000080055ce       0x16 zephyr/drivers/clock_control/libdrivers__clock_control.a(clock_stm32_ll_common.c.obj)
                0x00000000080055ce                enabled_clock
 .text.stm32_clock_control_configure
                0x00000000080055e4       0x50 zephyr/drivers/clock_control/libdrivers__clock_control.a(clock_stm32_ll_common.c.obj)
 .text.stm32_clock_control_get_status
                0x0000000008005634       0x30 zephyr/drivers/clock_control/libdrivers__clock_control.a(clock_stm32_ll_common.c.obj)
 .text.config_regulator_voltage
                0x0000000008005664        0x2 zephyr/drivers/clock_control/libdrivers__clock_control.a(clock_stm32_ll_common.c.obj)
                0x0000000008005664                config_regulator_voltage
 .text.gpio_stm32_port_get_raw
                0x0000000008005666        0xc zephyr/drivers/gpio/libdrivers__gpio.a(gpio_stm32.c.obj)
 .text.gpio_stm32_port_set_masked_raw
                0x0000000008005672       0x12 zephyr/drivers/gpio/libdrivers__gpio.a(gpio_stm32.c.obj)
 .text.gpio_stm32_port_set_bits_raw
                0x0000000008005684        0xa zephyr/drivers/gpio/libdrivers__gpio.a(gpio_stm32.c.obj)
 .text.gpio_stm32_port_clear_bits_raw
                0x000000000800568e        0xc zephyr/drivers/gpio/libdrivers__gpio.a(gpio_stm32.c.obj)
 .text.gpio_stm32_port_toggle_bits
                0x000000000800569a        0xe zephyr/drivers/gpio/libdrivers__gpio.a(gpio_stm32.c.obj)
 .text.gpio_stm32_manage_callback
                0x00000000080056a8       0x52 zephyr/drivers/gpio/libdrivers__gpio.a(gpio_stm32.c.obj)
 .text.gpio_stm32_configure_raw.isra.0
                0x00000000080056fa      0x106 zephyr/drivers/gpio/libdrivers__gpio.a(gpio_stm32.c.obj)
 .text.gpio_stm32_config
                0x0000000008005800      0x124 zephyr/drivers/gpio/libdrivers__gpio.a(gpio_stm32.c.obj)
 .text.gpio_stm32_isr
                0x0000000008005924       0x2c zephyr/drivers/gpio/libdrivers__gpio.a(gpio_stm32.c.obj)
 .text.gpio_stm32_configure
                0x0000000008005950       0x30 zephyr/drivers/gpio/libdrivers__gpio.a(gpio_stm32.c.obj)
                0x0000000008005950                gpio_stm32_configure
 .text.stm32_i2c_disable_transfer_interrupts
                0x0000000008005980       0x36 zephyr/drivers/i2c/libdrivers__i2c.a(i2c_ll_stm32_v1.c.obj)
 .text.stm32_i2c_reset
                0x00000000080059b6       0x5a zephyr/drivers/i2c/libdrivers__i2c.a(i2c_ll_stm32_v1.c.obj)
 .text.stm32_i2c_master_finish
                0x0000000008005a10       0x1c zephyr/drivers/i2c/libdrivers__i2c.a(i2c_ll_stm32_v1.c.obj)
 .text.handle_txe
                0x0000000008005a2c       0x4a zephyr/drivers/i2c/libdrivers__i2c.a(i2c_ll_stm32_v1.c.obj)
 .text.msg_end.constprop.0
                0x0000000008005a76       0x42 zephyr/drivers/i2c/libdrivers__i2c.a(i2c_ll_stm32_v1.c.obj)
 .text.stm32_i2c_enable_transfer_interrupts.isra.0
                0x0000000008005ab8       0x1c zephyr/drivers/i2c/libdrivers__i2c.a(i2c_ll_stm32_v1.c.obj)
 .text.msg_init.constprop.0
                0x0000000008005ad4       0x72 zephyr/drivers/i2c/libdrivers__i2c.a(i2c_ll_stm32_v1.c.obj)
 .text.handle_rxne
                0x0000000008005b46       0x9c zephyr/drivers/i2c/libdrivers__i2c.a(i2c_ll_stm32_v1.c.obj)
 .text.stm32_i2c_event_isr
                0x0000000008005be2      0x19c zephyr/drivers/i2c/libdrivers__i2c.a(i2c_ll_stm32_v1.c.obj)
                0x0000000008005be2                stm32_i2c_event_isr
 .text.stm32_i2c_error_isr
                0x0000000008005d7e       0x50 zephyr/drivers/i2c/libdrivers__i2c.a(i2c_ll_stm32_v1.c.obj)
                0x0000000008005d7e                stm32_i2c_error_isr
 .text.stm32_i2c_transaction
                0x0000000008005dce       0x74 zephyr/drivers/i2c/libdrivers__i2c.a(i2c_ll_stm32_v1.c.obj)
                0x0000000008005dce                stm32_i2c_transaction
 .text.i2c_stm32_get_config
                0x0000000008005e42       0x16 zephyr/drivers/i2c/libdrivers__i2c.a(i2c_ll_stm32.c.obj)
                0x0000000008005e42                i2c_stm32_get_config
 .text.i2c_stm32_irq_config_func_0
                0x0000000008005e58       0x26 zephyr/drivers/i2c/libdrivers__i2c.a(i2c_ll_stm32.c.obj)
 .text.i2c_stm32_irq_config_func_1
                0x0000000008005e7e       0x26 zephyr/drivers/i2c/libdrivers__i2c.a(i2c_ll_stm32.c.obj)
 .text.i2c_stm32_irq_config_func_2
                0x0000000008005ea4       0x26 zephyr/drivers/i2c/libdrivers__i2c.a(i2c_ll_stm32.c.obj)
 .text.i2c_stm32_transfer
                0x0000000008005eca       0x8e zephyr/drivers/i2c/libdrivers__i2c.a(i2c_ll_stm32.c.obj)
 .text.pinctrl_lookup_state
                0x0000000008005f58       0x26 zephyr/drivers/pinctrl/libdrivers__pinctrl.a(common.c.obj)
                0x0000000008005f58                pinctrl_lookup_state
 .text.LL_TIM_OC_SetCompareCH1
                0x0000000008005f7e        0x4 zephyr/drivers/pwm/libdrivers__pwm.a(pwm_stm32.c.obj)
 .text.LL_TIM_OC_SetCompareCH2
                0x0000000008005f82        0x4 zephyr/drivers/pwm/libdrivers__pwm.a(pwm_stm32.c.obj)
 .text.LL_TIM_OC_SetCompareCH3
                0x0000000008005f86        0x4 zephyr/drivers/pwm/libdrivers__pwm.a(pwm_stm32.c.obj)
 .text.LL_TIM_OC_SetCompareCH4
                0x0000000008005f8a        0x4 zephyr/drivers/pwm/libdrivers__pwm.a(pwm_stm32.c.obj)
 .text.pwm_stm32_get_cycles_per_sec
                0x0000000008005f8e       0x16 zephyr/drivers/pwm/libdrivers__pwm.a(pwm_stm32.c.obj)
 .text.reset_stm32_status
                0x0000000008005fa4       0x20 zephyr/drivers/reset/libdrivers__reset.a(reset_stm32.c.obj)
 .text.reset_stm32_line_assert
                0x0000000008005fc4       0x1c zephyr/drivers/reset/libdrivers__reset.a(reset_stm32.c.obj)
 .text.reset_stm32_line_deassert
                0x0000000008005fe0       0x1e zephyr/drivers/reset/libdrivers__reset.a(reset_stm32.c.obj)
 .text.reset_stm32_line_toggle
                0x0000000008005ffe       0x16 zephyr/drivers/reset/libdrivers__reset.a(reset_stm32.c.obj)
 .text.i2c_write_read.constprop.0
                0x0000000008006014       0x38 zephyr/drivers/sensor/st/lps22hb/libdrivers__sensor__st__lps22hb.a(lps22hb.c.obj)
 .text.lps22hb_sample_fetch
                0x000000000800604c       0x4c zephyr/drivers/sensor/st/lps22hb/libdrivers__sensor__st__lps22hb.a(lps22hb.c.obj)
 .text.i2c_reg_update_byte.constprop.0
                0x0000000008006098       0x6e zephyr/drivers/sensor/st/lps22hb/libdrivers__sensor__st__lps22hb.a(lps22hb.c.obj)
 .text.lps22hb_init
                0x0000000008006106       0x6c zephyr/drivers/sensor/st/lps22hb/libdrivers__sensor__st__lps22hb.a(lps22hb.c.obj)
 .text.qdec_stm32_fetch
                0x0000000008006172       0x32 zephyr/drivers/sensor/st/qdec_stm32/libdrivers__sensor__st__qdec_stm32.a(qdec_stm32.c.obj)
 .text.qdec_stm32_get
                0x00000000080061a4       0x16 zephyr/drivers/sensor/st/qdec_stm32/libdrivers__sensor__st__qdec_stm32.a(qdec_stm32.c.obj)
 .text.LL_USART_ClearFlag_PE
                0x00000000080061ba       0x12 zephyr/drivers/serial/libdrivers__serial.a(uart_stm32.c.obj)
 .text.uart_stm32_err_check
                0x00000000080061cc       0x5e zephyr/drivers/serial/libdrivers__serial.a(uart_stm32.c.obj)
 .text.uart_stm32_set_baudrate
                0x000000000800622a       0x52 zephyr/drivers/serial/libdrivers__serial.a(uart_stm32.c.obj)
 .text.uart_stm32_poll_out
                0x000000000800627c       0x36 zephyr/drivers/serial/libdrivers__serial.a(uart_stm32.c.obj)
 .text.uart_stm32_poll_in
                0x00000000080062b2       0x22 zephyr/drivers/serial/libdrivers__serial.a(uart_stm32.c.obj)
 .text.uart_stm32_config_get
                0x00000000080062d4       0x8e zephyr/drivers/serial/libdrivers__serial.a(uart_stm32.c.obj)
 .text.LL_RCC_GetSystemClocksFreq
                0x0000000008006362       0x22 modules/hal_stm32/stm32cube/lib..__modules__hal__stm32__stm32cube.a(stm32f4xx_ll_rcc.c.obj)
                0x0000000008006362                LL_RCC_GetSystemClocksFreq
 .text.LL_TIM_StructInit
                0x0000000008006384       0x12 modules/hal_stm32/stm32cube/lib..__modules__hal__stm32__stm32cube.a(stm32f4xx_ll_tim.c.obj)
                0x0000000008006384                LL_TIM_StructInit
 .text.LL_TIM_OC_StructInit
                0x0000000008006396       0x14 modules/hal_stm32/stm32cube/lib..__modules__hal__stm32__stm32cube.a(stm32f4xx_ll_tim.c.obj)
                0x0000000008006396                LL_TIM_OC_StructInit
 .text.LL_TIM_ENCODER_StructInit
                0x00000000080063aa       0x1c modules/hal_stm32/stm32cube/lib..__modules__hal__stm32__stm32cube.a(stm32f4xx_ll_tim.c.obj)
                0x00000000080063aa                LL_TIM_ENCODER_StructInit
 .text.LL_TIM_ENCODER_Init
                0x00000000080063c6       0x5a modules/hal_stm32/stm32cube/lib..__modules__hal__stm32__stm32cube.a(stm32f4xx_ll_tim.c.obj)
                0x00000000080063c6                LL_TIM_ENCODER_Init
 .text.z_impl_k_busy_wait
                0x0000000008006420       0x1c zephyr/kernel/libkernel.a(busy_wait.c.obj)
                0x0000000008006420                z_impl_k_busy_wait
 .text.z_device_state_init
                0x000000000800643c        0x2 zephyr/kernel/libkernel.a(device.c.obj)
                0x000000000800643c                z_device_state_init
 .text.z_impl_device_is_ready
                0x000000000800643e       0x16 zephyr/kernel/libkernel.a(device.c.obj)
                0x000000000800643e                z_impl_device_is_ready
 .text.arch_system_halt
                0x0000000008006454       0x10 zephyr/kernel/libkernel.a(fatal.c.obj)
                0x0000000008006454                arch_system_halt
 .text.k_sys_fatal_error_handler
                0x0000000008006464        0x6 zephyr/kernel/libkernel.a(fatal.c.obj)
                0x0000000008006464                k_sys_fatal_error_handler
 .text.do_device_init
                0x000000000800646a       0x30 zephyr/kernel/libkernel.a(init.c.obj)
 .text.z_early_memset
                0x000000000800649a        0x4 zephyr/kernel/libkernel.a(init.c.obj)
                0x000000000800649a                z_early_memset
 .text.z_early_memcpy
                0x000000000800649e        0x4 zephyr/kernel/libkernel.a(init.c.obj)
                0x000000000800649e                z_early_memcpy
 .text.z_init_static
                0x00000000080064a2        0xe zephyr/kernel/libkernel.a(init_static.c.obj)
                0x00000000080064a2                z_init_static
 .text.idle     0x00000000080064b0       0x16 zephyr/kernel/libkernel.a(idle.c.obj)
                0x00000000080064b0                idle
 .text.adjust_owner_prio.isra.0
                0x00000000080064c6       0x10 zephyr/kernel/libkernel.a(mutex.c.obj)
 .text.z_impl_k_sem_init
                0x00000000080064d6       0x18 zephyr/kernel/libkernel.a(sem.c.obj)
                0x00000000080064d6                z_impl_k_sem_init
 .text.z_impl_k_thread_start
                0x00000000080064ee        0x4 zephyr/kernel/libkernel.a(thread.c.obj)
                0x00000000080064ee                z_impl_k_thread_start
 .text.sys_dlist_remove
                0x00000000080064f2       0x10 zephyr/kernel/libkernel.a(sched.c.obj)
 .text.unpend_thread_no_timeout
                0x0000000008006502       0x14 zephyr/kernel/libkernel.a(sched.c.obj)
 .text.add_to_waitq_locked
                0x0000000008006516       0x50 zephyr/kernel/libkernel.a(sched.c.obj)
 .text.z_ready_thread
                0x0000000008006566       0x1e zephyr/kernel/libkernel.a(sched.c.obj)
                0x0000000008006566                z_ready_thread
 .text.z_impl_k_thread_suspend
                0x0000000008006584       0x32 zephyr/kernel/libkernel.a(sched.c.obj)
                0x0000000008006584                z_impl_k_thread_suspend
 .text.z_unpend_thread_no_timeout
                0x00000000080065b6       0x22 zephyr/kernel/libkernel.a(sched.c.obj)
                0x00000000080065b6                z_unpend_thread_no_timeout
 .text.z_sched_wake_thread
                0x00000000080065d8       0x42 zephyr/kernel/libkernel.a(sched.c.obj)
                0x00000000080065d8                z_sched_wake_thread
 .text.z_thread_timeout
                0x000000000800661a        0x8 zephyr/kernel/libkernel.a(sched.c.obj)
                0x000000000800661a                z_thread_timeout
 .text.z_thread_abort
                0x0000000008006622       0x44 zephyr/kernel/libkernel.a(sched.c.obj)
                0x0000000008006622                z_thread_abort
 .text.z_abort_timeout
                0x0000000008006666       0x2a zephyr/kernel/libkernel.a(timeout.c.obj)
                0x0000000008006666                z_abort_timeout
 .text.sys_clock_tick_get_32
                0x0000000008006690        0x8 zephyr/kernel/libkernel.a(timeout.c.obj)
                0x0000000008006690                sys_clock_tick_get_32
 .text.z_impl_k_uptime_ticks
                0x0000000008006698        0x4 zephyr/kernel/libkernel.a(timeout.c.obj)
                0x0000000008006698                z_impl_k_uptime_ticks
 .text.k_timer_init
                0x000000000800669c       0x18 zephyr/kernel/libkernel.a(timer.c.obj)
                0x000000000800669c                k_timer_init
 .text._ZdlPvj  0x00000000080066b4        0x4 /home/krishna-inc-5836/zephyr-sdk-0.17.0/arm-zephyr-eabi/bin/../lib/gcc/../../picolibc/arm-zephyr-eabi/lib/thumb/v7e-m/nofp/libstdc++.a(del_ops.o)
                0x00000000080066b4                operator delete(void*, unsigned int)
 .text._ZdlPv   0x00000000080066b8        0x4 /home/krishna-inc-5836/zephyr-sdk-0.17.0/arm-zephyr-eabi/bin/../lib/gcc/../../picolibc/arm-zephyr-eabi/lib/thumb/v7e-m/nofp/libstdc++.a(del_op.o)
                0x00000000080066b8                operator delete(void*)
 .text.memcpy   0x00000000080066bc       0x1c /home/krishna-inc-5836/zephyr-sdk-0.17.0/arm-zephyr-eabi/bin/../lib/gcc/../../picolibc/arm-zephyr-eabi/lib/thumb/v7e-m/nofp/libc.a(memcpy.c.o)
                0x00000000080066bc                memcpy
                0x00000000080066bc                __aeabi_memcpy
                0x00000000080066bc                __aeabi_memcpy4
                0x00000000080066bc                __aeabi_memcpy8
 .text.memset   0x00000000080066d8       0x10 /home/krishna-inc-5836/zephyr-sdk-0.17.0/arm-zephyr-eabi/bin/../lib/gcc/../../picolibc/arm-zephyr-eabi/lib/thumb/v7e-m/nofp/libc.a(memset.c.o)
                0x00000000080066d8                memset
 .text.strncmp  0x00000000080066e8       0x24 /home/krishna-inc-5836/zephyr-sdk-0.17.0/arm-zephyr-eabi/bin/../lib/gcc/../../picolibc/arm-zephyr-eabi/lib/thumb/v7e-m/nofp/libc.a(libc_string_strncmp.c.o)
                0x00000000080066e8                strncmp
 .text.strnlen  0x000000000800670c       0x18 /home/krishna-inc-5836/zephyr-sdk-0.17.0/arm-zephyr-eabi/bin/../lib/gcc/../../picolibc/arm-zephyr-eabi/lib/thumb/v7e-m/nofp/libc.a(libc_string_strnlen.c.o)
                0x000000000800670c                strnlen
 .text.__ultoa_invert
                0x0000000008006724       0xae /home/krishna-inc-5836/zephyr-sdk-0.17.0/arm-zephyr-eabi/bin/../lib/gcc/../../picolibc/arm-zephyr-eabi/lib/thumb/v7e-m/nofp/libc.a(libc_tinystdio_vflprintf.c.o)
 .text.scanf_getc
                0x00000000080067d2       0x14 /home/krishna-inc-5836/zephyr-sdk-0.17.0/arm-zephyr-eabi/bin/../lib/gcc/../../picolibc/arm-zephyr-eabi/lib/thumb/v7e-m/nofp/libc.a(libc_tinystdio_vflscanf.c.o)
 .text.scanf_ungetc
                0x00000000080067e6       0x10 /home/krishna-inc-5836/zephyr-sdk-0.17.0/arm-zephyr-eabi/bin/../lib/gcc/../../picolibc/arm-zephyr-eabi/lib/thumb/v7e-m/nofp/libc.a(libc_tinystdio_vflscanf.c.o)
 .text.skip_spaces
                0x00000000080067f6       0x2a /home/krishna-inc-5836/zephyr-sdk-0.17.0/arm-zephyr-eabi/bin/../lib/gcc/../../picolibc/arm-zephyr-eabi/lib/thumb/v7e-m/nofp/libc.a(libc_tinystdio_vflscanf.c.o)
 .text.putval   0x0000000008006820       0x2c /home/krishna-inc-5836/zephyr-sdk-0.17.0/arm-zephyr-eabi/bin/../lib/gcc/../../picolibc/arm-zephyr-eabi/lib/thumb/v7e-m/nofp/libc.a(libc_tinystdio_vflscanf.c.o)
 .text.strchr   0x000000000800684c       0x1a /home/krishna-inc-5836/zephyr-sdk-0.17.0/arm-zephyr-eabi/bin/../lib/gcc/../../picolibc/arm-zephyr-eabi/lib/thumb/v7e-m/nofp/libc.a(libc_string_strchr.c.o)
                0x000000000800684c                strchr
 .text.fgetc    0x0000000008006866       0x46 /home/krishna-inc-5836/zephyr-sdk-0.17.0/arm-zephyr-eabi/bin/../lib/gcc/../../picolibc/arm-zephyr-eabi/lib/thumb/v7e-m/nofp/libc.a(libc_tinystdio_fgetc.c.o)
                0x0000000008006866                getc_unlocked
                0x0000000008006866                getc
                0x0000000008006866                fgetc
 .text.__file_str_get
                0x00000000080068ac       0x14 /home/krishna-inc-5836/zephyr-sdk-0.17.0/arm-zephyr-eabi/bin/../lib/gcc/../../picolibc/arm-zephyr-eabi/lib/thumb/v7e-m/nofp/libc.a(libc_tinystdio_filestrget.c.o)
                0x00000000080068ac                __file_str_get
 .text.ungetc   0x00000000080068c0       0x3a /home/krishna-inc-5836/zephyr-sdk-0.17.0/arm-zephyr-eabi/bin/../lib/gcc/../../picolibc/arm-zephyr-eabi/lib/thumb/v7e-m/nofp/libc.a(libc_tinystdio_ungetc.c.o)
                0x00000000080068c0                ungetc
 *(SORT_BY_ALIGNMENT(.TEXT.*))
 *fill*         0x00000000080068fa        0x2 
 .TEXT.__aeabi_read_tp
                0x00000000080068fc        0xc zephyr/arch/arch/arm/core/cortex_m/libarch__arm__core__cortex_m.a(__aeabi_read_tp.S.obj)
                0x00000000080068fc                __aeabi_read_tp
 *(SORT_BY_ALIGNMENT(.gnu.linkonce.t.*))
 *(SORT_BY_ALIGNMENT(.glue_7t))
 .glue_7t       0x0000000008006908        0x0 linker stubs
 *(SORT_BY_ALIGNMENT(.glue_7))
 .glue_7        0x0000000008006908        0x0 linker stubs
 *(SORT_BY_ALIGNMENT(.vfp11_veneer))
 .vfp11_veneer  0x0000000008006908        0x0 linker stubs
 *(SORT_BY_ALIGNMENT(.v4_bx))
 .v4_bx         0x0000000008006908        0x0 linker stubs
                0x0000000008006908                . = ALIGN (0x4)
                0x0000000008006908                __text_region_end = .

.ARM.extab
 *(SORT_BY_ALIGNMENT(.ARM.extab*) SORT_BY_ALIGNMENT(.gnu.linkonce.armextab.*))

.ARM.exidx      0x0000000008006908        0x8
                0x0000000008006908                __exidx_start = .
 *(SORT_BY_ALIGNMENT(.ARM.exidx*) SORT_BY_ALIGNMENT(gnu.linkonce.armexidx.*))
 .ARM.exidx     0x0000000008006908        0x8 /home/krishna-inc-5836/zephyr-sdk-0.17.0/arm-zephyr-eabi/bin/../lib/gcc/arm-zephyr-eabi/12.2.0/thumb/v7e-m/nofp/libgcc.a(_udivmoddi4.o)
 .ARM.exidx.text._ZdlPvj
                0x0000000008006910        0x0 /home/krishna-inc-5836/zephyr-sdk-0.17.0/arm-zephyr-eabi/bin/../lib/gcc/../../picolibc/arm-zephyr-eabi/lib/thumb/v7e-m/nofp/libstdc++.a(del_ops.o)
                                          0x8 (size before relaxing)
 .ARM.exidx.text._ZdlPv
                0x0000000008006910        0x0 /home/krishna-inc-5836/zephyr-sdk-0.17.0/arm-zephyr-eabi/bin/../lib/gcc/../../picolibc/arm-zephyr-eabi/lib/thumb/v7e-m/nofp/libstdc++.a(del_op.o)
                                          0x8 (size before relaxing)
                0x0000000008006910                __exidx_end = .
                0x0000000008006910                __rodata_region_start = .

initlevel       0x0000000008006910       0xb8
                0x0000000008006910                __init_start = .
                0x0000000008006910                __init_EARLY_start = .
 *(SORT_BY_NAME(SORT_BY_ALIGNMENT(.z_init_EARLY?_*)))
 *(SORT_BY_NAME(SORT_BY_ALIGNMENT(.z_init_EARLY??_*)))
                0x0000000008006910                __init_PRE_KERNEL_1_start = .
 *(SORT_BY_NAME(SORT_BY_ALIGNMENT(.z_init_PRE_KERNEL_1?_*)))
 .z_init_PRE_KERNEL_11_00009_
                0x0000000008006910        0x8 zephyr/drivers/clock_control/libdrivers__clock_control.a(clock_stm32_ll_common.c.obj)
 .z_init_PRE_KERNEL_11_0_
                0x0000000008006918        0x8 zephyr/libzephyr.a(soc_config.c.obj)
 *(SORT_BY_NAME(SORT_BY_ALIGNMENT(.z_init_PRE_KERNEL_1??_*)))
 .z_init_PRE_KERNEL_135_00048_
                0x0000000008006920        0x8 zephyr/drivers/reset/libdrivers__reset.a(reset_stm32.c.obj)
 .z_init_PRE_KERNEL_140_00029_
                0x0000000008006928        0x8 zephyr/drivers/gpio/libdrivers__gpio.a(gpio_stm32.c.obj)
 .z_init_PRE_KERNEL_140_00040_
                0x0000000008006930        0x8 zephyr/drivers/gpio/libdrivers__gpio.a(gpio_stm32.c.obj)
 .z_init_PRE_KERNEL_140_00068_
                0x0000000008006938        0x8 zephyr/drivers/interrupt_controller/libdrivers__interrupt_controller.a(intc_exti_stm32.c.obj)
 .z_init_PRE_KERNEL_140_00107_
                0x0000000008006940        0x8 zephyr/drivers/gpio/libdrivers__gpio.a(gpio_stm32.c.obj)
 .z_init_PRE_KERNEL_140_00108_
                0x0000000008006948        0x8 zephyr/drivers/gpio/libdrivers__gpio.a(gpio_stm32.c.obj)
 .z_init_PRE_KERNEL_140_00109_
                0x0000000008006950        0x8 zephyr/drivers/gpio/libdrivers__gpio.a(gpio_stm32.c.obj)
 .z_init_PRE_KERNEL_140_00110_
                0x0000000008006958        0x8 zephyr/drivers/gpio/libdrivers__gpio.a(gpio_stm32.c.obj)
 .z_init_PRE_KERNEL_140_00111_
                0x0000000008006960        0x8 zephyr/drivers/gpio/libdrivers__gpio.a(gpio_stm32.c.obj)
 .z_init_PRE_KERNEL_140_00142_
                0x0000000008006968        0x8 zephyr/drivers/gpio/libdrivers__gpio.a(gpio_stm32.c.obj)
 .z_init_PRE_KERNEL_150_00073_
                0x0000000008006970        0x8 zephyr/drivers/serial/libdrivers__serial.a(uart_stm32.c.obj)
 .z_init_PRE_KERNEL_150_00079_
                0x0000000008006978        0x8 zephyr/drivers/serial/libdrivers__serial.a(uart_stm32.c.obj)
 .z_init_PRE_KERNEL_160_0_
                0x0000000008006980        0x8 zephyr/drivers/console/libdrivers__console.a(uart_console.c.obj)
                0x0000000008006988                __init_PRE_KERNEL_2_start = .
 *(SORT_BY_NAME(SORT_BY_ALIGNMENT(.z_init_PRE_KERNEL_2?_*)))
 .z_init_PRE_KERNEL_20_0_
                0x0000000008006988        0x8 zephyr/drivers/timer/libdrivers__timer.a(cortex_m_systick.c.obj)
 *(SORT_BY_NAME(SORT_BY_ALIGNMENT(.z_init_PRE_KERNEL_2??_*)))
                0x0000000008006990                __init_POST_KERNEL_start = .
 *(SORT_BY_NAME(SORT_BY_ALIGNMENT(.z_init_POST_KERNEL?_*)))
 *(SORT_BY_NAME(SORT_BY_ALIGNMENT(.z_init_POST_KERNEL??_*)))
 .z_init_POST_KERNEL35_0_
                0x0000000008006990        0x8 zephyr/lib/libc/common/liblib__libc__common.a(malloc.c.obj)
 .z_init_POST_KERNEL50_00016_
                0x0000000008006998        0x8 zephyr/drivers/i2c/libdrivers__i2c.a(i2c_ll_stm32.c.obj)
 .z_init_POST_KERNEL50_00020_
                0x00000000080069a0        0x8 zephyr/drivers/i2c/libdrivers__i2c.a(i2c_ll_stm32.c.obj)
 .z_init_POST_KERNEL50_00024_
                0x00000000080069a8        0x8 zephyr/drivers/i2c/libdrivers__i2c.a(i2c_ll_stm32.c.obj)
 .z_init_POST_KERNEL50_00051_
                0x00000000080069b0        0x8 zephyr/drivers/pwm/libdrivers__pwm.a(pwm_stm32.c.obj)
 .z_init_POST_KERNEL90_00104_
                0x00000000080069b8        0x8 zephyr/drivers/sensor/st/lps22hb/libdrivers__sensor__st__lps22hb.a(lps22hb.c.obj)
 .z_init_POST_KERNEL90_00117_
                0x00000000080069c0        0x8 zephyr/drivers/sensor/st/qdec_stm32/libdrivers__sensor__st__qdec_stm32.a(qdec_stm32.c.obj)
                0x00000000080069c8                __init_APPLICATION_start = .
 *(SORT_BY_NAME(SORT_BY_ALIGNMENT(.z_init_APPLICATION?_*)))
 *(SORT_BY_NAME(SORT_BY_ALIGNMENT(.z_init_APPLICATION??_*)))
                0x00000000080069c8                __init_SMP_start = .
 *(SORT_BY_NAME(SORT_BY_ALIGNMENT(.z_init_SMP?_*)))
 *(SORT_BY_NAME(SORT_BY_ALIGNMENT(.z_init_SMP??_*)))
                0x00000000080069c8                __init_end = .
                0x00000000080069c8                __deferred_init_list_start = .
 *(SORT_BY_ALIGNMENT(.z_deferred_init*))
                0x00000000080069c8                __deferred_init_list_end = .

device_area     0x00000000080069c8      0x17c
                0x00000000080069c8                _device_list_start = .
 *(SORT_BY_NAME(SORT_BY_ALIGNMENT(._device.static.*_?_*)))
 ._device.static.1_1_
                0x00000000080069c8       0x14 zephyr/drivers/clock_control/libdrivers__clock_control.a(clock_stm32_ll_common.c.obj)
                0x00000000080069c8                __device_dts_ord_9
 *(SORT_BY_NAME(SORT_BY_ALIGNMENT(._device.static.*_??_*)))
 ._device.static.1_35_
                0x00000000080069dc       0x14 zephyr/drivers/reset/libdrivers__reset.a(reset_stm32.c.obj)
                0x00000000080069dc                __device_dts_ord_48
 ._device.static.1_40_
                0x00000000080069f0       0x14 zephyr/drivers/interrupt_controller/libdrivers__interrupt_controller.a(intc_exti_stm32.c.obj)
                0x00000000080069f0                __device_dts_ord_68
 ._device.static.1_40_
                0x0000000008006a04       0xa0 zephyr/drivers/gpio/libdrivers__gpio.a(gpio_stm32.c.obj)
                0x0000000008006a04                __device_dts_ord_111
                0x0000000008006a18                __device_dts_ord_110
                0x0000000008006a2c                __device_dts_ord_109
                0x0000000008006a40                __device_dts_ord_108
                0x0000000008006a54                __device_dts_ord_107
                0x0000000008006a68                __device_dts_ord_40
                0x0000000008006a7c                __device_dts_ord_142
                0x0000000008006a90                __device_dts_ord_29
 ._device.static.1_50_
                0x0000000008006aa4       0x28 zephyr/drivers/serial/libdrivers__serial.a(uart_stm32.c.obj)
                0x0000000008006aa4                __device_dts_ord_73
                0x0000000008006ab8                __device_dts_ord_79
 ._device.static.3_50_
                0x0000000008006acc       0x3c zephyr/drivers/i2c/libdrivers__i2c.a(i2c_ll_stm32.c.obj)
                0x0000000008006acc                __device_dts_ord_24
                0x0000000008006ae0                __device_dts_ord_20
                0x0000000008006af4                __device_dts_ord_16
 ._device.static.3_50_
                0x0000000008006b08       0x14 zephyr/drivers/pwm/libdrivers__pwm.a(pwm_stm32.c.obj)
                0x0000000008006b08                __device_dts_ord_51
 ._device.static.3_90_
                0x0000000008006b1c       0x14 zephyr/drivers/sensor/st/lps22hb/libdrivers__sensor__st__lps22hb.a(lps22hb.c.obj)
                0x0000000008006b1c                __device_dts_ord_104
 ._device.static.3_90_
                0x0000000008006b30       0x14 zephyr/drivers/sensor/st/qdec_stm32/libdrivers__sensor__st__qdec_stm32.a(qdec_stm32.c.obj)
                0x0000000008006b30                __device_dts_ord_117
                0x0000000008006b44                _device_list_end = .

sw_isr_table    0x0000000008006b44      0x308
                0x0000000008006b44                . = ALIGN (0x4)
 *(SORT_BY_ALIGNMENT(.gnu.linkonce.sw_isr_table*))
 .gnu.linkonce.sw_isr_table
                0x0000000008006b44      0x308 zephyr/CMakeFiles/zephyr_final.dir/isr_tables.c.obj
                0x0000000008006b44                _sw_isr_table

initlevel_error
                0x0000000008006910        0x0
 *(SORT_BY_NAME(SORT_BY_ALIGNMENT(.z_init_[_A-Z0-9]*)))
                0x0000000000000001                ASSERT ((SIZEOF (initlevel_error) == 0x0), Undefined initialization levels used.)

app_shmem_regions
                0x0000000008006e4c        0x0
                0x0000000008006e4c                __app_shmem_regions_start = .
 *(SORT_BY_NAME(SORT_BY_ALIGNMENT(.app_regions.*)))
                0x0000000008006e4c                __app_shmem_regions_end = .

k_p4wq_initparam_area
                0x0000000008006e4c        0x0
                0x0000000008006e4c                _k_p4wq_initparam_list_start = .
 *(SORT_BY_NAME(SORT_BY_ALIGNMENT(._k_p4wq_initparam.static.*)))
                0x0000000008006e4c                _k_p4wq_initparam_list_end = .

_static_thread_data_area
                0x0000000008006e4c        0x0
                0x0000000008006e4c                __static_thread_data_list_start = .
 *(SORT_BY_NAME(SORT_BY_ALIGNMENT(.__static_thread_data.static.*)))
                0x0000000008006e4c                __static_thread_data_list_end = .

device_deps     0x0000000008006e4c        0x0
                0x0000000008006e4c                __device_deps_start = .
 *(SORT_BY_NAME(SORT_BY_ALIGNMENT(.__device_deps_pass2*)))
                0x0000000008006e4c                __device_deps_end = .

ztest           0x0000000008006e4c        0x0
                0x0000000008006e4c                _ztest_expected_result_entry_list_start = .
 *(SORT_BY_NAME(SORT_BY_ALIGNMENT(._ztest_expected_result_entry.static.*)))
                0x0000000008006e4c                _ztest_expected_result_entry_list_end = .
                0x0000000008006e4c                _ztest_suite_node_list_start = .
 *(SORT_BY_NAME(SORT_BY_ALIGNMENT(._ztest_suite_node.static.*)))
                0x0000000008006e4c                _ztest_suite_node_list_end = .
                0x0000000008006e4c                _ztest_unit_test_list_start = .
 *(SORT_BY_NAME(SORT_BY_ALIGNMENT(._ztest_unit_test.static.*)))
                0x0000000008006e4c                _ztest_unit_test_list_end = .
                0x0000000008006e4c                _ztest_test_rule_list_start = .
 *(SORT_BY_NAME(SORT_BY_ALIGNMENT(._ztest_test_rule.static.*)))
                0x0000000008006e4c                _ztest_test_rule_list_end = .

ctors           0x0000000008006e4c        0xc
                0x0000000008006e4c                . = ALIGN (0x4)
                0x0000000008006e4c                __ZEPHYR_CTOR_LIST__ = .
                0x0000000008006e4c        0x4 LONG 0x0 (((__ZEPHYR_CTOR_END__ - __ZEPHYR_CTOR_LIST__) / 0x4) - 0x2)
 *(SORT_BY_NAME(SORT_BY_ALIGNMENT(.ctors*)))
                0x0000000008006e50                __CTOR_LIST__ = .
                0x0000000008006e50        0x4 LONG 0x0
                0x0000000008006e54                __ZEPHYR_CTOR_END__ = .
                0x0000000008006e54        0x4 LONG 0x0
                0x0000000008006e58                __CTOR_END__ = .

init_array      0x0000000008006e58        0x0
                0x0000000008006e58                . = ALIGN (0x4)
                0x0000000008006e58                __init_array_start = .
                0x0000000008006e58                __init_array_end = .
                0x0000000008006e58                __zephyr_init_array_start = .
 *(SORT_BY_NAME(SORT_BY_ALIGNMENT(.init_array*)))
                0x0000000008006e58                __zephyr_init_array_end = .

bt_l2cap_fixed_chan_area
                0x0000000008006e58        0x0
                0x0000000008006e58                _bt_l2cap_fixed_chan_list_start = .
 *(SORT_BY_NAME(SORT_BY_ALIGNMENT(._bt_l2cap_fixed_chan.static.*)))
                0x0000000008006e58                _bt_l2cap_fixed_chan_list_end = .

bt_gatt_service_static_area
                0x0000000008006e58        0x0
                0x0000000008006e58                _bt_gatt_service_static_list_start = .
 *(SORT_BY_NAME(SORT_BY_ALIGNMENT(._bt_gatt_service_static.static.*)))
                0x0000000008006e58                _bt_gatt_service_static_list_end = .

log_strings_area
                0x0000000008006e58        0x0
                0x0000000008006e58                _log_strings_list_start = .
 *(SORT_BY_NAME(SORT_BY_ALIGNMENT(._log_strings.static.*)))
                0x0000000008006e58                _log_strings_list_end = .

log_const_area  0x0000000008006e58        0x0
                0x0000000008006e58                _log_const_list_start = .
 *(SORT_BY_NAME(SORT_BY_ALIGNMENT(._log_const.static.*)))
                0x0000000008006e58                _log_const_list_end = .

log_backend_area
                0x0000000008006e58        0x0
                0x0000000008006e58                _log_backend_list_start = .
 *(SORT_BY_NAME(SORT_BY_ALIGNMENT(._log_backend.static.*)))
                0x0000000008006e58                _log_backend_list_end = .

log_link_area   0x0000000008006e58        0x0
                0x0000000008006e58                _log_link_list_start = .
 *(SORT_BY_NAME(SORT_BY_ALIGNMENT(._log_link.static.*)))
                0x0000000008006e58                _log_link_list_end = .

tracing_backend_area
                0x0000000008006e58        0x0
                0x0000000008006e58                _tracing_backend_list_start = .
 *(SORT_BY_NAME(SORT_BY_ALIGNMENT(._tracing_backend.static.*)))
                0x0000000008006e58                _tracing_backend_list_end = .

zephyr_dbg_info
 *(SORT_BY_ALIGNMENT(.dbg_thread_info))

intc_table_area
                0x0000000008006e58        0x0
                0x0000000008006e58                _intc_table_list_start = .
 *(SORT_BY_NAME(SORT_BY_ALIGNMENT(._intc_table.static.*)))
                0x0000000008006e58                _intc_table_list_end = .

symbol_to_keep  0x0000000008006e58        0x0
                0x0000000008006e58                __symbol_to_keep_start = .
 *(SORT_BY_NAME(SORT_BY_ALIGNMENT(.symbol_to_keep*)))
                0x0000000008006e58                __symbol_to_keep_end = .

shell_area      0x0000000008006e58        0x0
                0x0000000008006e58                _shell_list_start = .
 *(SORT_BY_NAME(SORT_BY_ALIGNMENT(._shell.static.*)))
                0x0000000008006e58                _shell_list_end = .

shell_root_cmds_area
                0x0000000008006e58        0x0
                0x0000000008006e58                _shell_root_cmds_list_start = .
 *(SORT_BY_NAME(SORT_BY_ALIGNMENT(._shell_root_cmds.static.*)))
                0x0000000008006e58                _shell_root_cmds_list_end = .

shell_subcmds_area
                0x0000000008006e58        0x0
                0x0000000008006e58                _shell_subcmds_list_start = .
 *(SORT_BY_NAME(SORT_BY_ALIGNMENT(._shell_subcmds.static.*)))
                0x0000000008006e58                _shell_subcmds_list_end = .

shell_dynamic_subcmds_area
                0x0000000008006e58        0x0
                0x0000000008006e58                _shell_dynamic_subcmds_list_start = .
 *(SORT_BY_NAME(SORT_BY_ALIGNMENT(._shell_dynamic_subcmds.static.*)))
                0x0000000008006e58                _shell_dynamic_subcmds_list_end = .

cfb_font_area   0x0000000008006e58        0x0
                0x0000000008006e58                _cfb_font_list_start = .
 *(SORT_BY_NAME(SORT_BY_ALIGNMENT(._cfb_font.static.*)))
                0x0000000008006e58                _cfb_font_list_end = .

tdata           0x0000000008006e58        0x0
 *(SORT_BY_ALIGNMENT(.tdata) SORT_BY_ALIGNMENT(.tdata.*) SORT_BY_ALIGNMENT(.gnu.linkonce.td.*))

tbss            0x0000000008006e58        0x4
 *(SORT_BY_ALIGNMENT(.tbss) SORT_BY_ALIGNMENT(.tbss.*) SORT_BY_ALIGNMENT(.gnu.linkonce.tb.*) SORT_BY_ALIGNMENT(.tcommon))
 .tbss.z_tls_current
                0x0000000008006e58        0x4 zephyr/libzephyr.a(thread_entry.c.obj)
                0x0000000008006e58                z_tls_current
                0x0000000008006e58                PROVIDE (__tdata_start = LOADADDR (tdata))
                0x0000000000000001                PROVIDE (__tdata_align = ALIGNOF (tdata))
                0x0000000000000000                PROVIDE (__tdata_size = (((SIZEOF (tdata) + __tdata_align) - 0x1) & ~ ((__tdata_align - 0x1))))
                [!provide]                        PROVIDE (__tdata_end = (__tdata_start + __tdata_size))
                0x0000000000000004                PROVIDE (__tbss_align = ALIGNOF (tbss))
                [!provide]                        PROVIDE (__tbss_start = ADDR (tbss))
                0x0000000000000004                PROVIDE (__tbss_size = (((SIZEOF (tbss) + __tbss_align) - 0x1) & ~ ((__tbss_align - 0x1))))
                [!provide]                        PROVIDE (__tbss_end = (__tbss_start + __tbss_size))
                [!provide]                        PROVIDE (__tls_start = __tdata_start)
                [!provide]                        PROVIDE (__tls_end = __tbss_end)
                [!provide]                        PROVIDE (__tls_size = (__tbss_end - __tdata_start))

rodata          0x0000000008006e58      0xbd4
 *(SORT_BY_ALIGNMENT(.rodata))
 .rodata        0x0000000008006e58        0x8 zephyr/drivers/interrupt_controller/libdrivers__interrupt_controller.a(intc_exti_stm32.c.obj)
 *(SORT_BY_ALIGNMENT(.rodata.*))
 .rodata.CSWTCH.175
                0x0000000008006e60        0xc app/libapp.a(main.cpp.obj)
 .rodata._ZTV19ZephyrStepperDriver
                0x0000000008006e6c       0x28 app/libapp.a(main.cpp.obj)
                0x0000000008006e6c                vtable for ZephyrStepperDriver
 .rodata._ZTV19ZephyrEncoderDriver
                0x0000000008006e94       0x1c app/libapp.a(main.cpp.obj)
                0x0000000008006e94                vtable for ZephyrEncoderDriver
 .rodata._ZTV20ZephyrPressureSensor
                0x0000000008006eb0       0x18 app/libapp.a(main.cpp.obj)
                0x0000000008006eb0                vtable for ZephyrPressureSensor
 .rodata._ZTV17UartAlarmObserver
                0x0000000008006ec8       0x18 app/libapp.a(main.cpp.obj)
                0x0000000008006ec8                vtable for UartAlarmObserver
 .rodata._ZTV16LedAlarmObserver
                0x0000000008006ee0       0x18 app/libapp.a(main.cpp.obj)
                0x0000000008006ee0                vtable for LedAlarmObserver
 .rodata._ZZ4mainE8led_spec
                0x0000000008006ef8        0x8 app/libapp.a(main.cpp.obj)
 .rodata._ZZ4mainE7en_spec
                0x0000000008006f00        0x8 app/libapp.a(main.cpp.obj)
 .rodata._ZZ4mainE8dir_spec
                0x0000000008006f08        0x8 app/libapp.a(main.cpp.obj)
 .rodata._ZZ4mainE9step_spec
                0x0000000008006f10        0x8 app/libapp.a(main.cpp.obj)
 .rodata._ZTV12InfusionMode
                0x0000000008006f18       0x1c app/libapp.a(InfusionMode.cpp.obj)
                0x0000000008006f18                vtable for InfusionMode
 .rodata._ZTV16ConstantRateMode
                0x0000000008006f34       0x1c app/libapp.a(ConstantRateMode.cpp.obj)
                0x0000000008006f34                vtable for ConstantRateMode
 .rodata._ZTV14LinearRampMode
                0x0000000008006f50       0x1c app/libapp.a(LinearRampMode.cpp.obj)
                0x0000000008006f50                vtable for LinearRampMode
 .rodata.mem_attr_region
                0x0000000008006f6c        0x0 zephyr/libzephyr.a(mem_attr.c.obj)
 .rodata.static_regions
                0x0000000008006f6c        0xc zephyr/arch/arch/arm/core/mpu/libarch__arm__core__mpu.a(arm_core_mpu.c.obj)
 .rodata.mpu_config
                0x0000000008006f78        0x8 zephyr/arch/arch/arm/core/mpu/libarch__arm__core__mpu.a(arm_mpu_regions.c.obj)
                0x0000000008006f78                mpu_config
 .rodata.mpu_regions
                0x0000000008006f80       0x18 zephyr/arch/arch/arm/core/mpu/libarch__arm__core__mpu.a(arm_mpu_regions.c.obj)
 .rodata.stm32_clock_control_api
                0x0000000008006f98       0x1c zephyr/drivers/clock_control/libdrivers__clock_control.a(clock_stm32_ll_common.c.obj)
 .rodata.gpio_stm32_cfg_h
                0x0000000008006fb4       0x14 zephyr/drivers/gpio/libdrivers__gpio.a(gpio_stm32.c.obj)
 .rodata.gpio_stm32_cfg_g
                0x0000000008006fc8       0x14 zephyr/drivers/gpio/libdrivers__gpio.a(gpio_stm32.c.obj)
 .rodata.gpio_stm32_cfg_f
                0x0000000008006fdc       0x14 zephyr/drivers/gpio/libdrivers__gpio.a(gpio_stm32.c.obj)
 .rodata.gpio_stm32_cfg_e
                0x0000000008006ff0       0x14 zephyr/drivers/gpio/libdrivers__gpio.a(gpio_stm32.c.obj)
 .rodata.gpio_stm32_cfg_d
                0x0000000008007004       0x14 zephyr/drivers/gpio/libdrivers__gpio.a(gpio_stm32.c.obj)
 .rodata.gpio_stm32_cfg_c
                0x0000000008007018       0x14 zephyr/drivers/gpio/libdrivers__gpio.a(gpio_stm32.c.obj)
 .rodata.gpio_stm32_cfg_b
                0x000000000800702c       0x14 zephyr/drivers/gpio/libdrivers__gpio.a(gpio_stm32.c.obj)
 .rodata.gpio_stm32_cfg_a
                0x0000000008007040       0x14 zephyr/drivers/gpio/libdrivers__gpio.a(gpio_stm32.c.obj)