Archive member included to satisfy reference by file (symbol)

app/libapp.a(main.cpp.obj)    (--whole-archive)
app/libapp.a(VolumeTracker.cpp.obj)
                              (--whole-archive)
app/libapp.a(OcclusionMonitor.cpp.obj)
                              (--whole-archive)
app/libapp.a(InfusionMode.cpp.obj)
                              (--whole-archive)
app/libapp.a(ConstantRateMode.cpp.obj)
                              (--whole-archive)
app/libapp.a(LinearRampMode.cpp.obj)
                              (--whole-archive)
zephyr/libzephyr.a(cpp_dtors.c.obj)
                              (--whole-archive)
zephyr/libzephyr.a(heap.c.obj)
                              (--whole-archive)
zephyr/libzephyr.a(cbprintf_packaged.c.obj)
                              (--whole-archive)
zephyr/libzephyr.a(printk.c.obj)
                              (--whole-archive)
zephyr/libzephyr.a(sem.c.obj)
                              (--whole-archive)
zephyr/libzephyr.a(thread_entry.c.obj)
                              (--whole-archive)
zephyr/libzephyr.a(cbprintf_complete.c.obj)
                              (--whole-archive)
zephyr/libzephyr.a(assert.c.obj)
                              (--whole-archive)
zephyr/libzephyr.a(reboot.c.obj)
                              (--whole-archive)
zephyr/libzephyr.a(dec.c.obj)
                              (--whole-archive)
zephyr/libzephyr.a(hex.c.obj)
                              (--whole-archive)
zephyr/libzephyr.a(rb.c.obj)  (--whole-archive)
zephyr/libzephyr.a(timeutil.c.obj)
                              (--whole-archive)
zephyr/libzephyr.a(bitarray.c.obj)
                              (--whole-archive)
zephyr/libzephyr.a(configs.c.obj)
                              (--whole-archive)
zephyr/libzephyr.a(stm32cube_hal.c.obj)
                              (--whole-archive)
zephyr/libzephyr.a(soc_config.c.obj)
                              (--whole-archive)
zephyr/libzephyr.a(soc.c.obj)
                              (--whole-archive)
zephyr/libzephyr.a(mem_attr.c.obj)
                              (--whole-archive)
zephyr/libzephyr.a(tracing_none.c.obj)
                              (--whole-archive)
zephyr/arch/common/libarch__common.a(sw_isr_common.c.obj)
                              (--whole-archive)
zephyr/arch/arch/arm/core/libarch__arm__core.a(fatal.c.obj)
                              (--whole-archive)
zephyr/arch/arch/arm/core/libarch__arm__core.a(nmi.c.obj)
                              (--whole-archive)
zephyr/arch/arch/arm/core/libarch__arm__core.a(nmi_on_reset.S.obj)
                              (--whole-archive)
zephyr/arch/arch/arm/core/libarch__arm__core.a(__aeabi_atexit.c.obj)
                              (--whole-archive)
zephyr/arch/arch/arm/core/libarch__arm__core.a(tls.c.obj)
                              (--whole-archive)
zephyr/arch/arch/arm/core/cortex_m/libarch__arm__core__cortex_m.a(exc_exit.c.obj)
                              (--whole-archive)
zephyr/arch/arch/arm/core/cortex_m/libarch__arm__core__cortex_m.a(fault.c.obj)
                              (--whole-archive)
zephyr/arch/arch/arm/core/cortex_m/libarch__arm__core__cortex_m.a(fault_s.S.obj)
                              (--whole-archive)
zephyr/arch/arch/arm/core/cortex_m/libarch__arm__core__cortex_m.a(fpu.c.obj)
                              (--whole-archive)
zephyr/arch/arch/arm/core/cortex_m/libarch__arm__core__cortex_m.a(reset.S.obj)
                              (--whole-archive)
zephyr/arch/arch/arm/core/cortex_m/libarch__arm__core__cortex_m.a(scb.c.obj)
                              (--whole-archive)
zephyr/arch/arch/arm/core/cortex_m/libarch__arm__core__cortex_m.a(thread_abort.c.obj)
                              (--whole-archive)
zephyr/arch/arch/arm/core/cortex_m/libarch__arm__core__cortex_m.a(vector_table.S.obj)
                              (--whole-archive)
zephyr/arch/arch/arm/core/cortex_m/libarch__arm__core__cortex_m.a(swap.c.obj)
                              (--whole-archive)
zephyr/arch/arch/arm/core/cortex_m/libarch__arm__core__cortex_m.a(swap_helper.S.obj)
                              (--whole-archive)
zephyr/arch/arch/arm/core/cortex_m/libarch__arm__core__cortex_m.a(irq_manage.c.obj)
                              (--whole-archive)
zephyr/arch/arch/arm/core/cortex_m/libarch__arm__core__cortex_m.a(prep_c.c.obj)
                              (--whole-archive)
zephyr/arch/arch/arm/core/cortex_m/libarch__arm__core__cortex_m.a(thread.c.obj)
                              (--whole-archive)
zephyr/arch/arch/arm/core/cortex_m/libarch__arm__core__cortex_m.a(cpu_idle.c.obj)
                              (--whole-archive)
zephyr/arch/arch/arm/core/cortex_m/libarch__arm__core__cortex_m.a(irq_init.c.obj)
                              (--whole-archive)
zephyr/arch/arch/arm/core/cortex_m/libarch__arm__core__cortex_m.a(isr_wrapper.c.obj)
                              (--whole-archive)
zephyr/arch/arch/arm/core/cortex_m/libarch__arm__core__cortex_m.a(__aeabi_read_tp.S.obj)
[...]
Memory Configuration

Name             Origin             Length             Attributes
FLASH            0x0000000008000000 0x0000000000080000 xr
RAM              0x0000000020000000 0x0000000000020000 xw
BACKUP_SRAM      0x0000000040024000 0x0000000000001000
IDT_LIST         0x00000000ffff7fff 0x0000000000008000 xw
*default*        0x0000000000000000 0xffffffffffffffff

Linker script and memory map

                0x000000000800419c                vfprintf = __l_vfprintf
                0x0000000000000000                vfscanf = __l_vfscanf
LOAD zephyr/CMakeFiles/zephyr_final.dir/misc/empty_file.c.obj
LOAD zephyr/CMakeFiles/zephyr_final.dir/isr_tables.c.obj
LOAD zephyr/CMakeFiles/offsets.dir/./arch/arm/core/offsets/offsets.c.obj
LOAD app/libapp.a
LOAD zephyr/libzephyr.a
LOAD zephyr/arch/common/libarch__common.a
LOAD zephyr/arch/arch/arm/core/libarch__arm__core.a
LOAD zephyr/arch/arch/arm/core/cortex_m/libarch__arm__core__cortex_m.a
LOAD zephyr/arch/arch/arm/core/mpu/libarch__arm__core__mpu.a
LOAD zephyr/lib/libc/picolibc/liblib__libc__picolibc.a
LOAD zephyr/lib/libc/common/liblib__libc__common.a
LOAD zephyr/drivers/interrupt_controller/libdrivers__interrupt_controller.a
LOAD zephyr/drivers/clock_control/libdrivers__clock_control.a
LOAD zephyr/drivers/console/libdrivers__console.a
LOAD zephyr/drivers/gpio/libdrivers__gpio.a
LOAD zephyr/drivers/i2c/libdrivers__i2c.a
LOAD zephyr/drivers/pinctrl/libdrivers__pinctrl.a
LOAD zephyr/drivers/pwm/libdrivers__pwm.a
LOAD zephyr/drivers/reset/libdrivers__reset.a
LOAD zephyr/drivers/sensor/st/lps22hb/libdrivers__sensor__st__lps22hb.a
LOAD zephyr/drivers/sensor/st/qdec_stm32/libdrivers__sensor__st__qdec_stm32.a
LOAD zephyr/drivers/serial/libdrivers__serial.a
LOAD zephyr/drivers/timer/libdrivers__timer.a
LOAD modules/hal_stm32/stm32cube/lib..__modules__hal__stm32__stm32cube.a
LOAD zephyr/kernel/libkernel.a
LOAD zephyr/arch/common/libisr_tables.a
LOAD /home/krishna-inc-5836/zephyr-sdk-0.17.0/arm-zephyr-eabi/bin/../lib/gcc/../../picolibc/arm-zephyr-eabi/lib/thumb/v7e-m/nofp/libstdc++.a
LOAD /home/krishna-inc-5836/zephyr-sdk-0.17.0/arm-zephyr-eabi/bin/../lib/gcc/../../picolibc/arm-zephyr-eabi/lib/thumb/v7e-m/nofp/libc.a
LOAD /home/krishna-inc-5836/zephyr-sdk-0.17.0/arm-zephyr-eabi/bin/../lib/gcc/arm-zephyr-eabi/12.2.0/thumb/v7e-m/nofp/libgcc.a
                0x0000000000000020                _region_min_align = 0x20

.rel.plt        0x0000000008000000        0x0
 *(SORT_BY_ALIGNMENT(.rel.plt))
                [!provide]                        PROVIDE (__rel_iplt_start = .)
 *(SORT_BY_ALIGNMENT(.rel.iplt))
 .rel.iplt      0x0000000008000000        0x0 zephyr/CMakeFiles/zephyr_final.dir/isr_tables.c.obj
                [!provide]                        PROVIDE (__rel_iplt_end = .)

.rela.plt       0x0000000000000000        0x0
 *(SORT_BY_ALIGNMENT(.rela.plt))
                [!provide]                        PROVIDE (__rela_iplt_start = .)
 *(SORT_BY_ALIGNMENT(.rela.iplt))
                [!provide]                        PROVIDE (__rela_iplt_end = .)

.rel.dyn
 *(SORT_BY_ALIGNMENT(.rel.*))

.rela.dyn
 *(SORT_BY_ALIGNMENT(.rela.*))

/DISCARD/
 *(SORT_BY_ALIGNMENT(.plt))

/DISCARD/
 *(SORT_BY_ALIGNMENT(.iplt))
                0x0000000008000000                __rom_region_start = 0x8000000

rom_start       0x0000000008000000      0x1c4
                0x0000000008000000                __rom_start_address = .
 FILL mask 0x00
                0x0000000008000000                . = (. + (0x0 - (. - __rom_start_address)))
                0x0000000008000000                . = ALIGN (0x4)
                0x0000000008000000                . = ALIGN (0x80)
                0x0000000008000000                . = ALIGN (0x200)
                0x0000000008000000                _vector_start = .
 *(SORT_BY_ALIGNMENT(.exc_vector_table))
 *(SORT_BY_ALIGNMENT(.exc_vector_table.*))
 .exc_vector_table._vector_table_section
                0x0000000008000000       0x40 zephyr/arch/arch/arm/core/cortex_m/libarch__arm__core__cortex_m.a(vector_table.S.obj)
                0x0000000008000000                _vector_table
 *(SORT_BY_ALIGNMENT(.vectors))
                0x00000000080001c4                _vector_end = .
                0x0000000008000040                . = ALIGN (0x4)
 *(SORT_BY_ALIGNMENT(.gnu.linkonce.irq_vector_table*))
 .gnu.linkonce.irq_vector_table
                0x0000000008000040      0x184 zephyr/CMakeFiles/zephyr_final.dir/isr_tables.c.obj
                0x0000000008000040                _irq_vector_table
                0x00000000080001c4                _vector_end = .

text            0x00000000080001c4     0x5ce8
                0x00000000080001c4                __text_region_start = .
 *(SORT_BY_ALIGNMENT(.text))
 .text          0x00000000080001c4      0x21c /home/krishna-inc-5836/zephyr-sdk-0.17.0/arm-zephyr-eabi/bin/../lib/gcc/arm-zephyr-eabi/12.2.0/thumb/v7e-m/nofp/libgcc.a(_arm_addsubsf3.o)
                0x00000000080001c4                __aeabi_frsub
                0x00000000080001cc                __subsf3
                0x00000000080001cc                __aeabi_fsub
                0x00000000080001d0                __aeabi_fadd
                0x00000000080001d0                __addsf3
                0x0000000008000330                __aeabi_ui2f
                0x0000000008000330                __floatunsisf
                0x0000000008000338                __aeabi_i2f
                0x0000000008000338                __floatsisf
                0x0000000008000354                __floatundisf
                0x0000000008000354                __aeabi_ul2f
                0x0000000008000364                __floatdisf
                0x0000000008000364                __aeabi_l2f
 .text          0x00000000080003e0      0x2a0 /home/krishna-inc-5836/zephyr-sdk-0.17.0/arm-zephyr-eabi/bin/../lib/gcc/arm-zephyr-eabi/12.2.0/thumb/v7e-m/nofp/libgcc.a(_arm_muldivsf3.o)
                0x00000000080003e0                __mulsf3
                0x00000000080003e0                __aeabi_fmul
                0x0000000008000548                __divsf3
                0x0000000008000548                __aeabi_fdiv
 .text          0x0000000008000680       0xec /home/krishna-inc-5836/zephyr-sdk-0.17.0/arm-zephyr-eabi/bin/../lib/gcc/arm-zephyr-eabi/12.2.0/thumb/v7e-m/nofp/libgcc.a(_arm_cmpsf2.o)
                0x0000000008000680                __gtsf2
                0x0000000008000680                __gesf2
                0x0000000008000688                __lesf2
                0x0000000008000688                __ltsf2
                0x0000000008000690                __nesf2
                0x0000000008000690                __eqsf2
                0x0000000008000690                __cmpsf2
                0x00000000080006f0                __aeabi_cfrcmple
                0x00000000080006f8                __aeabi_cfcmple
                0x00000000080006f8                __aeabi_cfcmpeq
                0x0000000008000708                __aeabi_fcmpeq
                0x000000000800071c                __aeabi_fcmplt
                0x0000000008000730                __aeabi_fcmple
                0x0000000008000744                __aeabi_fcmpge
                0x0000000008000758                __aeabi_fcmpgt
 .text          0x000000000800076c       0x40 /home/krishna-inc-5836/zephyr-sdk-0.17.0/arm-zephyr-eabi/bin/../lib/gcc/arm-zephyr-eabi/12.2.0/thumb/v7e-m/nofp/libgcc.a(_arm_fixunssfsi.o)
                0x000000000800076c                __aeabi_f2uiz
                0x000000000800076c                __fixunssfsi
 .text          0x00000000080007ac       0x30 /home/krishna-inc-5836/zephyr-sdk-0.17.0/arm-zephyr-eabi/bin/../lib/gcc/arm-zephyr-eabi/12.2.0/thumb/v7e-m/nofp/libgcc.a(_aeabi_uldivmod.o)
                0x00000000080007ac                __aeabi_uldivmod
 .text          0x00000000080007dc        0x4 /home/krishna-inc-5836/zephyr-sdk-0.17.0/arm-zephyr-eabi/bin/../lib/gcc/arm-zephyr-eabi/12.2.0/thumb/v7e-m/nofp/libgcc.a(_dvmd_tls.o)
                0x00000000080007dc                __aeabi_ldiv0
                0x00000000080007dc                __aeabi_idiv0
 .text          0x00000000080007e0      0x2a0 /home/krishna-inc-5836/zephyr-sdk-0.17.0/arm-zephyr-eabi/bin/../lib/gcc/arm-zephyr-eabi/12.2.0/thumb/v7e-m/nofp/libgcc.a(_udivmoddi4.o)
                0x00000000080007e0                __udivmoddi4
 *(SORT_BY_ALIGNMENT(.text.*))
 .text._ZL10uart_rx_fnPvS_S_
                0x0000000008000a80       0x80 app/libapp.a(main.cpp.obj)
 .text.LL_GPIO_SetAFPin_0_7.constprop.0
                0x0000000008000b00       0x34 app/libapp.a(main.cpp.obj)
 .text.LL_GPIO_SetPinPull.constprop.0
                0x0000000008000b34       0x34 app/libapp.a(main.cpp.obj)
 .text.LL_GPIO_SetPinSpeed.constprop.0
                0x0000000008000b68       0x34 app/libapp.a(main.cpp.obj)
 .text.LL_GPIO_SetPinMode.constprop.0
                0x0000000008000b9c       0x34 app/libapp.a(main.cpp.obj)
 .text._ZNK20ZephyrPressureSensor15readPressureHPaEv
                0x0000000008000bd0       0x5c app/libapp.a(main.cpp.obj)
                0x0000000008000bd0                ZephyrPressureSensor::readPressureHPa() const
 .text._ZL16infusion_tick_fnPvS_S_
                0x0000000008000c2c       0x20 app/libapp.a(main.cpp.obj)
 .text._ZN19ZephyrEncoderDriverC2Ev
                0x0000000008000c4c       0xb0 app/libapp.a(main.cpp.obj)
                0x0000000008000c4c                ZephyrEncoderDriver::ZephyrEncoderDriver()
                0x0000000008000c4c                ZephyrEncoderDriver::ZephyrEncoderDriver()
 .text._ZN17UartAlarmObserver14onAlarmClearedE9AlarmType
                0x0000000008000cfc       0x10 app/libapp.a(main.cpp.obj)
                0x0000000008000cfc                UartAlarmObserver::onAlarmCleared(AlarmType)
 .text._ZN17UartAlarmObserver7onAlarmE9AlarmType
                0x0000000008000d0c       0x1c app/libapp.a(main.cpp.obj)
                0x0000000008000d0c                UartAlarmObserver::onAlarm(AlarmType)
 .text.main     0x0000000008000d28      0x25c app/libapp.a(main.cpp.obj)
                0x0000000008000d28                main
 .text._ZN12InfusionModeC2ER14IStepperDriverR14IEncoderDriverR13VolumeTrackerR16OcclusionMonitorj
                0x0000000008000f84       0x24 app/libapp.a(InfusionMode.cpp.obj)
                0x0000000008000f84                InfusionMode::InfusionMode(IStepperDriver&, IEncoderDriver&, VolumeTracker&, OcclusionMonitor&, unsigned int)
                0x0000000008000f84                InfusionMode::InfusionMode(IStepperDriver&, IEncoderDriver&, VolumeTracker&, OcclusionMonitor&, unsigned int)
 .text._ZN12InfusionMode5startEv
                0x0000000008000fa8       0x40 app/libapp.a(InfusionMode.cpp.obj)
                0x0000000008000fa8                InfusionMode::start()
 .text._ZN12InfusionMode4stopEv
                0x0000000008000fe8       0x20 app/libapp.a(InfusionMode.cpp.obj)
                0x0000000008000fe8                InfusionMode::stop()
 .text._ZN12InfusionMode5pauseEv
                0x0000000008001008       0x20 app/libapp.a(InfusionMode.cpp.obj)
                0x0000000008001008                InfusionMode::pause()
 .text._ZN12InfusionMode6resumeEv
                0x0000000008001028       0x20 app/libapp.a(InfusionMode.cpp.obj)
                0x0000000008001028                InfusionMode::resume()
 .text._ZN12InfusionMode9applyRateEf
                0x0000000008001048       0x40 app/libapp.a(InfusionMode.cpp.obj)
                0x0000000008001048                InfusionMode::applyRate(float)
 .text._ZN16ConstantRateModeC2ER14IStepperDriverR14IEncoderDriverR13VolumeTrackerR16OcclusionMonitorjf
                0x0000000008001088       0x24 app/libapp.a(ConstantRateMode.cpp.obj)
                0x0000000008001088                ConstantRateMode::ConstantRateMode(IStepperDriver&, IEncoderDriver&, VolumeTracker&, OcclusionMonitor&, unsigned int, float)
                0x0000000008001088                ConstantRateMode::ConstantRateMode(IStepperDriver&, IEncoderDriver&, VolumeTracker&, OcclusionMonitor&, unsigned int, float)
 .text._ZN14LinearRampModeC2ER14IStepperDriverR14IEncoderDriverR13VolumeTrackerR16OcclusionMonitorjffj
                0x00000000080010ac       0x30 app/libapp.a(LinearRampMode.cpp.obj)
                0x00000000080010ac                LinearRampMode::LinearRampMode(IStepperDriver&, IEncoderDriver&, VolumeTracker&, OcclusionMonitor&, unsigned int, float, float, unsigned int)
                0x00000000080010ac                LinearRampMode::LinearRampMode(IStepperDriver&, IEncoderDriver&, VolumeTracker&, OcclusionMonitor&, unsigned int, float, float, unsigned int)
 .text.char_out
                0x00000000080010dc        0xc zephyr/libzephyr.a(printk.c.obj)
 .text.__printk_hook_install
                0x00000000080010e8        0xc zephyr/libzephyr.a(printk.c.obj)
                0x00000000080010e8                __printk_hook_install
 .text.vprintk  0x00000000080010f4       0x30 zephyr/libzephyr.a(printk.c.obj)
                0x00000000080010f4                vprintk
 .text.z_thread_entry
                0x0000000008001124       0x34 zephyr/libzephyr.a(thread_entry.c.obj)
                0x0000000008001124                z_thread_entry
 .text.st_stm32_common_config
                0x0000000008001158       0x14 zephyr/libzephyr.a(soc_config.c.obj)
 .text.soc_early_init_hook
                0x000000000800116c       0x30 zephyr/libzephyr.a(soc.c.obj)
                0x000000000800116c                soc_early_init_hook
 .text.mem_attr_get_regions
                0x000000000800119c        0xc zephyr/libzephyr.a(mem_attr.c.obj)
                0x000000000800119c                mem_attr_get_regions
 .text.z_arm_nmi
                0x00000000080011a8       0x14 zephyr/arch/arch/arm/core/libarch__arm__core.a(nmi.c.obj)
                0x00000000080011a8                z_arm_nmi
 .text.z_SysNmiOnReset
                0x00000000080011bc        0x8 zephyr/arch/arch/arm/core/libarch__arm__core.a(nmi_on_reset.S.obj)
                0x00000000080011bc                z_SysNmiOnReset
 .text.arch_tls_stack_setup
                0x00000000080011c4       0x40 zephyr/arch/arch/arm/core/libarch__arm__core.a(tls.c.obj)
                0x00000000080011c4                arch_tls_stack_setup
 .text._HandlerModeExit
                0x0000000008001204       0x28 zephyr/arch/arch/arm/core/cortex_m/libarch__arm__core__cortex_m.a(exc_exit.c.obj)
                0x0000000008001204                z_arm_exc_exit
                0x0000000008001204                z_arm_int_exit
 .text.mem_manage_fault
                0x000000000800122c       0xa0 zephyr/arch/arch/arm/core/cortex_m/libarch__arm__core__cortex_m.a(fault.c.obj)
 .text.usage_fault.constprop.0
                0x00000000080012cc       0x54 zephyr/arch/arch/arm/core/cortex_m/libarch__arm__core__cortex_m.a(fault.c.obj)
 .text.bus_fault.constprop.0
                0x0000000008001320       0x6c zephyr/arch/arch/arm/core/cortex_m/libarch__arm__core__cortex_m.a(fault.c.obj)
 .text.z_arm_fault
                0x000000000800138c      0x128 zephyr/arch/arch/arm/core/cortex_m/libarch__arm__core__cortex_m.a(fault.c.obj)
                0x000000000800138c                z_arm_fault
 .text.z_arm_fault_init
                0x00000000080014b4       0x18 zephyr/arch/arch/arm/core/cortex_m/libarch__arm__core__cortex_m.a(fault.c.obj)
                0x00000000080014b4                z_arm_fault_init
 .text.__fault  0x00000000080014cc       0x14 zephyr/arch/arch/arm/core/cortex_m/libarch__arm__core__cortex_m.a(fault_s.S.obj)
                0x00000000080014cc                z_arm_bus_fault
                0x00000000080014cc                z_arm_usage_fault
                0x00000000080014cc                z_arm_mpu_fault
                0x00000000080014cc                z_arm_exc_spurious
                0x00000000080014cc                z_arm_debug_monitor
                0x00000000080014cc                z_arm_hard_fault
 .text._reset_section
                0x00000000080014e0       0x2c zephyr/arch/arch/arm/core/cortex_m/libarch__arm__core__cortex_m.a(reset.S.obj)
                0x00000000080014e0                z_arm_reset
                0x00000000080014e0                __start
 .text.z_impl_k_thread_abort
                0x000000000800150c       0x2c zephyr/arch/arch/arm/core/cortex_m/libarch__arm__core__cortex_m.a(thread_abort.c.obj)
                0x000000000800150c                z_impl_k_thread_abort
 .text.arch_swap
                0x0000000008001538       0x30 zephyr/arch/arch/arm/core/cortex_m/libarch__arm__core__cortex_m.a(swap.c.obj)
                0x0000000008001538                arch_swap
 .text.z_arm_pendsv
                0x0000000008001568       0x64 zephyr/arch/arch/arm/core/cortex_m/libarch__arm__core__cortex_m.a(swap_helper.S.obj)
                0x0000000008001568                z_arm_pendsv
 .text.z_arm_svc
                0x00000000080015cc       0x24 zephyr/arch/arch/arm/core/cortex_m/libarch__arm__core__cortex_m.a(swap_helper.S.obj)
                0x00000000080015cc                z_arm_svc
 .text.arch_irq_enable
                0x00000000080015f0       0x1c zephyr/arch/arch/arm/core/cortex_m/libarch__arm__core__cortex_m.a(irq_manage.c.obj)
                0x00000000080015f0                arch_irq_enable
 .text.z_arm_irq_priority_set
                0x000000000800160c       0x30 zephyr/arch/arch/arm/core/cortex_m/libarch__arm__core__cortex_m.a(irq_manage.c.obj)
                0x000000000800160c                z_arm_irq_priority_set
 .text.z_prep_c
                0x000000000800163c       0x48 zephyr/arch/arch/arm/core/cortex_m/libarch__arm__core__cortex_m.a(prep_c.c.obj)
                0x000000000800163c                z_prep_c
 .text.arch_new_thread
                0x0000000008001684       0x38 zephyr/arch/arch/arm/core/cortex_m/libarch__arm__core__cortex_m.a(thread.c.obj)
                0x0000000008001684                arch_new_thread
 .text.z_check_thread_stack_fail
                0x00000000080016bc       0x2c zephyr/arch/arch/arm/core/cortex_m/libarch__arm__core__cortex_m.a(thread.c.obj)
                0x00000000080016bc                z_check_thread_stack_fail
 .text.arch_switch_to_main_thread
                0x00000000080016e8       0x44 zephyr/arch/arch/arm/core/cortex_m/libarch__arm__core__cortex_m.a(thread.c.obj)
                0x00000000080016e8                arch_switch_to_main_thread
 .text.z_arm_cpu_idle_init
                0x000000000800172c        0xc zephyr/arch/arch/arm/core/cortex_m/libarch__arm__core__cortex_m.a(cpu_idle.c.obj)
                0x000000000800172c                z_arm_cpu_idle_init
 .text.z_arm_interrupt_init
                0x0000000008001738       0x18 zephyr/arch/arch/arm/core/cortex_m/libarch__arm__core__cortex_m.a(irq_init.c.obj)
                0x0000000008001738                z_arm_interrupt_init
 .text._isr_wrapper
                0x0000000008001750       0x24 zephyr/arch/arch/arm/core/cortex_m/libarch__arm__core__cortex_m.a(isr_wrapper.c.obj)
                0x0000000008001750                _isr_wrapper
 .text.z_arm_configure_static_mpu_regions
                0x0000000008001774       0x18 zephyr/arch/arch/arm/core/mpu/libarch__arm__core__mpu.a(arm_core_mpu.c.obj)
                0x0000000008001774                z_arm_configure_static_mpu_regions
 .text.z_arm_configure_dynamic_mpu_regions
                0x000000000800178c       0x20 zephyr/arch/arch/arm/core/mpu/libarch__arm__core__mpu.a(arm_core_mpu.c.obj)
                0x000000000800178c                z_arm_configure_dynamic_mpu_regions
 .text.region_init
                0x00000000080017ac       0x28 zephyr/arch/arch/arm/core/mpu/libarch__arm__core__mpu.a(arm_mpu.c.obj)
 .text.mpu_configure_regions
                0x00000000080017d4       0x6c zephyr/arch/arch/arm/core/mpu/libarch__arm__core__mpu.a(arm_mpu.c.obj)
 .text.arm_core_mpu_enable
                0x0000000008001840       0x18 zephyr/arch/arch/arm/core/mpu/libarch__arm__core__mpu.a(arm_mpu.c.obj)
                0x0000000008001840                arm_core_mpu_enable
 .text.arm_core_mpu_disable
                0x0000000008001858       0x14 zephyr/arch/arch/arm/core/mpu/libarch__arm__core__mpu.a(arm_mpu.c.obj)
                0x0000000008001858                arm_core_mpu_disable
 .text.arm_core_mpu_configure_static_mpu_regions
                0x000000000800186c       0x14 zephyr/arch/arch/arm/core/mpu/libarch__arm__core__mpu.a(arm_mpu.c.obj)
                0x000000000800186c                arm_core_mpu_configure_static_mpu_regions
 .text.arm_core_mpu_configure_dynamic_mpu_regions
                0x0000000008001880       0x38 zephyr/arch/arch/arm/core/mpu/libarch__arm__core__mpu.a(arm_mpu.c.obj)
                0x0000000008001880                arm_core_mpu_configure_dynamic_mpu_regions
 .text.z_arm_mpu_init
                0x00000000080018b8      0x168 zephyr/arch/arch/arm/core/mpu/libarch__arm__core__mpu.a(arm_mpu.c.obj)
                0x00000000080018b8                z_arm_mpu_init
 .text.z_impl_zephyr_fputc
                0x0000000008001a20       0x10 zephyr/lib/libc/picolibc/liblib__libc__picolibc.a(libc-hooks.c.obj)
                0x0000000008001a20                z_impl_zephyr_fputc
 .text.__stdout_hook_install
                0x0000000008001a30       0x18 zephyr/lib/libc/picolibc/liblib__libc__picolibc.a(libc-hooks.c.obj)
                0x0000000008001a30                __stdout_hook_install
 .text.malloc_prepare
                0x0000000008001a48       0x24 zephyr/lib/libc/common/liblib__libc__common.a(malloc.c.obj)
 .text.malloc_lock
                0x0000000008001a6c       0x14 zephyr/lib/libc/common/liblib__libc__common.a(malloc.c.obj)
 .text.malloc_unlock
                0x0000000008001a80        0xc zephyr/lib/libc/common/liblib__libc__common.a(malloc.c.obj)
 .text.free     0x0000000008001a8c       0x1c zephyr/lib/libc/common/liblib__libc__common.a(malloc.c.obj)
                0x0000000008001a8c                free
 .text.stm32_exti_isr
                0x0000000008001aa8       0x50 zephyr/drivers/interrupt_controller/libdrivers__interrupt_controller.a(intc_exti_stm32.c.obj)
 .text.stm32_fill_irq_table
                0x0000000008001af8       0x18 zephyr/drivers/interrupt_controller/libdrivers__interrupt_controller.a(intc_exti_stm32.c.obj)
 .text.stm32_exti_init
                0x0000000008001b10       0xb4 zephyr/drivers/interrupt_controller/libdrivers__interrupt_controller.a(intc_exti_stm32.c.obj)
 .text.stm32_gpio_intc_enable_line
                0x0000000008001bc4       0x2c zephyr/drivers/interrupt_controller/libdrivers__interrupt_controller.a(intc_exti_stm32.c.obj)
                0x0000000008001bc4                stm32_gpio_intc_enable_line
 .text.stm32_gpio_intc_disable_line
                0x0000000008001bf0       0x10 zephyr/drivers/interrupt_controller/libdrivers__interrupt_controller.a(intc_exti_stm32.c.obj)
                0x0000000008001bf0                stm32_gpio_intc_disable_line
 .text.stm32_gpio_intc_select_line_trigger
                0x0000000008001c00       0x50 zephyr/drivers/interrupt_controller/libdrivers__interrupt_controller.a(intc_exti_stm32.c.obj)
                0x0000000008001c00                stm32_gpio_intc_select_line_trigger
 .text.stm32_gpio_intc_set_irq_callback
                0x0000000008001c50       0x40 zephyr/drivers/interrupt_controller/libdrivers__interrupt_controller.a(intc_exti_stm32.c.obj)
                0x0000000008001c50                stm32_gpio_intc_set_irq_callback
 .text.stm32_gpio_intc_remove_irq_callback
                0x0000000008001c90       0x24 zephyr/drivers/interrupt_controller/libdrivers__interrupt_controller.a(intc_exti_stm32.c.obj)
                0x0000000008001c90                stm32_gpio_intc_remove_irq_callback
 .text.stm32_exti_get_line_src_port
                0x0000000008001cb4       0x30 zephyr/drivers/interrupt_controller/libdrivers__interrupt_controller.a(intc_exti_stm32.c.obj)
                0x0000000008001cb4                stm32_exti_get_line_src_port
 .text.stm32_clock_control_get_subsys_rate
                0x0000000008001ce4       0x80 zephyr/drivers/clock_control/libdrivers__clock_control.a(clock_stm32_ll_common.c.obj)
 .text.stm32_clock_control_init
                0x0000000008001d64      0x11c zephyr/drivers/clock_control/libdrivers__clock_control.a(clock_stm32_ll_common.c.obj)
                0x0000000008001d64                stm32_clock_control_init
 .text.get_pllsrc_frequency
                0x0000000008001e80        0x8 zephyr/drivers/clock_control/libdrivers__clock_control.a(clock_stm32f2_f4_f7.c.obj)
                0x0000000008001e80                get_pllsrc_frequency
 .text.config_pll_sysclock
                0x0000000008001e88       0x34 zephyr/drivers/clock_control/libdrivers__clock_control.a(clock_stm32f2_f4_f7.c.obj)
                0x0000000008001e88                config_pll_sysclock
 .text.config_enable_default_clocks
                0x0000000008001ebc       0x20 zephyr/drivers/clock_control/libdrivers__clock_control.a(clock_stm32f2_f4_f7.c.obj)
                0x0000000008001ebc                config_enable_default_clocks
 .text.uart_console_init
                0x0000000008001edc       0x28 zephyr/drivers/console/libdrivers__console.a(uart_console.c.obj)
 .text.console_out
                0x0000000008001f04       0x28 zephyr/drivers/console/libdrivers__console.a(uart_console.c.obj)
 .text.gpio_stm32_pin_interrupt_configure
                0x0000000008001f2c       0xb0 zephyr/drivers/gpio/libdrivers__gpio.a(gpio_stm32.c.obj)
 .text.gpio_stm32_init
                0x0000000008001fdc       0x30 zephyr/drivers/gpio/libdrivers__gpio.a(gpio_stm32.c.obj)
 .text.stm32_i2c_configure_timing
                0x000000000800200c       0xa8 zephyr/drivers/i2c/libdrivers__i2c.a(i2c_ll_stm32_v1.c.obj)
                0x000000000800200c                stm32_i2c_configure_timing
 .text.i2c_stm32_runtime_configure
                0x00000000080020b4       0x6c zephyr/drivers/i2c/libdrivers__i2c.a(i2c_ll_stm32.c.obj)
                0x00000000080020b4                i2c_stm32_runtime_configure
 .text.i2c_stm32_init
                0x0000000008002120       0xe8 zephyr/drivers/i2c/libdrivers__i2c.a(i2c_ll_stm32.c.obj)
 .text.pinctrl_configure_pins
                0x0000000008002208       0x84 zephyr/drivers/pinctrl/libdrivers__pinctrl.a(pinctrl_stm32.c.obj)
                0x0000000008002208                pinctrl_configure_pins
 .text.LL_TIM_OC_GetPolarity
                0x000000000800228c       0x50 zephyr/drivers/pwm/libdrivers__pwm.a(pwm_stm32.c.obj)
 .text.pwm_stm32_set_cycles
                0x00000000080022dc      0x20c zephyr/drivers/pwm/libdrivers__pwm.a(pwm_stm32.c.obj)
 .text.pwm_stm32_init
                0x00000000080024e8       0xe0 zephyr/drivers/pwm/libdrivers__pwm.a(pwm_stm32.c.obj)
 .text.lps22hb_channel_get
                0x00000000080025c8       0x54 zephyr/drivers/sensor/st/lps22hb/libdrivers__sensor__st__lps22hb.a(lps22hb.c.obj)
 .text.qdec_stm32_initialize
                0x000000000800261c       0xcc zephyr/drivers/sensor/st/qdec_stm32/libdrivers__sensor__st__qdec_stm32.a(qdec_stm32.c.obj)
 .text.uart_stm32_parameters_set
                0x00000000080026e8       0xf8 zephyr/drivers/serial/libdrivers__serial.a(uart_stm32.c.obj)
 .text.uart_stm32_configure
                0x00000000080027e0      0x154 zephyr/drivers/serial/libdrivers__serial.a(uart_stm32.c.obj)
 .text.uart_stm32_init
                0x0000000008002934       0xa8 zephyr/drivers/serial/libdrivers__serial.a(uart_stm32.c.obj)
 .text.elapsed  0x00000000080029dc       0x4c zephyr/drivers/timer/libdrivers__timer.a(cortex_m_systick.c.obj)
 .text.sys_clock_driver_init
                0x0000000008002a28       0x38 zephyr/drivers/timer/libdrivers__timer.a(cortex_m_systick.c.obj)
 .text.sys_clock_isr
                0x0000000008002a60       0x60 zephyr/drivers/timer/libdrivers__timer.a(cortex_m_systick.c.obj)
                0x0000000008002a60                sys_clock_isr
 .text.sys_clock_set_timeout
                0x0000000008002ac0       0xf8 zephyr/drivers/timer/libdrivers__timer.a(cortex_m_systick.c.obj)
                0x0000000008002ac0                sys_clock_set_timeout
 .text.sys_clock_elapsed
                0x0000000008002bb8       0x3c zephyr/drivers/timer/libdrivers__timer.a(cortex_m_systick.c.obj)
                0x0000000008002bb8                sys_clock_elapsed
 .text.sys_clock_cycle_get_32
                0x0000000008002bf4       0x28 zephyr/drivers/timer/libdrivers__timer.a(cortex_m_systick.c.obj)
                0x0000000008002bf4                sys_clock_cycle_get_32
 .text.HAL_RCC_GetSysClockFreq
                0x0000000008002c1c       0x90 modules/hal_stm32/stm32cube/lib..__modules__hal__stm32__stm32cube.a(stm32f4xx_hal_rcc_ex.c.obj)
                0x0000000008002c1c                HAL_RCC_GetSysClockFreq
 .text.RCC_GetHCLKClockFreq
                0x0000000008002cac       0x18 modules/hal_stm32/stm32cube/lib..__modules__hal__stm32__stm32cube.a(stm32f4xx_ll_rcc.c.obj)
                0x0000000008002cac                RCC_GetHCLKClockFreq
 .text.RCC_GetPCLK1ClockFreq
                0x0000000008002cc4       0x18 modules/hal_stm32/stm32cube/lib..__modules__hal__stm32__stm32cube.a(stm32f4xx_ll_rcc.c.obj)
                0x0000000008002cc4                RCC_GetPCLK1ClockFreq
 .text.RCC_GetPCLK2ClockFreq
                0x0000000008002cdc       0x18 modules/hal_stm32/stm32cube/lib..__modules__hal__stm32__stm32cube.a(stm32f4xx_ll_rcc.c.obj)
                0x0000000008002cdc                RCC_GetPCLK2ClockFreq
 .text.RCC_PLL_GetFreqDomain_SYS
                0x0000000008002cf4       0x48 modules/hal_stm32/stm32cube/lib..__modules__hal__stm32__stm32cube.a(stm32f4xx_ll_rcc.c.obj)
                0x0000000008002cf4                RCC_PLL_GetFreqDomain_SYS
 .text.RCC_GetSystemClockFreq
                0x0000000008002d3c       0x30 modules/hal_stm32/stm32cube/lib..__modules__hal__stm32__stm32cube.a(stm32f4xx_ll_rcc.c.obj)
                0x0000000008002d3c                RCC_GetSystemClockFreq
 .text.LL_TIM_Init
                0x0000000008002d6c       0xac modules/hal_stm32/stm32cube/lib..__modules__hal__stm32__stm32cube.a(stm32f4xx_ll_tim.c.obj)
                0x0000000008002d6c                LL_TIM_Init
 .text.LL_TIM_OC_Init
                0x0000000008002e18      0x1b0 modules/hal_stm32/stm32cube/lib..__modules__hal__stm32__stm32cube.a(stm32f4xx_ll_tim.c.obj)
                0x0000000008002e18                LL_TIM_OC_Init
 .text.LL_SetFlashLatency
                0x0000000008002fc8      0x1bc modules/hal_stm32/stm32cube/lib..__modules__hal__stm32__stm32cube.a(stm32f4xx_ll_utils.c.obj)
                0x0000000008002fc8                LL_SetFlashLatency
 .text.z_fatal_error
                0x0000000008003184       0x30 zephyr/kernel/libkernel.a(fatal.c.obj)
                0x0000000008003184                z_fatal_error
 .text.z_sys_init_run_level
                0x00000000080031b4       0x2c zephyr/kernel/libkernel.a(init.c.obj)
 .text.bg_thread_main
                0x00000000080031e0       0xc4 zephyr/kernel/libkernel.a(init.c.obj)
 .text.z_bss_zero
                0x00000000080032a4       0x18 zephyr/kernel/libkernel.a(init.c.obj)
                0x00000000080032a4                z_bss_zero
 .text.z_init_cpu
                0x00000000080032bc       0x70 zephyr/kernel/libkernel.a(init.c.obj)
                0x00000000080032bc                z_init_cpu
 .text.z_cstart
                0x000000000800332c       0xdc zephyr/kernel/libkernel.a(init.c.obj)
                0x000000000800332c                z_cstart
 .text.__do_global_ctors_aux
                0x0000000008003408       0x1c zephyr/kernel/libkernel.a(init_static.c.obj)
                0x0000000008003408                __do_global_ctors_aux
 .text.__do_init_array_aux
                0x0000000008003424       0x1c zephyr/kernel/libkernel.a(init_static.c.obj)
                0x0000000008003424                __do_init_array_aux
 .text.z_impl_k_mutex_lock
                0x0000000008003440       0xf0 zephyr/kernel/libkernel.a(mutex.c.obj)
                0x0000000008003440                z_impl_k_mutex_lock
 .text.z_impl_k_mutex_unlock
                0x0000000008003530       0xa0 zephyr/kernel/libkernel.a(mutex.c.obj)
                0x0000000008003530                z_impl_k_mutex_unlock
 .text.z_impl_k_sem_give
                0x00000000080035d0       0x68 zephyr/kernel/libkernel.a(sem.c.obj)
                0x00000000080035d0                z_impl_k_sem_give
 .text.z_impl_k_sem_take
                0x0000000008003638       0x4c zephyr/kernel/libkernel.a(sem.c.obj)
                0x0000000008003638                z_impl_k_sem_take
 .text.z_impl_k_sem_reset
                0x0000000008003684       0x60 zephyr/kernel/libkernel.a(sem.c.obj)
                0x0000000008003684                z_impl_k_sem_reset
 .text.z_setup_new_thread
                0x00000000080036e4       0x98 zephyr/kernel/libkernel.a(thread.c.obj)
                0x00000000080036e4                z_setup_new_thread
 .text.z_impl_k_thread_create
                0x000000000800377c       0x58 zephyr/kernel/libkernel.a(thread.c.obj)
                0x000000000800377c                z_impl_k_thread_create
 .text.unready_thread
                0x00000000080037d4       0x54 zephyr/kernel/libkernel.a(sched.c.obj)
 .text.ready_thread
                0x0000000008003828       0x8c zephyr/kernel/libkernel.a(sched.c.obj)
 .text.z_thread_halt
                0x00000000080038b4      0x10c zephyr/kernel/libkernel.a(sched.c.obj)
 .text.move_thread_to_end_of_prio_q
                0x00000000080039c0       0x94 zephyr/kernel/libkernel.a(sched.c.obj)
                0x00000000080039c0                move_thread_to_end_of_prio_q
 .text.z_pend_curr
                0x0000000008003a54       0x58 zephyr/kernel/libkernel.a(sched.c.obj)
                0x0000000008003a54                z_pend_curr
 .text.z_thread_prio_set
                0x0000000008003aac       0x9c zephyr/kernel/libkernel.a(sched.c.obj)
                0x0000000008003aac                z_thread_prio_set
 .text.z_reschedule
                0x0000000008003b48       0x24 zephyr/kernel/libkernel.a(sched.c.obj)
                0x0000000008003b48                z_reschedule
 .text.z_sched_start
                0x0000000008003b6c       0x3c zephyr/kernel/libkernel.a(sched.c.obj)
                0x0000000008003b6c                z_sched_start
 .text.z_reschedule_irqlock
                0x0000000008003ba8       0x28 zephyr/kernel/libkernel.a(sched.c.obj)
                0x0000000008003ba8                z_reschedule_irqlock
 .text.k_sched_lock
                0x0000000008003bd0       0x28 zephyr/kernel/libkernel.a(sched.c.obj)
                0x0000000008003bd0                k_sched_lock
 .text.k_sched_unlock
                0x0000000008003bf8       0x68 zephyr/kernel/libkernel.a(sched.c.obj)
                0x0000000008003bf8                k_sched_unlock
 .text.z_sched_init
                0x0000000008003c60       0x10 zephyr/kernel/libkernel.a(sched.c.obj)
                0x0000000008003c60                z_sched_init
 .text.z_impl_k_yield
                0x0000000008003c70       0x8c zephyr/kernel/libkernel.a(sched.c.obj)
                0x0000000008003c70                z_impl_k_yield
 .text.z_tick_sleep
                0x0000000008003cfc       0x88 zephyr/kernel/libkernel.a(sched.c.obj)
 .text.z_impl_k_sleep
                0x0000000008003d84       0x3c zephyr/kernel/libkernel.a(sched.c.obj)
                0x0000000008003d84                z_impl_k_sleep
 .text.z_impl_k_sched_current_thread_query
                0x0000000008003dc0        0xc zephyr/kernel/libkernel.a(sched.c.obj)
                0x0000000008003dc0                z_impl_k_sched_current_thread_query
 .text.slice_timeout
                0x0000000008003dcc       0x20 zephyr/kernel/libkernel.a(timeslicing.c.obj)
 .text.thread_is_sliceable
                0x0000000008003dec       0x3c zephyr/kernel/libkernel.a(timeslicing.c.obj)
                0x0000000008003dec                thread_is_sliceable
 .text.z_reset_time_slice
                0x0000000008003e28       0x50 zephyr/kernel/libkernel.a(timeslicing.c.obj)
                0x0000000008003e28                z_reset_time_slice
 .text.z_time_slice
                0x0000000008003e78       0x60 zephyr/kernel/libkernel.a(timeslicing.c.obj)
                0x0000000008003e78                z_time_slice
 .text.z_data_copy
                0x0000000008003ed8       0x38 zephyr/kernel/libkernel.a(xip.c.obj)
                0x0000000008003ed8                z_data_copy
 .text.elapsed  0x0000000008003f10       0x14 zephyr/kernel/libkernel.a(timeout.c.obj)
 .text.remove_timeout
                0x0000000008003f24       0x38 zephyr/kernel/libkernel.a(timeout.c.obj)
 .text.next_timeout
                0x0000000008003f5c       0x40 zephyr/kernel/libkernel.a(timeout.c.obj)
 .text.z_add_timeout
                0x0000000008003f9c       0xf4 zephyr/kernel/libkernel.a(timeout.c.obj)
                0x0000000008003f9c                z_add_timeout
 .text.sys_clock_announce
                0x0000000008004090       0xd0 zephyr/kernel/libkernel.a(timeout.c.obj)
                0x0000000008004090                sys_clock_announce
 .text.sys_clock_tick_get
                0x0000000008004160       0x30 zephyr/kernel/libkernel.a(timeout.c.obj)
                0x0000000008004160                sys_clock_tick_get
 .text.boot_banner
                0x0000000008004190        0xc zephyr/kernel/libkernel.a(banner.c.obj)
                0x0000000008004190                boot_banner
 .text.__l_vfprintf
                0x000000000800419c      0x4b8 /home/krishna-inc-5836/zephyr-sdk-0.17.0/arm-zephyr-eabi/bin/../lib/gcc/../../picolibc/arm-zephyr-eabi/lib/thumb/v7e-m/nofp/libc.a(libc_tinystdio_vflprintf.c.o)
                0x000000000800419c                __l_vfprintf
 .text._OffsetAbsSyms
                0x0000000008004654        0x2 zephyr/CMakeFiles/offsets.dir/./arch/arm/core/offsets/offsets.c.obj
                0x0000000008004654                _OffsetAbsSyms
 .text._ZNK19ZephyrStepperDriver12getStepCountEv
                0x0000000008004656        0x4 app/libapp.a(main.cpp.obj)
                0x0000000008004656                ZephyrStepperDriver::getStepCount() const
 .text._ZN19ZephyrStepperDriver14resetStepCountEv
                0x000000000800465a        0x6 app/libapp.a(main.cpp.obj)
                0x000000000800465a                ZephyrStepperDriver::resetStepCount()
 .text._ZNK19ZephyrEncoderDriver8getTicksEv
                0x0000000008004660       0x18 app/libapp.a(main.cpp.obj)
                0x0000000008004660                ZephyrEncoderDriver::getTicks() const
 .text._ZN19ZephyrEncoderDriver10resetTicksEv
                0x0000000008004678        0xa app/libapp.a(main.cpp.obj)
                0x0000000008004678                ZephyrEncoderDriver::resetTicks()
 .text._ZN19ZephyrEncoderDriver8addTicksEj
                0x0000000008004682        0xe app/libapp.a(main.cpp.obj)
                0x0000000008004682                ZephyrEncoderDriver::addTicks(unsigned int)
 .text._ZN16LedAlarmObserverD2Ev
                0x0000000008004690        0x2 app/libapp.a(main.cpp.obj)
                0x0000000008004690                LedAlarmObserver::~LedAlarmObserver()
                0x0000000008004690                LedAlarmObserver::~LedAlarmObserver()
 .text._ZN17UartAlarmObserverD2Ev
                0x0000000008004692        0x2 app/libapp.a(main.cpp.obj)
                0x0000000008004692                UartAlarmObserver::~UartAlarmObserver()
                0x0000000008004692                UartAlarmObserver::~UartAlarmObserver()
 .text._ZN20ZephyrPressureSensorD2Ev
                0x0000000008004694        0x2 app/libapp.a(main.cpp.obj)
                0x0000000008004694                ZephyrPressureSensor::~ZephyrPressureSensor()
                0x0000000008004694                ZephyrPressureSensor::~ZephyrPressureSensor()
 .text._ZN19ZephyrEncoderDriverD2Ev
                0x0000000008004696        0x2 app/libapp.a(main.cpp.obj)
                0x0000000008004696                ZephyrEncoderDriver::~ZephyrEncoderDriver()
                0x0000000008004696                ZephyrEncoderDriver::~ZephyrEncoderDriver()
 .text._ZN19ZephyrStepperDriverD2Ev
                0x0000000008004698        0x2 app/libapp.a(main.cpp.obj)
                0x0000000008004698                ZephyrStepperDriver::~ZephyrStepperDriver()
                0x0000000008004698                ZephyrStepperDriver::~ZephyrStepperDriver()
 .text._ZN19ZephyrStepperDriverD0Ev
                0x000000000800469a        0xe app/libapp.a(main.cpp.obj)
                0x000000000800469a                ZephyrStepperDriver::~ZephyrStepperDriver()
 .text._ZN19ZephyrEncoderDriverD0Ev
                0x00000000080046a8        0xe app/libapp.a(main.cpp.obj)
                0x00000000080046a8                ZephyrEncoderDriver::~ZephyrEncoderDriver()
 .text._ZN20ZephyrPressureSensorD0Ev
                0x00000000080046b6        0xe app/libapp.a(main.cpp.obj)
                0x00000000080046b6                ZephyrPressureSensor::~ZephyrPressureSensor()
 .text._ZN17UartAlarmObserverD0Ev
                0x00000000080046c4        0xe app/libapp.a(main.cpp.obj)
                0x00000000080046c4                UartAlarmObserver::~UartAlarmObserver()
 .text._ZN16LedAlarmObserverD0Ev
                0x00000000080046d2        0xe app/libapp.a(main.cpp.obj)
                0x00000000080046d2                LedAlarmObserver::~LedAlarmObserver()
 .text._ZNK20ZephyrPressureSensor7isReadyEv
                0x00000000080046e0        0x6 app/libapp.a(main.cpp.obj)
                0x00000000080046e0                ZephyrPressureSensor::isReady() const
 .text.gpio_pin_set_dt.isra.0
                0x00000000080046e6       0x28 app/libapp.a(main.cpp.obj)
 .text._ZN19ZephyrStepperDriver4stepEv
                0x000000000800470e       0x24 app/libapp.a(main.cpp.obj)
                0x000000000800470e                ZephyrStepperDriver::step()
 .text._ZN16LedAlarmObserver14onAlarmClearedE9AlarmType
                0x0000000008004732        0x8 app/libapp.a(main.cpp.obj)
                0x0000000008004732                LedAlarmObserver::onAlarmCleared(AlarmType)
 .text._ZN16LedAlarmObserver7onAlarmE9AlarmType
                0x000000000800473a        0x8 app/libapp.a(main.cpp.obj)
                0x000000000800473a                LedAlarmObserver::onAlarm(AlarmType)
 .text._ZN19ZephyrStepperDriver12setDirectionEb
                0x0000000008004742        0x6 app/libapp.a(main.cpp.obj)
                0x0000000008004742                ZephyrStepperDriver::setDirection(bool)
 .text._ZN19ZephyrStepperDriver7disableEv
                0x0000000008004748        0x8 app/libapp.a(main.cpp.obj)
                0x0000000008004748                ZephyrStepperDriver::disable()
 .text._ZN19ZephyrStepperDriver6enableEv
                0x0000000008004750        0x8 app/libapp.a(main.cpp.obj)
                0x0000000008004750                ZephyrStepperDriver::enable()
 .text.gpio_pin_configure_dt.isra.0
                0x0000000008004758       0x34 app/libapp.a(main.cpp.obj)
 .text._ZN17UartAlarmObserver5txStrEPKc
                0x000000000800478c       0x1c app/libapp.a(main.cpp.obj)
                0x000000000800478c                UartAlarmObserver::txStr(char const*)
 .text._ZN13VolumeTracker8addTicksEj
                0x00000000080047a8        0xe app/libapp.a(VolumeTracker.cpp.obj)
                0x00000000080047a8                VolumeTracker::addTicks(unsigned int)
 .text._ZN13VolumeTracker5resetEv
                0x00000000080047b6        0x8 app/libapp.a(VolumeTracker.cpp.obj)
                0x00000000080047b6                VolumeTracker::reset()
 .text._ZNK13VolumeTracker8volumeULEv
                0x00000000080047be        0x4 app/libapp.a(VolumeTracker.cpp.obj)
                0x00000000080047be                VolumeTracker::volumeUL() const
 .text._ZN16OcclusionMonitorC2ER15IPressureSensorj
                0x00000000080047c2       0x20 app/libapp.a(OcclusionMonitor.cpp.obj)
                0x00000000080047c2                OcclusionMonitor::OcclusionMonitor(IPressureSensor&, unsigned int)
                0x00000000080047c2                OcclusionMonitor::OcclusionMonitor(IPressureSensor&, unsigned int)
 .text._ZN16OcclusionMonitor16registerObserverEP14IAlarmObserver
                0x00000000080047e2       0x22 app/libapp.a(OcclusionMonitor.cpp.obj)
                0x00000000080047e2                OcclusionMonitor::registerObserver(IAlarmObserver*)
 .text._ZN16OcclusionMonitor13resetBaselineEv
                0x0000000008004804        0x8 app/libapp.a(OcclusionMonitor.cpp.obj)
                0x0000000008004804                OcclusionMonitor::resetBaseline()
 .text._ZNK16OcclusionMonitor10isOccludedEv
                0x000000000800480c        0x4 app/libapp.a(OcclusionMonitor.cpp.obj)
                0x000000000800480c                OcclusionMonitor::isOccluded() const
 .text._ZN16OcclusionMonitor10raiseAlarmEv
                0x0000000008004810       0x28 app/libapp.a(OcclusionMonitor.cpp.obj)
                0x0000000008004810                OcclusionMonitor::raiseAlarm()
 .text._ZN16OcclusionMonitor10clearAlarmEv
                0x0000000008004838       0x26 app/libapp.a(OcclusionMonitor.cpp.obj)
                0x0000000008004838                OcclusionMonitor::clearAlarm()
 .text._ZN16OcclusionMonitor4pollEv
                0x000000000800485e       0x4c app/libapp.a(OcclusionMonitor.cpp.obj)
                0x000000000800485e                OcclusionMonitor::poll()
 .text._ZN12InfusionMode13onCheckAlarmsEv
                0x00000000080048aa        0x2 app/libapp.a(InfusionMode.cpp.obj)
                0x00000000080048aa                InfusionMode::onCheckAlarms()
 .text._ZN12InfusionMode11advanceTimeEj
                0x00000000080048ac        0x2 app/libapp.a(InfusionMode.cpp.obj)
                0x00000000080048ac                InfusionMode::advanceTime(unsigned int)
 .text._ZN12InfusionMode4tickEv
                0x00000000080048ae       0x5a app/libapp.a(InfusionMode.cpp.obj)
                0x00000000080048ae                InfusionMode::tick()
 .text._ZN12InfusionMode10switchModeEPS_
                0x0000000008004908        0x6 app/libapp.a(InfusionMode.cpp.obj)
                0x0000000008004908                InfusionMode::switchMode(InfusionMode*)
 .text._ZNK12InfusionMode9isRunningEv
                0x000000000800490e        0x6 app/libapp.a(InfusionMode.cpp.obj)
                0x000000000800490e                InfusionMode::isRunning() const
 .text._ZN12InfusionMode11checkAlarmsEv
                0x0000000008004914       0x40 app/libapp.a(InfusionMode.cpp.obj)
                0x0000000008004914                InfusionMode::checkAlarms()
 .text._ZN12InfusionMode3runEv
                0x0000000008004954       0x2c app/libapp.a(InfusionMode.cpp.obj)
                0x0000000008004954                InfusionMode::run()
 .text._ZNK16ConstantRateMode7getRateEv
                0x0000000008004980        0x4 app/libapp.a(ConstantRateMode.cpp.obj)
                0x0000000008004980                ConstantRateMode::computeTargetRate()
                0x0000000008004980                ConstantRateMode::getRate() const
 .text._ZN16ConstantRateModeD2Ev
                0x0000000008004984        0x2 app/libapp.a(ConstantRateMode.cpp.obj)
                0x0000000008004984                ConstantRateMode::~ConstantRateMode()
                0x0000000008004984                ConstantRateMode::~ConstantRateMode()
 .text._ZN16ConstantRateModeD0Ev
                0x0000000008004986        0xe app/libapp.a(ConstantRateMode.cpp.obj)
                0x0000000008004986                ConstantRateMode::~ConstantRateMode()
 .text._ZN14LinearRampMode17computeTargetRateEv
                0x0000000008004994       0x4c app/libapp.a(LinearRampMode.cpp.obj)
                0x0000000008004994                LinearRampMode::computeTargetRate()
 .text._ZN14LinearRampMode11advanceTimeEj
                0x00000000080049e0       0x14 app/libapp.a(LinearRampMode.cpp.obj)
                0x00000000080049e0                LinearRampMode::advanceTime(unsigned int)
 .text._ZN14LinearRampModeD2Ev
                0x00000000080049f4        0x2 app/libapp.a(LinearRampMode.cpp.obj)
                0x00000000080049f4                LinearRampMode::~LinearRampMode()
                0x00000000080049f4                LinearRampMode::~LinearRampMode()
 .text._ZN14LinearRampModeD0Ev
                0x00000000080049f6        0xe app/libapp.a(LinearRampMode.cpp.obj)
                0x00000000080049f6                LinearRampMode::~LinearRampMode()
 .text.chunk_size
                0x0000000008004a04        0xa zephyr/libzephyr.a(heap.c.obj)
 .text.free_list_add
                0x0000000008004a0e       0x4e zephyr/libzephyr.a(heap.c.obj)
 .text.free_list_remove_bidx
                0x0000000008004a5c       0x3a zephyr/libzephyr.a(heap.c.obj)
 .text.free_list_remove
                0x0000000008004a96       0x1a zephyr/libzephyr.a(heap.c.obj)
 .text.merge_chunks
                0x0000000008004ab0       0x2c zephyr/libzephyr.a(heap.c.obj)
 .text.free_chunk
                0x0000000008004adc       0x62 zephyr/libzephyr.a(heap.c.obj)
 .text.sys_heap_free
                0x0000000008004b3e       0x1e zephyr/libzephyr.a(heap.c.obj)
                0x0000000008004b3e                sys_heap_free
 .text.sys_heap_init
                0x0000000008004b5c       0x7a zephyr/libzephyr.a(heap.c.obj)
                0x0000000008004b5c                sys_heap_init
 .text.arch_printk_char_out
                0x0000000008004bd6        0x4 zephyr/libzephyr.a(printk.c.obj)
                0x0000000008004bd6                arch_printk_char_out
 .text.printk   0x0000000008004bda       0x1a zephyr/libzephyr.a(printk.c.obj)
                0x0000000008004bda                printk
 .text._ConfigAbsSyms
                0x0000000008004bf4        0x2 zephyr/libzephyr.a(configs.c.obj)
                0x0000000008004bf4                _ConfigAbsSyms
 .text.z_arm_fatal_error
                0x0000000008004bf6        0xc zephyr/arch/arch/arm/core/libarch__arm__core.a(fatal.c.obj)
                0x0000000008004bf6                z_arm_fatal_error
 .text.z_do_kernel_oops
                0x0000000008004c02        0x8 zephyr/arch/arch/arm/core/libarch__arm__core.a(fatal.c.obj)
                0x0000000008004c02                z_do_kernel_oops
 .text.z_irq_spurious
                0x0000000008004c0a        0x8 zephyr/arch/arch/arm/core/cortex_m/libarch__arm__core__cortex_m.a(irq_manage.c.obj)
                0x0000000008004c0a                z_irq_spurious
 .text.arch_irq_unlock_outlined
                0x0000000008004c12        0xe zephyr/arch/arch/arm/core/cortex_m/libarch__arm__core__cortex_m.a(thread.c.obj)
                0x0000000008004c12                arch_irq_unlock_outlined
 .text.arch_cpu_idle
                0x0000000008004c20       0x1a zephyr/arch/arch/arm/core/cortex_m/libarch__arm__core__cortex_m.a(cpu_idle.c.obj)
                0x0000000008004c20                arch_cpu_idle
 .text.size_to_mpu_rasr_size
                0x0000000008004c3a       0x20 zephyr/arch/arch/arm/core/mpu/libarch__arm__core__mpu.a(arm_mpu.c.obj)
 .text.picolibc_put
                0x0000000008004c5a        0xa zephyr/lib/libc/picolibc/liblib__libc__picolibc.a(libc-hooks.c.obj)
 .text.stm32_gpio_intc_get_pin_irq_line
                0x0000000008004c64        0x6 zephyr/drivers/interrupt_controller/libdrivers__interrupt_controller.a(intc_exti_stm32.c.obj)
                0x0000000008004c64                stm32_gpio_intc_get_pin_irq_line
 .text.stm32_exti_set_line_src_port
                0x0000000008004c6a       0x36 zephyr/drivers/interrupt_controller/libdrivers__interrupt_controller.a(intc_exti_stm32.c.obj)
                0x0000000008004c6a                stm32_exti_set_line_src_port
 .text.stm32_clock_control_on
                0x0000000008004ca0       0x38 zephyr/drivers/clock_control/libdrivers__clock_control.a(clock_stm32_ll_common.c.obj)
 .text.stm32_clock_control_off
                0x0000000008004cd8       0x24 zephyr/drivers/clock_control/libdrivers__clock_control.a(clock_stm32_ll_common.c.obj)
 .text.enabled_clock
                0x0000000008004cfc       0x16 zephyr/drivers/clock_control/libdrivers__clock_control.a(clock_stm32_ll_common.c.obj)
                0x0000000008004cfc                enabled_clock
 .text.stm32_clock_control_configure
                0x0000000008004d12       0x50 zephyr/drivers/clock_control/libdrivers__clock_control.a(clock_stm32_ll_common.c.obj)
 .text.stm32_clock_control_get_status
                0x0000000008004d62       0x30 zephyr/drivers/clock_control/libdrivers__clock_control.a(clock_stm32_ll_common.c.obj)
 .text.config_regulator_voltage
                0x0000000008004d92        0x2 zephyr/drivers/clock_control/libdrivers__clock_control.a(clock_stm32_ll_common.c.obj)
                0x0000000008004d92                config_regulator_voltage
 .text.gpio_stm32_port_get_raw
                0x0000000008004d94        0xc zephyr/drivers/gpio/libdrivers__gpio.a(gpio_stm32.c.obj)
 .text.gpio_stm32_port_set_masked_raw
                0x0000000008004da0       0x12 zephyr/drivers/gpio/libdrivers__gpio.a(gpio_stm32.c.obj)
 .text.gpio_stm32_port_set_bits_raw
                0x0000000008004db2        0xa zephyr/drivers/gpio/libdrivers__gpio.a(gpio_stm32.c.obj)
 .text.gpio_stm32_port_clear_bits_raw
                0x0000000008004dbc        0xc zephyr/drivers/gpio/libdrivers__gpio.a(gpio_stm32.c.obj)
 .text.gpio_stm32_port_toggle_bits
                0x0000000008004dc8        0xe zephyr/drivers/gpio/libdrivers__gpio.a(gpio_stm32.c.obj)
 .text.gpio_stm32_manage_callback
                0x0000000008004dd6       0x52 zephyr/drivers/gpio/libdrivers__gpio.a(gpio_stm32.c.obj)
 .text.gpio_stm32_configure_raw.isra.0
                0x0000000008004e28      0x106 zephyr/drivers/gpio/libdrivers__gpio.a(gpio_stm32.c.obj)
 .text.gpio_stm32_config
                0x0000000008004f2e      0x124 zephyr/drivers/gpio/libdrivers__gpio.a(gpio_stm32.c.obj)
 .text.gpio_stm32_isr
                0x0000000008005052       0x2c zephyr/drivers/gpio/libdrivers__gpio.a(gpio_stm32.c.obj)
 .text.gpio_stm32_configure
                0x000000000800507e       0x30 zephyr/drivers/gpio/libdrivers__gpio.a(gpio_stm32.c.obj)
                0x000000000800507e                gpio_stm32_configure
 .text.stm32_i2c_disable_transfer_interrupts
                0x00000000080050ae       0x36 zephyr/drivers/i2c/libdrivers__i2c.a(i2c_ll_stm32_v1.c.obj)
 .text.stm32_i2c_reset
                0x00000000080050e4       0x5a zephyr/drivers/i2c/libdrivers__i2c.a(i2c_ll_stm32_v1.c.obj)
 .text.stm32_i2c_master_finish
                0x000000000800513e       0x1c zephyr/drivers/i2c/libdrivers__i2c.a(i2c_ll_stm32_v1.c.obj)
 .text.handle_txe
                0x000000000800515a       0x4a zephyr/drivers/i2c/libdrivers__i2c.a(i2c_ll_stm32_v1.c.obj)
 .text.msg_end.constprop.0
                0x00000000080051a4       0x42 zephyr/drivers/i2c/libdrivers__i2c.a(i2c_ll_stm32_v1.c.obj)
 .text.stm32_i2c_enable_transfer_interrupts.isra.0
                0x00000000080051e6       0x1c zephyr/drivers/i2c/libdrivers__i2c.a(i2c_ll_stm32_v1.c.obj)
 .text.msg_init.constprop.0
                0x0000000008005202       0x72 zephyr/drivers/i2c/libdrivers__i2c.a(i2c_ll_stm32_v1.c.obj)
 .text.handle_rxne
                0x0000000008005274       0x9c zephyr/drivers/i2c/libdrivers__i2c.a(i2c_ll_stm32_v1.c.obj)
 .text.stm32_i2c_event_isr
                0x0000000008005310      0x19c zephyr/drivers/i2c/libdrivers__i2c.a(i2c_ll_stm32_v1.c.obj)
                0x0000000008005310                stm32_i2c_event_isr
 .text.stm32_i2c_error_isr
                0x00000000080054ac       0x50 zephyr/drivers/i2c/libdrivers__i2c.a(i2c_ll_stm32_v1.c.obj)
                0x00000000080054ac                stm32_i2c_error_isr
 .text.stm32_i2c_transaction
                0x00000000080054fc       0x74 zephyr/drivers/i2c/libdrivers__i2c.a(i2c_ll_stm32_v1.c.obj)
                0x00000000080054fc                stm32_i2c_transaction
 .text.i2c_stm32_get_config
                0x0000000008005570       0x16 zephyr/drivers/i2c/libdrivers__i2c.a(i2c_ll_stm32.c.obj)
                0x0000000008005570                i2c_stm32_get_config
 .text.i2c_stm32_irq_config_func_0
                0x0000000008005586       0x26 zephyr/drivers/i2c/libdrivers__i2c.a(i2c_ll_stm32.c.obj)
 .text.i2c_stm32_irq_config_func_1
                0x00000000080055ac       0x26 zephyr/drivers/i2c/libdrivers__i2c.a(i2c_ll_stm32.c.obj)
 .text.i2c_stm32_irq_config_func_2
                0x00000000080055d2       0x26 zephyr/drivers/i2c/libdrivers__i2c.a(i2c_ll_stm32.c.obj)
 .text.i2c_stm32_transfer
                0x00000000080055f8       0x8e zephyr/drivers/i2c/libdrivers__i2c.a(i2c_ll_stm32.c.obj)
 .text.pinctrl_lookup_state
                0x0000000008005686       0x26 zephyr/drivers/pinctrl/libdrivers__pinctrl.a(common.c.obj)
                0x0000000008005686                pinctrl_lookup_state
 .text.LL_TIM_OC_SetCompareCH1
                0x00000000080056ac        0x4 zephyr/drivers/pwm/libdrivers__pwm.a(pwm_stm32.c.obj)
 .text.LL_TIM_OC_SetCompareCH2
                0x00000000080056b0        0x4 zephyr/drivers/pwm/libdrivers__pwm.a(pwm_stm32.c.obj)
 .text.LL_TIM_OC_SetCompareCH3
                0x00000000080056b4        0x4 zephyr/drivers/pwm/libdrivers__pwm.a(pwm_stm32.c.obj)
 .text.LL_TIM_OC_SetCompareCH4
                0x00000000080056b8        0x4 zephyr/drivers/pwm/libdrivers__pwm.a(pwm_stm32.c.obj)
 .text.pwm_stm32_get_cycles_per_sec
                0x00000000080056bc       0x16 zephyr/drivers/pwm/libdrivers__pwm.a(pwm_stm32.c.obj)
 .text.reset_stm32_status
                0x00000000080056d2       0x20 zephyr/drivers/reset/libdrivers__reset.a(reset_stm32.c.obj)
 .text.reset_stm32_line_assert
                0x00000000080056f2       0x1c zephyr/drivers/reset/libdrivers__reset.a(reset_stm32.c.obj)
 .text.reset_stm32_line_deassert
                0x000000000800570e       0x1e zephyr/drivers/reset/libdrivers__reset.a(reset_stm32.c.obj)
 .text.reset_stm32_line_toggle
                0x000000000800572c       0x16 zephyr/drivers/reset/libdrivers__reset.a(reset_stm32.c.obj)
 .text.i2c_write_read.constprop.0
                0x0000000008005742       0x38 zephyr/drivers/sensor/st/lps22hb/libdrivers__sensor__st__lps22hb.a(lps22hb.c.obj)
 .text.lps22hb_sample_fetch
                0x000000000800577a       0x4c zephyr/drivers/sensor/st/lps22hb/libdrivers__sensor__st__lps22hb.a(lps22hb.c.obj)
 .text.i2c_reg_update_byte.constprop.0
                0x00000000080057c6       0x6e zephyr/drivers/sensor/st/lps22hb/libdrivers__sensor__st__lps22hb.a(lps22hb.c.obj)
 .text.lps22hb_init
                0x0000000008005834       0x6c zephyr/drivers/sensor/st/lps22hb/libdrivers__sensor__st__lps22hb.a(lps22hb.c.obj)
 .text.qdec_stm32_fetch
                0x00000000080058a0       0x32 zephyr/drivers/sensor/st/qdec_stm32/libdrivers__sensor__st__qdec_stm32.a(qdec_stm32.c.obj)
 .text.qdec_stm32_get
                0x00000000080058d2       0x16 zephyr/drivers/sensor/st/qdec_stm32/libdrivers__sensor__st__qdec_stm32.a(qdec_stm32.c.obj)
 .text.LL_USART_ClearFlag_PE
                0x00000000080058e8       0x12 zephyr/drivers/serial/libdrivers__serial.a(uart_stm32.c.obj)
 .text.uart_stm32_err_check
                0x00000000080058fa       0x5e zephyr/drivers/serial/libdrivers__serial.a(uart_stm32.c.obj)
 .text.uart_stm32_set_baudrate
                0x0000000008005958       0x52 zephyr/drivers/serial/libdrivers__serial.a(uart_stm32.c.obj)
 .text.uart_stm32_poll_out
                0x00000000080059aa       0x36 zephyr/drivers/serial/libdrivers__serial.a(uart_stm32.c.obj)
 .text.uart_stm32_poll_in
                0x00000000080059e0       0x22 zephyr/drivers/serial/libdrivers__serial.a(uart_stm32.c.obj)
 .text.uart_stm32_config_get
                0x0000000008005a02       0x8e zephyr/drivers/serial/libdrivers__serial.a(uart_stm32.c.obj)
 .text.LL_RCC_GetSystemClocksFreq
                0x0000000008005a90       0x22 modules/hal_stm32/stm32cube/lib..__modules__hal__stm32__stm32cube.a(stm32f4xx_ll_rcc.c.obj)
                0x0000000008005a90                LL_RCC_GetSystemClocksFreq
 .text.LL_TIM_StructInit
                0x0000000008005ab2       0x12 modules/hal_stm32/stm32cube/lib..__modules__hal__stm32__stm32cube.a(stm32f4xx_ll_tim.c.obj)
                0x0000000008005ab2                LL_TIM_StructInit
 .text.LL_TIM_OC_StructInit
                0x0000000008005ac4       0x14 modules/hal_stm32/stm32cube/lib..__modules__hal__stm32__stm32cube.a(stm32f4xx_ll_tim.c.obj)
                0x0000000008005ac4                LL_TIM_OC_StructInit
 .text.LL_TIM_ENCODER_StructInit
                0x0000000008005ad8       0x1c modules/hal_stm32/stm32cube/lib..__modules__hal__stm32__stm32cube.a(stm32f4xx_ll_tim.c.obj)
                0x0000000008005ad8                LL_TIM_ENCODER_StructInit
 .text.LL_TIM_ENCODER_Init
                0x0000000008005af4       0x5a modules/hal_stm32/stm32cube/lib..__modules__hal__stm32__stm32cube.a(stm32f4xx_ll_tim.c.obj)
                0x0000000008005af4                LL_TIM_ENCODER_Init
 .text.z_impl_k_busy_wait
                0x0000000008005b4e       0x1c zephyr/kernel/libkernel.a(busy_wait.c.obj)
                0x0000000008005b4e                z_impl_k_busy_wait
 .text.z_device_state_init
                0x0000000008005b6a        0x2 zephyr/kernel/libkernel.a(device.c.obj)
                0x0000000008005b6a                z_device_state_init
 .text.z_impl_device_is_ready
                0x0000000008005b6c       0x16 zephyr/kernel/libkernel.a(device.c.obj)
                0x0000000008005b6c                z_impl_device_is_ready
 .text.arch_system_halt
                0x0000000008005b82       0x10 zephyr/kernel/libkernel.a(fatal.c.obj)
                0x0000000008005b82                arch_system_halt
 .text.k_sys_fatal_error_handler
                0x0000000008005b92        0x6 zephyr/kernel/libkernel.a(fatal.c.obj)
                0x0000000008005b92                k_sys_fatal_error_handler
 .text.do_device_init
                0x0000000008005b98       0x30 zephyr/kernel/libkernel.a(init.c.obj)
 .text.z_early_memset
                0x0000000008005bc8        0x4 zephyr/kernel/libkernel.a(init.c.obj)
                0x0000000008005bc8                z_early_memset
 .text.z_early_memcpy
                0x0000000008005bcc        0x4 zephyr/kernel/libkernel.a(init.c.obj)
                0x0000000008005bcc                z_early_memcpy
 .text.z_init_static
                0x0000000008005bd0        0xe zephyr/kernel/libkernel.a(init_static.c.obj)
                0x0000000008005bd0                z_init_static
 .text.idle     0x0000000008005bde       0x16 zephyr/kernel/libkernel.a(idle.c.obj)
                0x0000000008005bde                idle
 .text.adjust_owner_prio.isra.0
                0x0000000008005bf4       0x10 zephyr/kernel/libkernel.a(mutex.c.obj)
 .text.z_impl_k_sem_init
                0x0000000008005c04       0x18 zephyr/kernel/libkernel.a(sem.c.obj)
                0x0000000008005c04                z_impl_k_sem_init
 .text.z_impl_k_thread_start
                0x0000000008005c1c        0x4 zephyr/kernel/libkernel.a(thread.c.obj)
                0x0000000008005c1c                z_impl_k_thread_start
 .text.sys_dlist_remove
                0x0000000008005c20       0x10 zephyr/kernel/libkernel.a(sched.c.obj)
 .text.unpend_thread_no_timeout
                0x0000000008005c30       0x14 zephyr/kernel/libkernel.a(sched.c.obj)
 .text.add_to_waitq_locked
                0x0000000008005c44       0x50 zephyr/kernel/libkernel.a(sched.c.obj)
 .text.z_ready_thread
                0x0000000008005c94       0x1e zephyr/kernel/libkernel.a(sched.c.obj)
                0x0000000008005c94                z_ready_thread
 .text.z_impl_k_thread_suspend
                0x0000000008005cb2       0x32 zephyr/kernel/libkernel.a(sched.c.obj)
                0x0000000008005cb2                z_impl_k_thread_suspend
 .text.z_sched_wake_thread
                0x0000000008005ce4       0x42 zephyr/kernel/libkernel.a(sched.c.obj)
                0x0000000008005ce4                z_sched_wake_thread
 .text.z_thread_timeout
                0x0000000008005d26        0x8 zephyr/kernel/libkernel.a(sched.c.obj)
                0x0000000008005d26                z_thread_timeout
 .text.z_thread_abort
                0x0000000008005d2e       0x44 zephyr/kernel/libkernel.a(sched.c.obj)
                0x0000000008005d2e                z_thread_abort
 .text.z_abort_timeout
                0x0000000008005d72       0x2a zephyr/kernel/libkernel.a(timeout.c.obj)
                0x0000000008005d72                z_abort_timeout
 .text.sys_clock_tick_get_32
                0x0000000008005d9c        0x8 zephyr/kernel/libkernel.a(timeout.c.obj)
                0x0000000008005d9c                sys_clock_tick_get_32
 .text._ZdlPvj  0x0000000008005da4        0x4 /home/krishna-inc-5836/zephyr-sdk-0.17.0/arm-zephyr-eabi/bin/../lib/gcc/../../picolibc/arm-zephyr-eabi/lib/thumb/v7e-m/nofp/libstdc++.a(del_ops.o)
                0x0000000008005da4                operator delete(void*, unsigned int)
 .text._ZdlPv   0x0000000008005da8        0x4 /home/krishna-inc-5836/zephyr-sdk-0.17.0/arm-zephyr-eabi/bin/../lib/gcc/../../picolibc/arm-zephyr-eabi/lib/thumb/v7e-m/nofp/libstdc++.a(del_op.o)
                0x0000000008005da8                operator delete(void*)
 .text.memcpy   0x0000000008005dac       0x1c /home/krishna-inc-5836/zephyr-sdk-0.17.0/arm-zephyr-eabi/bin/../lib/gcc/../../picolibc/arm-zephyr-eabi/lib/thumb/v7e-m/nofp/libc.a(memcpy.c.o)
                0x0000000008005dac                memcpy
                0x0000000008005dac                __aeabi_memcpy
                0x0000000008005dac                __aeabi_memcpy4
                0x0000000008005dac                __aeabi_memcpy8
 .text.memset   0x0000000008005dc8       0x10 /home/krishna-inc-5836/zephyr-sdk-0.17.0/arm-zephyr-eabi/bin/../lib/gcc/../../picolibc/arm-zephyr-eabi/lib/thumb/v7e-m/nofp/libc.a(memset.c.o)
                0x0000000008005dc8                memset
 .text.strnlen  0x0000000008005dd8       0x18 /home/krishna-inc-5836/zephyr-sdk-0.17.0/arm-zephyr-eabi/bin/../lib/gcc/../../picolibc/arm-zephyr-eabi/lib/thumb/v7e-m/nofp/libc.a(libc_string_strnlen.c.o)
                0x0000000008005dd8                strnlen
 .text.__ultoa_invert
                0x0000000008005df0       0xae /home/krishna-inc-5836/zephyr-sdk-0.17.0/arm-zephyr-eabi/bin/../lib/gcc/../../picolibc/arm-zephyr-eabi/lib/thumb/v7e-m/nofp/libc.a(libc_tinystdio_vflprintf.c.o)
 *(SORT_BY_ALIGNMENT(.TEXT.*))
 *fill*         0x0000000008005e9e        0x2 
 .TEXT.__aeabi_read_tp
                0x0000000008005ea0        0xc zephyr/arch/arch/arm/core/cortex_m/libarch__arm__core__cortex_m.a(__aeabi_read_tp.S.obj)
                0x0000000008005ea0                __aeabi_read_tp
 *(SORT_BY_ALIGNMENT(.gnu.linkonce.t.*))
 *(SORT_BY_ALIGNMENT(.glue_7t))
 .glue_7t       0x0000000008005eac        0x0 linker stubs
 *(SORT_BY_ALIGNMENT(.glue_7))
 .glue_7        0x0000000008005eac        0x0 linker stubs
 *(SORT_BY_ALIGNMENT(.vfp11_veneer))
 .vfp11_veneer  0x0000000008005eac        0x0 linker stubs
 *(SORT_BY_ALIGNMENT(.v4_bx))
 .v4_bx         0x0000000008005eac        0x0 linker stubs
                0x0000000008005eac                . = ALIGN (0x4)
                0x0000000008005eac                __text_region_end = .

.ARM.extab
 *(SORT_BY_ALIGNMENT(.ARM.extab*) SORT_BY_ALIGNMENT(.gnu.linkonce.armextab.*))

.ARM.exidx      0x0000000008005eac        0x8
                0x0000000008005eac                __exidx_start = .
 *(SORT_BY_ALIGNMENT(.ARM.exidx*) SORT_BY_ALIGNMENT(gnu.linkonce.armexidx.*))
 .ARM.exidx     0x0000000008005eac        0x8 /home/krishna-inc-5836/zephyr-sdk-0.17.0/arm-zephyr-eabi/bin/../lib/gcc/arm-zephyr-eabi/12.2.0/thumb/v7e-m/nofp/libgcc.a(_udivmoddi4.o)
 .ARM.exidx.text._ZdlPvj
                0x0000000008005eb4        0x0 /home/krishna-inc-5836/zephyr-sdk-0.17.0/arm-zephyr-eabi/bin/../lib/gcc/../../picolibc/arm-zephyr-eabi/lib/thumb/v7e-m/nofp/libstdc++.a(del_ops.o)
                                          0x8 (size before relaxing)
 .ARM.exidx.text._ZdlPv
                0x0000000008005eb4        0x0 /home/krishna-inc-5836/zephyr-sdk-0.17.0/arm-zephyr-eabi/bin/../lib/gcc/../../picolibc/arm-zephyr-eabi/lib/thumb/v7e-m/nofp/libstdc++.a(del_op.o)
                                          0x8 (size before relaxing)
                0x0000000008005eb4                __exidx_end = .
                0x0000000008005eb4                __rodata_region_start = .

initlevel       0x0000000008005eb4       0xb8
                0x0000000008005eb4                __init_start = .
                0x0000000008005eb4                __init_EARLY_start = .
 *(SORT_BY_NAME(SORT_BY_ALIGNMENT(.z_init_EARLY?_*)))
 *(SORT_BY_NAME(SORT_BY_ALIGNMENT(.z_init_EARLY??_*)))
                0x0000000008005eb4                __init_PRE_KERNEL_1_start = .
 *(SORT_BY_NAME(SORT_BY_ALIGNMENT(.z_init_PRE_KERNEL_1?_*)))
 .z_init_PRE_KERNEL_11_00009_
                0x0000000008005eb4        0x8 zephyr/drivers/clock_control/libdrivers__clock_control.a(clock_stm32_ll_common.c.obj)
 .z_init_PRE_KERNEL_11_0_
                0x0000000008005ebc        0x8 zephyr/libzephyr.a(soc_config.c.obj)
 *(SORT_BY_NAME(SORT_BY_ALIGNMENT(.z_init_PRE_KERNEL_1??_*)))
 .z_init_PRE_KERNEL_135_00048_
                0x0000000008005ec4        0x8 zephyr/drivers/reset/libdrivers__reset.a(reset_stm32.c.obj)
 .z_init_PRE_KERNEL_140_00029_
                0x0000000008005ecc        0x8 zephyr/drivers/gpio/libdrivers__gpio.a(gpio_stm32.c.obj)
 .z_init_PRE_KERNEL_140_00040_
                0x0000000008005ed4        0x8 zephyr/drivers/gpio/libdrivers__gpio.a(gpio_stm32.c.obj)
 .z_init_PRE_KERNEL_140_00068_
                0x0000000008005edc        0x8 zephyr/drivers/interrupt_controller/libdrivers__interrupt_controller.a(intc_exti_stm32.c.obj)
 .z_init_PRE_KERNEL_140_00107_
                0x0000000008005ee4        0x8 zephyr/drivers/gpio/libdrivers__gpio.a(gpio_stm32.c.obj)
 .z_init_PRE_KERNEL_140_00108_
                0x0000000008005eec        0x8 zephyr/drivers/gpio/libdrivers__gpio.a(gpio_stm32.c.obj)
 .z_init_PRE_KERNEL_140_00109_
                0x0000000008005ef4        0x8 zephyr/drivers/gpio/libdrivers__gpio.a(gpio_stm32.c.obj)
 .z_init_PRE_KERNEL_140_00110_
                0x0000000008005efc        0x8 zephyr/drivers/gpio/libdrivers__gpio.a(gpio_stm32.c.obj)
 .z_init_PRE_KERNEL_140_00111_
                0x0000000008005f04        0x8 zephyr/drivers/gpio/libdrivers__gpio.a(gpio_stm32.c.obj)
 .z_init_PRE_KERNEL_140_00142_
                0x0000000008005f0c        0x8 zephyr/drivers/gpio/libdrivers__gpio.a(gpio_stm32.c.obj)
 .z_init_PRE_KERNEL_150_00073_
                0x0000000008005f14        0x8 zephyr/drivers/serial/libdrivers__serial.a(uart_stm32.c.obj)
 .z_init_PRE_KERNEL_150_00079_
                0x0000000008005f1c        0x8 zephyr/drivers/serial/libdrivers__serial.a(uart_stm32.c.obj)
 .z_init_PRE_KERNEL_160_0_
                0x0000000008005f24        0x8 zephyr/drivers/console/libdrivers__console.a(uart_console.c.obj)
                0x0000000008005f2c                __init_PRE_KERNEL_2_start = .
 *(SORT_BY_NAME(SORT_BY_ALIGNMENT(.z_init_PRE_KERNEL_2?_*)))
 .z_init_PRE_KERNEL_20_0_
                0x0000000008005f2c        0x8 zephyr/drivers/timer/libdrivers__timer.a(cortex_m_systick.c.obj)
 *(SORT_BY_NAME(SORT_BY_ALIGNMENT(.z_init_PRE_KERNEL_2??_*)))
                0x0000000008005f34                __init_POST_KERNEL_start = .
 *(SORT_BY_NAME(SORT_BY_ALIGNMENT(.z_init_POST_KERNEL?_*)))
 *(SORT_BY_NAME(SORT_BY_ALIGNMENT(.z_init_POST_KERNEL??_*)))
 .z_init_POST_KERNEL35_0_
                0x0000000008005f34        0x8 zephyr/lib/libc/common/liblib__libc__common.a(malloc.c.obj)
 .z_init_POST_KERNEL50_00016_
                0x0000000008005f3c        0x8 zephyr/drivers/i2c/libdrivers__i2c.a(i2c_ll_stm32.c.obj)
 .z_init_POST_KERNEL50_00020_
                0x0000000008005f44        0x8 zephyr/drivers/i2c/libdrivers__i2c.a(i2c_ll_stm32.c.obj)
 .z_init_POST_KERNEL50_00024_
                0x0000000008005f4c        0x8 zephyr/drivers/i2c/libdrivers__i2c.a(i2c_ll_stm32.c.obj)
 .z_init_POST_KERNEL50_00051_
                0x0000000008005f54        0x8 zephyr/drivers/pwm/libdrivers__pwm.a(pwm_stm32.c.obj)
 .z_init_POST_KERNEL90_00104_
                0x0000000008005f5c        0x8 zephyr/drivers/sensor/st/lps22hb/libdrivers__sensor__st__lps22hb.a(lps22hb.c.obj)
 .z_init_POST_KERNEL90_00117_
                0x0000000008005f64        0x8 zephyr/drivers/sensor/st/qdec_stm32/libdrivers__sensor__st__qdec_stm32.a(qdec_stm32.c.obj)
                0x0000000008005f6c                __init_APPLICATION_start = .
 *(SORT_BY_NAME(SORT_BY_ALIGNMENT(.z_init_APPLICATION?_*)))
 *(SORT_BY_NAME(SORT_BY_ALIGNMENT(.z_init_APPLICATION??_*)))
                0x0000000008005f6c                __init_SMP_start = .
 *(SORT_BY_NAME(SORT_BY_ALIGNMENT(.z_init_SMP?_*)))
 *(SORT_BY_NAME(SORT_BY_ALIGNMENT(.z_init_SMP??_*)))
                0x0000000008005f6c                __init_end = .
                0x0000000008005f6c                __deferred_init_list_start = .
 *(SORT_BY_ALIGNMENT(.z_deferred_init*))
                0x0000000008005f6c                __deferred_init_list_end = .

device_area     0x0000000008005f6c      0x17c
                0x0000000008005f6c                _device_list_start = .
 *(SORT_BY_NAME(SORT_BY_ALIGNMENT(._device.static.*_?_*)))
 ._device.static.1_1_
                0x0000000008005f6c       0x14 zephyr/drivers/clock_control/libdrivers__clock_control.a(clock_stm32_ll_common.c.obj)
                0x0000000008005f6c                __device_dts_ord_9
 *(SORT_BY_NAME(SORT_BY_ALIGNMENT(._device.static.*_??_*)))
 ._device.static.1_35_
                0x0000000008005f80       0x14 zephyr/drivers/reset/libdrivers__reset.a(reset_stm32.c.obj)
                0x0000000008005f80                __device_dts_ord_48
 ._device.static.1_40_
                0x0000000008005f94       0x14 zephyr/drivers/interrupt_controller/libdrivers__interrupt_controller.a(intc_exti_stm32.c.obj)
                0x0000000008005f94                __device_dts_ord_68
 ._device.static.1_40_
                0x0000000008005fa8       0xa0 zephyr/drivers/gpio/libdrivers__gpio.a(gpio_stm32.c.obj)
                0x0000000008005fa8                __device_dts_ord_111
                0x0000000008005fbc                __device_dts_ord_110
                0x0000000008005fd0                __device_dts_ord_109
                0x0000000008005fe4                __device_dts_ord_108
                0x0000000008005ff8                __device_dts_ord_107
                0x000000000800600c                __device_dts_ord_40
                0x0000000008006020                __device_dts_ord_142
                0x0000000008006034                __device_dts_ord_29
 ._device.static.1_50_
                0x0000000008006048       0x28 zephyr/drivers/serial/libdrivers__serial.a(uart_stm32.c.obj)
                0x0000000008006048                __device_dts_ord_73
                0x000000000800605c                __device_dts_ord_79
 ._device.static.3_50_
                0x0000000008006070       0x3c zephyr/drivers/i2c/libdrivers__i2c.a(i2c_ll_stm32.c.obj)
                0x0000000008006070                __device_dts_ord_24
                0x0000000008006084                __device_dts_ord_20
                0x0000000008006098                __device_dts_ord_16
 ._device.static.3_50_
                0x00000000080060ac       0x14 zephyr/drivers/pwm/libdrivers__pwm.a(pwm_stm32.c.obj)
                0x00000000080060ac                __device_dts_ord_51
 ._device.static.3_90_
                0x00000000080060c0       0x14 zephyr/drivers/sensor/st/lps22hb/libdrivers__sensor__st__lps22hb.a(lps22hb.c.obj)
                0x00000000080060c0                __device_dts_ord_104
 ._device.static.3_90_
                0x00000000080060d4       0x14 zephyr/drivers/sensor/st/qdec_stm32/libdrivers__sensor__st__qdec_stm32.a(qdec_stm32.c.obj)
                0x00000000080060d4                __device_dts_ord_117
                0x00000000080060e8                _device_list_end = .

sw_isr_table    0x00000000080060e8      0x308
                0x00000000080060e8                . = ALIGN (0x4)
 *(SORT_BY_ALIGNMENT(.gnu.linkonce.sw_isr_table*))
 .gnu.linkonce.sw_isr_table
                0x00000000080060e8      0x308 zephyr/CMakeFiles/zephyr_final.dir/isr_tables.c.obj
                0x00000000080060e8                _sw_isr_table

initlevel_error
                0x0000000008005eb4        0x0
 *(SORT_BY_NAME(SORT_BY_ALIGNMENT(.z_init_[_A-Z0-9]*)))
                0x0000000000000001                ASSERT ((SIZEOF (initlevel_error) == 0x0), Undefined initialization levels used.)

app_shmem_regions
                0x00000000080063f0        0x0
                0x00000000080063f0                __app_shmem_regions_start = .
 *(SORT_BY_NAME(SORT_BY_ALIGNMENT(.app_regions.*)))
                0x00000000080063f0                __app_shmem_regions_end = .

k_p4wq_initparam_area
                0x00000000080063f0        0x0
                0x00000000080063f0                _k_p4wq_initparam_list_start = .
 *(SORT_BY_NAME(SORT_BY_ALIGNMENT(._k_p4wq_initparam.static.*)))
                0x00000000080063f0                _k_p4wq_initparam_list_end = .

_static_thread_data_area
                0x00000000080063f0        0x0
                0x00000000080063f0                __static_thread_data_list_start = .
 *(SORT_BY_NAME(SORT_BY_ALIGNMENT(.__static_thread_data.static.*)))
                0x00000000080063f0                __static_thread_data_list_end = .

device_deps     0x00000000080063f0        0x0
                0x00000000080063f0                __device_deps_start = .
 *(SORT_BY_NAME(SORT_BY_ALIGNMENT(.__device_deps_pass2*)))
                0x00000000080063f0                __device_deps_end = .

ztest           0x00000000080063f0        0x0
                0x00000000080063f0                _ztest_expected_result_entry_list_start = .
 *(SORT_BY_NAME(SORT_BY_ALIGNMENT(._ztest_expected_result_entry.static.*)))
                0x00000000080063f0                _ztest_expected_result_entry_list_end = .
                0x00000000080063f0                _ztest_suite_node_list_start = .
 *(SORT_BY_NAME(SORT_BY_ALIGNMENT(._ztest_suite_node.static.*)))
                0x00000000080063f0                _ztest_suite_node_list_end = .
                0x00000000080063f0                _ztest_unit_test_list_start = .
 *(SORT_BY_NAME(SORT_BY_ALIGNMENT(._ztest_unit_test.static.*)))
                0x00000000080063f0                _ztest_unit_test_list_end = .
                0x00000000080063f0                _ztest_test_rule_list_start = .
 *(SORT_BY_NAME(SORT_BY_ALIGNMENT(._ztest_test_rule.static.*)))
                0x00000000080063f0                _ztest_test_rule_list_end = .

ctors           0x00000000080063f0        0xc
                0x00000000080063f0                . = ALIGN (0x4)
                0x00000000080063f0                __ZEPHYR_CTOR_LIST__ = .
                0x00000000080063f0        0x4 LONG 0x0 (((__ZEPHYR_CTOR_END__ - __ZEPHYR_CTOR_LIST__) / 0x4) - 0x2)
 *(SORT_BY_NAME(SORT_BY_ALIGNMENT(.ctors*)))
                0x00000000080063f4                __CTOR_LIST__ = .
                0x00000000080063f4        0x4 LONG 0x0
                0x00000000080063f8                __ZEPHYR_CTOR_END__ = .
                0x00000000080063f8        0x4 LONG 0x0
                0x00000000080063fc                __CTOR_END__ = .

init_array      0x00000000080063fc        0x0
                0x00000000080063fc                . = ALIGN (0x4)
                0x00000000080063fc                __init_array_start = .
                0x00000000080063fc                __init_array_end = .
                0x00000000080063fc                __zephyr_init_array_start = .
 *(SORT_BY_NAME(SORT_BY_ALIGNMENT(.init_array*)))
                0x00000000080063fc                __zephyr_init_array_end = .

bt_l2cap_fixed_chan_area
                0x00000000080063fc        0x0
                0x00000000080063fc                _bt_l2cap_fixed_chan_list_start = .
 *(SORT_BY_NAME(SORT_BY_ALIGNMENT(._bt_l2cap_fixed_chan.static.*)))
                0x00000000080063fc                _bt_l2cap_fixed_chan_list_end = .

bt_gatt_service_static_area
                0x00000000080063fc        0x0
                0x00000000080063fc                _bt_gatt_service_static_list_start = .
 *(SORT_BY_NAME(SORT_BY_ALIGNMENT(._bt_gatt_service_static.static.*)))
                0x00000000080063fc                _bt_gatt_service_static_list_end = .

log_strings_area
                0x00000000080063fc        0x0
                0x00000000080063fc                _log_strings_list_start = .
 *(SORT_BY_NAME(SORT_BY_ALIGNMENT(._log_strings.static.*)))
                0x00000000080063fc                _log_strings_list_end = .

log_const_area  0x00000000080063fc        0x0
                0x00000000080063fc                _log_const_list_start = .
 *(SORT_BY_NAME(SORT_BY_ALIGNMENT(._log_const.static.*)))
                0x00000000080063fc                _log_const_list_end = .

log_backend_area
                0x00000000080063fc        0x0
                0x00000000080063fc                _log_backend_list_start = .
 *(SORT_BY_NAME(SORT_BY_ALIGNMENT(._log_backend.static.*)))
                0x00000000080063fc                _log_backend_list_end = .

log_link_area   0x00000000080063fc        0x0
                0x00000000080063fc                _log_link_list_start = .
 *(SORT_BY_NAME(SORT_BY_ALIGNMENT(._log_link.static.*)))
                0x00000000080063fc                _log_link_list_end = .

tracing_backend_area
                0x00000000080063fc        0x0
                0x00000000080063fc                _tracing_backend_list_start = .
 *(SORT_BY_NAME(SORT_BY_ALIGNMENT(._tracing_backend.static.*)))
                0x00000000080063fc                _tracing_backend_list_end = .

zephyr_dbg_info
 *(SORT_BY_ALIGNMENT(.dbg_thread_info))

intc_table_area
                0x00000000080063fc        0x0
                0x00000000080063fc                _intc_table_list_start = .
 *(SORT_BY_NAME(SORT_BY_ALIGNMENT(._intc_table.static.*)))
                0x00000000080063fc                _intc_table_list_end = .

symbol_to_keep  0x00000000080063fc        0x0
                0x00000000080063fc                __symbol_to_keep_start = .
 *(SORT_BY_NAME(SORT_BY_ALIGNMENT(.symbol_to_keep*)))
                0x00000000080063fc                __symbol_to_keep_end = .

shell_area      0x00000000080063fc        0x0
                0x00000000080063fc                _shell_list_start = .
 *(SORT_BY_NAME(SORT_BY_ALIGNMENT(._shell.static.*)))
                0x00000000080063fc                _shell_list_end = .

shell_root_cmds_area
                0x00000000080063fc        0x0
                0x00000000080063fc                _shell_root_cmds_list_start = .
 *(SORT_BY_NAME(SORT_BY_ALIGNMENT(._shell_root_cmds.static.*)))
                0x00000000080063fc                _shell_root_cmds_list_end = .

shell_subcmds_area
                0x00000000080063fc        0x0
                0x00000000080063fc                _shell_subcmds_list_start = .
 *(SORT_BY_NAME(SORT_BY_ALIGNMENT(._shell_subcmds.static.*)))
                0x00000000080063fc                _shell_subcmds_list_end = .

shell_dynamic_subcmds_area
                0x00000000080063fc        0x0
                0x00000000080063fc                _shell_dynamic_subcmds_list_start = .
 *(SORT_BY_NAME(SORT_BY_ALIGNMENT(._shell_dynamic_subcmds.static.*)))
                0x00000000080063fc                _shell_dynamic_subcmds_list_end = .

cfb_font_area   0x00000000080063fc        0x0
                0x00000000080063fc                _cfb_font_list_start = .
 *(SORT_BY_NAME(SORT_BY_ALIGNMENT(._cfb_font.static.*)))
                0x00000000080063fc                _cfb_font_list_end = .

tdata           0x00000000080063fc        0x0
 *(SORT_BY_ALIGNMENT(.tdata) SORT_BY_ALIGNMENT(.tdata.*) SORT_BY_ALIGNMENT(.gnu.linkonce.td.*))

tbss            0x00000000080063fc        0x4
 *(SORT_BY_ALIGNMENT(.tbss) SORT_BY_ALIGNMENT(.tbss.*) SORT_BY_ALIGNMENT(.gnu.linkonce.tb.*) SORT_BY_ALIGNMENT(.tcommon))
 .tbss.z_tls_current
                0x00000000080063fc        0x4 zephyr/libzephyr.a(thread_entry.c.obj)
                0x00000000080063fc                z_tls_current
                0x00000000080063fc                PROVIDE (__tdata_start = LOADADDR (tdata))
                0x0000000000000001                PROVIDE (__tdata_align = ALIGNOF (tdata))
                0x0000000000000000                PROVIDE (__tdata_size = (((SIZEOF (tdata) + __tdata_align) - 0x1) & ~ ((__tdata_align - 0x1))))
                [!provide]                        PROVIDE (__tdata_end = (__tdata_start + __tdata_size))
                0x0000000000000004                PROVIDE (__tbss_align = ALIGNOF (tbss))
                [!provide]                        PROVIDE (__tbss_start = ADDR (tbss))
                0x0000000000000004                PROVIDE (__tbss_size = (((SIZEOF (tbss) + __tbss_align) - 0x1) & ~ ((__tbss_align - 0x1))))
                [!provide]                        PROVIDE (__tbss_end = (__tbss_start + __tbss_size))
                [!provide]                        PROVIDE (__tls_start = __tdata_start)
                [!provide]                        PROVIDE (__tls_end = __tbss_end)
                [!provide]                        PROVIDE (__tls_size = (__tbss_end - __tdata_start))

rodata          0x00000000080063fc      0x7ec
 *(SORT_BY_ALIGNMENT(.rodata))
 .rodata        0x00000000080063fc        0x8 zephyr/drivers/interrupt_controller/libdrivers__interrupt_controller.a(intc_exti_stm32.c.obj)
 *(SORT_BY_ALIGNMENT(.rodata.*))
 .rodata.CSWTCH.131
                0x0000000008006404        0xc app/libapp.a(main.cpp.obj)
 .rodata._ZTV19ZephyrStepperDriver
                0x0000000008006410       0x28 app/libapp.a(main.cpp.obj)
                0x0000000008006410                vtable for ZephyrStepperDriver
 .rodata._ZTV19ZephyrEncoderDriver
                0x0000000008006438       0x1c app/libapp.a(main.cpp.obj)
                0x0000000008006438                vtable for ZephyrEncoderDriver
 .rodata._ZTV20ZephyrPressureSensor
                0x0000000008006454       0x18 app/libapp.a(main.cpp.obj)
                0x0000000008006454                vtable for ZephyrPressureSensor
 .rodata._ZTV17UartAlarmObserver
                0x000000000800646c       0x18 app/libapp.a(main.cpp.obj)
                0x000000000800646c                vtable for UartAlarmObserver
 .rodata._ZTV16LedAlarmObserver
                0x0000000008006484       0x18 app/libapp.a(main.cpp.obj)
                0x0000000008006484                vtable for LedAlarmObserver
 .rodata._ZZ4mainE8led_spec
                0x000000000800649c        0x8 app/libapp.a(main.cpp.obj)
 .rodata._ZZ4mainE7en_spec
                0x00000000080064a4        0x8 app/libapp.a(main.cpp.obj)
 .rodata._ZZ4mainE8dir_spec
                0x00000000080064ac        0x8 app/libapp.a(main.cpp.obj)
 .rodata._ZZ4mainE9step_spec
                0x00000000080064b4        0x8 app/libapp.a(main.cpp.obj)
 .rodata._ZTV12InfusionMode
                0x00000000080064bc       0x1c app/libapp.a(InfusionMode.cpp.obj)
                0x00000000080064bc                vtable for InfusionMode
 .rodata._ZTV16ConstantRateMode
                0x00000000080064d8       0x1c app/libapp.a(ConstantRateMode.cpp.obj)
                0x00000000080064d8                vtable for ConstantRateMode
 .rodata._ZTV14LinearRampMode
                0x00000000080064f4       0x1c app/libapp.a(LinearRampMode.cpp.obj)
                0x00000000080064f4                vtable for LinearRampMode
 .rodata.mem_attr_region
                0x0000000008006510        0x0 zephyr/libzephyr.a(mem_attr.c.obj)
 .rodata.static_regions
                0x0000000008006510        0xc zephyr/arch/arch/arm/core/mpu/libarch__arm__core__mpu.a(arm_core_mpu.c.obj)
 .rodata.mpu_config
                0x000000000800651c        0x8 zephyr/arch/arch/arm/core/mpu/libarch__arm__core__mpu.a(arm_mpu_regions.c.obj)
                0x000000000800651c                mpu_config
 .rodata.mpu_regions
                0x0000000008006524       0x18 zephyr/arch/arch/arm/core/mpu/libarch__arm__core__mpu.a(arm_mpu_regions.c.obj)
 .rodata.stm32_clock_control_api
                0x000000000800653c       0x1c zephyr/drivers/clock_control/libdrivers__clock_control.a(clock_stm32_ll_common.c.obj)
 .rodata.gpio_stm32_cfg_h
                0x0000000008006558       0x14 zephyr/drivers/gpio/libdrivers__gpio.a(gpio_stm32.c.obj)
 .rodata.gpio_stm32_cfg_g
                0x000000000800656c       0x14 zephyr/drivers/gpio/libdrivers__gpio.a(gpio_stm32.c.obj)
 .rodata.gpio_stm32_cfg_f
                0x0000000008006580       0x14 zephyr/drivers/gpio/libdrivers__gpio.a(gpio_stm32.c.obj)
 .rodata.gpio_stm32_cfg_e
                0x0000000008006594       0x14 zephyr/drivers/gpio/libdrivers__gpio.a(gpio_stm32.c.obj)
 .rodata.gpio_stm32_cfg_d
                0x00000000080065a8       0x14 zephyr/drivers/gpio/libdrivers__gpio.a(gpio_stm32.c.obj)
 .rodata.gpio_stm32_cfg_c
                0x00000000080065bc       0x14 zephyr/drivers/gpio/libdrivers__gpio.a(gpio_stm32.c.obj)
 .rodata.gpio_stm32_cfg_b
                0x00000000080065d0       0x14 zephyr/drivers/gpio/libdrivers__gpio.a(gpio_stm32.c.obj)
 .rodata.gpio_stm32_cfg_a
                0x00000000080065e4       0x14 zephyr/drivers/gpio/libdrivers__gpio.a(gpio_stm32.c.obj)
 .rodata.gpio_stm32_driver
                0x00000000080065f8       0x24 zephyr/drivers/gpio/libdrivers__gpio.a(gpio_stm32.c.obj)
 .rodata.i2c_stm32_cfg_2
                0x000000000800661c       0x18 zephyr/drivers/i2c/libdrivers__i2c.a(i2c_ll_stm32.c.obj)
 .rodata.pclken_2
                0x0000000008006634        0x8 zephyr/drivers/i2c/libdrivers__i2c.a(i2c_ll_stm32.c.obj)
 .rodata.__pinctrl_dev_config__device_dts_ord_24
                0x000000000800663c        0x8 zephyr/drivers/i2c/libdrivers__i2c.a(i2c_ll_stm32.c.obj)
 .rodata.__pinctrl_states__device_dts_ord_24
                0x0000000008006644        0x8 zephyr/drivers/i2c/libdrivers__i2c.a(i2c_ll_stm32.c.obj)
 .rodata.__pinctrl_state_pins_0__device_dts_ord_24
                0x000000000800664c       0x10 zephyr/drivers/i2c/libdrivers__i2c.a(i2c_ll_stm32.c.obj)
 .rodata.i2c_stm32_cfg_1
                0x000000000800665c       0x18 zephyr/drivers/i2c/libdrivers__i2c.a(i2c_ll_stm32.c.obj)
 .rodata.pclken_1
                0x0000000008006674        0x8 zephyr/drivers/i2c/libdrivers__i2c.a(i2c_ll_stm32.c.obj)
 .rodata.__pinctrl_dev_config__device_dts_ord_20
                0x000000000800667c        0x8 zephyr/drivers/i2c/libdrivers__i2c.a(i2c_ll_stm32.c.obj)
 .rodata.__pinctrl_states__device_dts_ord_20
                0x0000000008006684        0x8 zephyr/drivers/i2c/libdrivers__i2c.a(i2c_ll_stm32.c.obj)
 .rodata.__pinctrl_state_pins_0__device_dts_ord_20
                0x000000000800668c       0x10 zephyr/drivers/i2c/libdrivers__i2c.a(i2c_ll_stm32.c.obj)
 .rodata.i2c_stm32_cfg_0
                0x000000000800669c       0x18 zephyr/drivers/i2c/libdrivers__i2c.a(i2c_ll_stm32.c.obj)
 .rodata.pclken_0
                0x00000000080066b4        0x8 zephyr/drivers/i2c/libdrivers__i2c.a(i2c_ll_stm32.c.obj)
 .rodata.__pinctrl_dev_config__device_dts_ord_16
                0x00000000080066bc        0x8 zephyr/drivers/i2c/libdrivers__i2c.a(i2c_ll_stm32.c.obj)
 .rodata.__pinctrl_states__device_dts_ord_16
                0x00000000080066c4        0x8 zephyr/drivers/i2c/libdrivers__i2c.a(i2c_ll_stm32.c.obj)
 .rodata.__pinctrl_state_pins_0__device_dts_ord_16
                0x00000000080066cc       0x10 zephyr/drivers/i2c/libdrivers__i2c.a(i2c_ll_stm32.c.obj)
 .rodata.api_funcs
                0x00000000080066dc       0x18 zephyr/drivers/i2c/libdrivers__i2c.a(i2c_ll_stm32.c.obj)
 .rodata.gpio_ports
                0x00000000080066f4       0x40 zephyr/drivers/pinctrl/libdrivers__pinctrl.a(pinctrl_stm32.c.obj)
 .rodata.pwm_stm32_config_0
                0x0000000008006734       0x18 zephyr/drivers/pwm/libdrivers__pwm.a(pwm_stm32.c.obj)
 .rodata.__pinctrl_dev_config__device_dts_ord_51
                0x000000000800674c        0x8 zephyr/drivers/pwm/libdrivers__pwm.a(pwm_stm32.c.obj)
 .rodata.__pinctrl_states__device_dts_ord_51
                0x0000000008006754        0x8 zephyr/drivers/pwm/libdrivers__pwm.a(pwm_stm32.c.obj)
 .rodata.__pinctrl_state_pins_0__device_dts_ord_51
                0x000000000800675c        0x8 zephyr/drivers/pwm/libdrivers__pwm.a(pwm_stm32.c.obj)
 .rodata.pwm_stm32_driver_api
                0x0000000008006764        0x8 zephyr/drivers/pwm/libdrivers__pwm.a(pwm_stm32.c.obj)
 .rodata.set_timer_compare
                0x000000000800676c       0x10 zephyr/drivers/pwm/libdrivers__pwm.a(pwm_stm32.c.obj)
 .rodata.ch2ll_n
                0x000000000800677c        0xc zephyr/drivers/pwm/libdrivers__pwm.a(pwm_stm32.c.obj)
 .rodata.ch2ll  0x0000000008006788       0x10 zephyr/drivers/pwm/libdrivers__pwm.a(pwm_stm32.c.obj)
 .rodata.reset_stm32_config
                0x0000000008006798        0x4 zephyr/drivers/reset/libdrivers__reset.a(reset_stm32.c.obj)
 .rodata.reset_stm32_driver_api
                0x000000000800679c       0x10 zephyr/drivers/reset/libdrivers__reset.a(reset_stm32.c.obj)
 .rodata.lps22hb_config_0
                0x00000000080067ac        0x8 zephyr/drivers/sensor/st/lps22hb/libdrivers__sensor__st__lps22hb.a(lps22hb.c.obj)
 .rodata.lps22hb_api_funcs
                0x00000000080067b4       0x1c zephyr/drivers/sensor/st/lps22hb/libdrivers__sensor__st__lps22hb.a(lps22hb.c.obj)
 .rodata.qdec0_stm32_config
                0x00000000080067d0       0x1c zephyr/drivers/sensor/st/qdec_stm32/libdrivers__sensor__st__qdec_stm32.a(qdec_stm32.c.obj)
 .rodata.__pinctrl_dev_config__device_dts_ord_117
                0x00000000080067ec        0x8 zephyr/drivers/sensor/st/qdec_stm32/libdrivers__sensor__st__qdec_stm32.a(qdec_stm32.c.obj)
 .rodata.__pinctrl_states__device_dts_ord_117
                0x00000000080067f4        0x8 zephyr/drivers/sensor/st/qdec_stm32/libdrivers__sensor__st__qdec_stm32.a(qdec_stm32.c.obj)
 .rodata.__pinctrl_state_pins_0__device_dts_ord_117